Archive member included to satisfy reference by file (symbol)

/usr/lib/gcc/arm-none-eabi/10.3.1/thumb/v6-m/nofp/libgcc.a(_dvmd_tls.o)
                              CMakeFiles/main.dir/home/ryan/pico/pico-sdk/src/rp2_common/pico_divider/divider_hardware.S.obj (__aeabi_idiv0)
/usr/lib/gcc/arm-none-eabi/10.3.1/../../../arm-none-eabi/lib/thumb/v6-m/nofp/libg.a(lib_a-atexit.o)
                              /usr/lib/gcc/arm-none-eabi/10.3.1/../../../arm-none-eabi/lib/thumb/v6-m/nofp/crt0.o (atexit)
/usr/lib/gcc/arm-none-eabi/10.3.1/../../../arm-none-eabi/lib/thumb/v6-m/nofp/libg.a(lib_a-calloc.o)
                              CMakeFiles/main.dir/home/ryan/pico/pico-sdk/src/rp2_common/pico_malloc/malloc.c.obj (calloc)
/usr/lib/gcc/arm-none-eabi/10.3.1/../../../arm-none-eabi/lib/thumb/v6-m/nofp/libg.a(lib_a-callocr.o)
                              /usr/lib/gcc/arm-none-eabi/10.3.1/../../../arm-none-eabi/lib/thumb/v6-m/nofp/libg.a(lib_a-calloc.o) (_calloc_r)
/usr/lib/gcc/arm-none-eabi/10.3.1/../../../arm-none-eabi/lib/thumb/v6-m/nofp/libg.a(lib_a-fini.o)
                              /usr/lib/gcc/arm-none-eabi/10.3.1/../../../arm-none-eabi/lib/thumb/v6-m/nofp/crt0.o (__libc_fini_array)
/usr/lib/gcc/arm-none-eabi/10.3.1/../../../arm-none-eabi/lib/thumb/v6-m/nofp/libg.a(lib_a-impure.o)
                              /usr/lib/gcc/arm-none-eabi/10.3.1/../../../arm-none-eabi/lib/thumb/v6-m/nofp/libg.a(lib_a-calloc.o) (_impure_ptr)
/usr/lib/gcc/arm-none-eabi/10.3.1/../../../arm-none-eabi/lib/thumb/v6-m/nofp/libg.a(lib_a-init.o)
                              /usr/lib/gcc/arm-none-eabi/10.3.1/../../../arm-none-eabi/lib/thumb/v6-m/nofp/crt0.o (__libc_init_array)
/usr/lib/gcc/arm-none-eabi/10.3.1/../../../arm-none-eabi/lib/thumb/v6-m/nofp/libg.a(lib_a-lcltime_r.o)
                              CMakeFiles/main.dir/home/ryan/pico/pico-sdk/src/common/pico_util/datetime.c.obj (localtime_r)
/usr/lib/gcc/arm-none-eabi/10.3.1/../../../arm-none-eabi/lib/thumb/v6-m/nofp/libg.a(lib_a-malloc.o)
                              CMakeFiles/main.dir/home/ryan/pico/pico-sdk/src/rp2_common/pico_malloc/malloc.c.obj (malloc)
/usr/lib/gcc/arm-none-eabi/10.3.1/../../../arm-none-eabi/lib/thumb/v6-m/nofp/libg.a(lib_a-mallocr.o)
                              /usr/lib/gcc/arm-none-eabi/10.3.1/../../../arm-none-eabi/lib/thumb/v6-m/nofp/libg.a(lib_a-callocr.o) (_malloc_r)
/usr/lib/gcc/arm-none-eabi/10.3.1/../../../arm-none-eabi/lib/thumb/v6-m/nofp/libg.a(lib_a-memcmp.o)
                              CMakeFiles/main.dir/home/ryan/pico/pico-sdk/src/rp2_common/pico_atomic/atomic.c.obj (memcmp)
/usr/lib/gcc/arm-none-eabi/10.3.1/../../../arm-none-eabi/lib/thumb/v6-m/nofp/libg.a(lib_a-mktime.o)
                              CMakeFiles/main.dir/home/ryan/pico/pico-sdk/src/common/pico_util/datetime.c.obj (mktime)
/usr/lib/gcc/arm-none-eabi/10.3.1/../../../arm-none-eabi/lib/thumb/v6-m/nofp/libg.a(lib_a-mlock.o)
                              /usr/lib/gcc/arm-none-eabi/10.3.1/../../../arm-none-eabi/lib/thumb/v6-m/nofp/libg.a(lib_a-mallocr.o) (__malloc_lock)
/usr/lib/gcc/arm-none-eabi/10.3.1/../../../arm-none-eabi/lib/thumb/v6-m/nofp/libg.a(lib_a-month_lengths.o)
                              /usr/lib/gcc/arm-none-eabi/10.3.1/../../../arm-none-eabi/lib/thumb/v6-m/nofp/libg.a(lib_a-lcltime_r.o) (__month_lengths)
/usr/lib/gcc/arm-none-eabi/10.3.1/../../../arm-none-eabi/lib/thumb/v6-m/nofp/libg.a(lib_a-realloc.o)
                              CMakeFiles/main.dir/home/ryan/pico/pico-sdk/src/rp2_common/pico_malloc/malloc.c.obj (realloc)
/usr/lib/gcc/arm-none-eabi/10.3.1/../../../arm-none-eabi/lib/thumb/v6-m/nofp/libg.a(lib_a-reallocr.o)
                              /usr/lib/gcc/arm-none-eabi/10.3.1/../../../arm-none-eabi/lib/thumb/v6-m/nofp/libg.a(lib_a-realloc.o) (_realloc_r)
/usr/lib/gcc/arm-none-eabi/10.3.1/../../../arm-none-eabi/lib/thumb/v6-m/nofp/libg.a(lib_a-sbrkr.o)
                              /usr/lib/gcc/arm-none-eabi/10.3.1/../../../arm-none-eabi/lib/thumb/v6-m/nofp/libg.a(lib_a-mallocr.o) (_sbrk_r)
/usr/lib/gcc/arm-none-eabi/10.3.1/../../../arm-none-eabi/lib/thumb/v6-m/nofp/libg.a(lib_a-strlen-stub.o)
                              CMakeFiles/main.dir/home/ryan/pico/pico-sdk/src/rp2_common/pico_stdio/stdio.c.obj (strlen)
/usr/lib/gcc/arm-none-eabi/10.3.1/../../../arm-none-eabi/lib/thumb/v6-m/nofp/libg.a(lib_a-tzcalc_limits.o)
                              /usr/lib/gcc/arm-none-eabi/10.3.1/../../../arm-none-eabi/lib/thumb/v6-m/nofp/libg.a(lib_a-lcltime_r.o) (__tzcalc_limits)
/usr/lib/gcc/arm-none-eabi/10.3.1/../../../arm-none-eabi/lib/thumb/v6-m/nofp/libg.a(lib_a-tzlock.o)
                              /usr/lib/gcc/arm-none-eabi/10.3.1/../../../arm-none-eabi/lib/thumb/v6-m/nofp/libg.a(lib_a-lcltime_r.o) (__tz_lock)
/usr/lib/gcc/arm-none-eabi/10.3.1/../../../arm-none-eabi/lib/thumb/v6-m/nofp/libg.a(lib_a-tzset.o)
[...]
Memory Configuration

Name             Origin             Length             Attributes
FLASH            0x0000000010000000 0x0000000000200000 xr
RAM              0x0000000020000000 0x0000000000040000 xrw
SCRATCH_X        0x0000000020040000 0x0000000000001000 xrw
SCRATCH_Y        0x0000000020041000 0x0000000000001000 xrw
*default*        0x0000000000000000 0xffffffffffffffff

Linker script and memory map

LOAD /usr/lib/gcc/arm-none-eabi/10.3.1/thumb/v6-m/nofp/crti.o
LOAD /usr/lib/gcc/arm-none-eabi/10.3.1/thumb/v6-m/nofp/crtbegin.o
LOAD /usr/lib/gcc/arm-none-eabi/10.3.1/../../../arm-none-eabi/lib/thumb/v6-m/nofp/crt0.o

.flash_begin    0x0000000010000000        0x0
                0x0000000010000000                __flash_binary_start = .

.boot2          0x0000000010000000      0x100
                0x0000000010000000                __boot2_start__ = .
 *(.boot2)
 .boot2         0x0000000010000000      0x100 /tmp/ccfcBFvM.o
                0x0000000010000100                __boot2_end__ = .
                0x0000000000000001                ASSERT (((__boot2_end__ - __boot2_start__) == 0x100), ERROR: Pico second stage bootloader must be 256 bytes in size)

.text           0x0000000010000100     0x73d4
                0x0000000010000100                __logical_binary_start = .
 *(.vectors)
 .vectors       0x0000000010000100       0xd4 CMakeFiles/main.dir/home/ryan/pico/pico-sdk/src/rp2_common/pico_crt0/crt0.S.obj
                0x0000000010000100                __vectors
                0x0000000010000100                __VECTOR_TABLE
                0x00000000100001c0                isr_invalid
                0x00000000100001c0                __default_isrs_start
                0x00000000100001c2                isr_nmi
                0x00000000100001c4                isr_hardfault
                0x00000000100001c6                isr_svcall
                0x00000000100001c8                isr_pendsv
                0x00000000100001ca                isr_systick
                0x00000000100001cc                isr_irq30
                0x00000000100001cc                __unhandled_user_irq
                0x00000000100001cc                isr_irq13
                0x00000000100001cc                isr_irq27
                0x00000000100001cc                isr_irq31
                0x00000000100001cc                isr_irq5
                0x00000000100001cc                isr_irq11
                0x00000000100001cc                isr_irq23
                0x00000000100001cc                isr_irq18
                0x00000000100001cc                isr_irq28
                0x00000000100001cc                isr_irq19
                0x00000000100001cc                isr_irq0
                0x00000000100001cc                isr_irq6
                0x00000000100001cc                isr_irq22
                0x00000000100001cc                isr_irq17
                0x00000000100001cc                isr_irq14
                0x00000000100001cc                isr_irq2
                0x00000000100001cc                isr_irq10
                0x00000000100001cc                isr_irq8
                0x00000000100001cc                isr_irq24
                0x00000000100001cc                isr_irq1
                0x00000000100001cc                isr_irq7
                0x00000000100001cc                isr_irq21
                0x00000000100001cc                isr_irq20
                0x00000000100001cc                isr_irq15
                0x00000000100001cc                isr_irq25
                0x00000000100001cc                isr_irq4
                0x00000000100001cc                isr_irq16
                0x00000000100001cc                isr_irq29
                0x00000000100001cc                isr_irq26
                0x00000000100001cc                __default_isrs_end
                0x00000000100001cc                isr_irq3
                0x00000000100001cc                isr_irq12
                0x00000000100001cc                isr_irq9
                0x00000000100001d2                unhandled_user_irq_num_in_r0
 *(.binary_info_header)
 .binary_info_header
                0x00000000100001d4       0x14 CMakeFiles/main.dir/home/ryan/pico/pico-sdk/src/rp2_common/pico_crt0/crt0.S.obj
                0x00000000100001e8                __binary_info_header_end = .
 *(.embedded_block)
                0x00000000100001e8                __embedded_block_end = .
 *(.reset)
 .reset         0x00000000100001e8       0x9c CMakeFiles/main.dir/home/ryan/pico/pico-sdk/src/rp2_common/pico_crt0/crt0.S.obj
                0x00000000100001e8                _entry_point
 *(.init)
 .init          0x0000000010000284        0x4 /usr/lib/gcc/arm-none-eabi/10.3.1/thumb/v6-m/nofp/crti.o
                0x0000000010000284                _init
 *(EXCLUDE_FILE(*libm.a: *libc.a:*lib_a-mem*.o *libgcc.a:) .text*)
 .text          0x0000000010000288       0x98 /usr/lib/gcc/arm-none-eabi/10.3.1/thumb/v6-m/nofp/crtbegin.o
 .text.startup.main
                0x0000000010000320       0x70 CMakeFiles/main.dir/main.cpp.obj
                0x0000000010000320                main
 .text._ZN3IMU4_accEv
                0x0000000010000390      0x1a8 CMakeFiles/main.dir/imu.cpp.obj
                0x0000000010000390                IMU::_acc()
 .text._ZN3IMUC2Ev
                0x0000000010000538      0x27c CMakeFiles/main.dir/imu.cpp.obj
                0x0000000010000538                IMU::IMU()
                0x0000000010000538                IMU::IMU()
 .text._ZN3IMU16getRotationRatesEv
                0x00000000100007b4       0x9c CMakeFiles/main.dir/imu.cpp.obj
                0x00000000100007b4                IMU::getRotationRates()
 .text._ZN3IMU9getAnglesEd
                0x0000000010000850      0x210 CMakeFiles/main.dir/imu.cpp.obj
                0x0000000010000850                IMU::getAngles(double)
 .text.gpio_set_function
                0x0000000010000a60       0x34 CMakeFiles/main.dir/home/ryan/pico/pico-sdk/src/rp2_common/hardware_gpio/gpio.c.obj
                0x0000000010000a60                gpio_set_function
 .text.gpio_set_pulls
                0x0000000010000a94       0x34 CMakeFiles/main.dir/home/ryan/pico/pico-sdk/src/rp2_common/hardware_gpio/gpio.c.obj
                0x0000000010000a94                gpio_set_pulls
 .text.rp2040_chip_version
                0x0000000010000ac8        0xc CMakeFiles/main.dir/home/ryan/pico/pico-sdk/src/rp2040/pico_platform/platform.c.obj
                0x0000000010000ac8                rp2040_chip_version
 .text.panic    0x0000000010000ad4       0x30 CMakeFiles/main.dir/home/ryan/pico/pico-sdk/src/rp2_common/pico_platform_panic/panic.c.obj
                0x0000000010000ad4                panic
 .text.hw_claim_or_assert
                0x0000000010000b04       0x44 CMakeFiles/main.dir/home/ryan/pico/pico-sdk/src/common/hardware_claim/claim.c.obj
                0x0000000010000b04                hw_claim_or_assert
 .text.hw_claim_unused_from_range
                0x0000000010000b48       0x9c CMakeFiles/main.dir/home/ryan/pico/pico-sdk/src/common/hardware_claim/claim.c.obj
                0x0000000010000b48                hw_claim_unused_from_range
 .text.next_striped_spin_lock_num
                0x0000000010000be4       0x18 CMakeFiles/main.dir/home/ryan/pico/pico-sdk/src/rp2_common/hardware_sync/sync.c.obj
                0x0000000010000be4                next_striped_spin_lock_num
 .text.spin_lock_claim_unused
                0x0000000010000bfc       0x20 CMakeFiles/main.dir/home/ryan/pico/pico-sdk/src/rp2_common/hardware_sync/sync.c.obj
                0x0000000010000bfc                spin_lock_claim_unused
 .text.spin_locks_reset
                0x0000000010000c1c       0x1c CMakeFiles/main.dir/home/ryan/pico/pico-sdk/src/rp2_common/hardware_sync_spin_lock/sync_spin_lock.c.obj
                0x0000000010000c1c                spin_locks_reset
 .text.runtime_init_per_core_irq_priorities
                0x0000000010000c38       0x24 CMakeFiles/main.dir/home/ryan/pico/pico-sdk/src/rp2_common/hardware_irq/irq.c.obj
                0x0000000010000c38                runtime_init_per_core_irq_priorities
 .text.irq_set_enabled
                0x0000000010000c5c       0x24 CMakeFiles/main.dir/home/ryan/pico/pico-sdk/src/rp2_common/hardware_irq/irq.c.obj
                0x0000000010000c5c                irq_set_enabled
 .text.irq_is_enabled
                0x0000000010000c80       0x18 CMakeFiles/main.dir/home/ryan/pico/pico-sdk/src/rp2_common/hardware_irq/irq.c.obj
                0x0000000010000c80                irq_is_enabled
 .text.irq_set_pending
                0x0000000010000c98       0x10 CMakeFiles/main.dir/home/ryan/pico/pico-sdk/src/rp2_common/hardware_irq/irq.c.obj
                0x0000000010000c98                irq_set_pending
 .text.irq_has_shared_handler
                0x0000000010000ca8       0x2c CMakeFiles/main.dir/home/ryan/pico/pico-sdk/src/rp2_common/hardware_irq/irq.c.obj
                0x0000000010000ca8                irq_has_shared_handler
 .text.irq_set_exclusive_handler
                0x0000000010000cd4       0x54 CMakeFiles/main.dir/home/ryan/pico/pico-sdk/src/rp2_common/hardware_irq/irq.c.obj
                0x0000000010000cd4                irq_set_exclusive_handler
 .text.irq_add_shared_handler
                0x0000000010000d28      0x1e8 CMakeFiles/main.dir/home/ryan/pico/pico-sdk/src/rp2_common/hardware_irq/irq.c.obj
                0x0000000010000d28                irq_add_shared_handler
 .text.irq_add_tail_to_free_list
                0x0000000010000f10       0xb4 CMakeFiles/main.dir/home/ryan/pico/pico-sdk/src/rp2_common/hardware_irq/irq.c.obj
                0x0000000010000f10                irq_add_tail_to_free_list
 .text.user_irq_claim_unused
                0x0000000010000fc4       0x28 CMakeFiles/main.dir/home/ryan/pico/pico-sdk/src/rp2_common/hardware_irq/irq.c.obj
                0x0000000010000fc4                user_irq_claim_unused
 .text.lock_init
                0x0000000010000fec       0x10 CMakeFiles/main.dir/home/ryan/pico/pico-sdk/src/common/pico_sync/lock_core.c.obj
                0x0000000010000fec                lock_init
 .text.runtime_init_mutex
                0x0000000010000ffc       0x58 CMakeFiles/main.dir/home/ryan/pico/pico-sdk/src/common/pico_sync/mutex.c.obj
                0x0000000010000ffc                runtime_init_mutex
 .text.mutex_init
                0x0000000010001054       0x1c CMakeFiles/main.dir/home/ryan/pico/pico-sdk/src/common/pico_sync/mutex.c.obj
                0x0000000010001054                mutex_init
 .text.critical_section_init
                0x0000000010001070       0x20 CMakeFiles/main.dir/home/ryan/pico/pico-sdk/src/common/pico_sync/critical_section.c.obj
                0x0000000010001070                critical_section_init
 .text.critical_section_init_with_lock_num
                0x0000000010001090       0x14 CMakeFiles/main.dir/home/ryan/pico/pico-sdk/src/common/pico_sync/critical_section.c.obj
                0x0000000010001090                critical_section_init_with_lock_num
 .text.sleep_until_callback
                0x00000000100010a4       0x30 CMakeFiles/main.dir/home/ryan/pico/pico-sdk/src/common/pico_time/time.c.obj
 .text.alarm_pool_irq_handler
                0x00000000100010d4      0x2e4 CMakeFiles/main.dir/home/ryan/pico/pico-sdk/src/common/pico_time/time.c.obj
 .text.runtime_init_default_alarm_pool
                0x00000000100013b8       0xdc CMakeFiles/main.dir/home/ryan/pico/pico-sdk/src/common/pico_time/time.c.obj
                0x00000000100013b8                runtime_init_default_alarm_pool
 .text.alarm_pool_get_default
                0x0000000010001494        0x8 CMakeFiles/main.dir/home/ryan/pico/pico-sdk/src/common/pico_time/time.c.obj
                0x0000000010001494                alarm_pool_get_default
 .text.alarm_pool_add_alarm_at
                0x000000001000149c       0xc8 CMakeFiles/main.dir/home/ryan/pico/pico-sdk/src/common/pico_time/time.c.obj
                0x000000001000149c                alarm_pool_add_alarm_at
 .text.alarm_pool_add_alarm_at_force_in_context
                0x0000000010001564       0xb0 CMakeFiles/main.dir/home/ryan/pico/pico-sdk/src/common/pico_time/time.c.obj
                0x0000000010001564                alarm_pool_add_alarm_at_force_in_context
 .text.alarm_pool_cancel_alarm
                0x0000000010001614       0x7c CMakeFiles/main.dir/home/ryan/pico/pico-sdk/src/common/pico_time/time.c.obj
                0x0000000010001614                alarm_pool_cancel_alarm
 .text.alarm_pool_core_num
                0x0000000010001690        0x4 CMakeFiles/main.dir/home/ryan/pico/pico-sdk/src/common/pico_time/time.c.obj
                0x0000000010001690                alarm_pool_core_num
 .text.sleep_until
                0x0000000010001694       0xd0 CMakeFiles/main.dir/home/ryan/pico/pico-sdk/src/common/pico_time/time.c.obj
                0x0000000010001694                sleep_until
 .text.sleep_ms
                0x0000000010001764       0x34 CMakeFiles/main.dir/home/ryan/pico/pico-sdk/src/common/pico_time/time.c.obj
                0x0000000010001764                sleep_ms
 .text.best_effort_wfe_or_timeout
                0x0000000010001798      0x11c CMakeFiles/main.dir/home/ryan/pico/pico-sdk/src/common/pico_time/time.c.obj
                0x0000000010001798                best_effort_wfe_or_timeout
 .text.timer_hardware_alarm_claim
                0x00000000100018b4       0x14 CMakeFiles/main.dir/home/ryan/pico/pico-sdk/src/rp2_common/hardware_timer/timer.c.obj
                0x00000000100018b4                timer_hardware_alarm_claim
 .text.timer_time_us_64
                0x00000000100018c8       0x10 CMakeFiles/main.dir/home/ryan/pico/pico-sdk/src/rp2_common/hardware_timer/timer.c.obj
                0x00000000100018c8                timer_time_us_64
 .text.time_us_64
                0x00000000100018d8       0x14 CMakeFiles/main.dir/home/ryan/pico/pico-sdk/src/rp2_common/hardware_timer/timer.c.obj
                0x00000000100018d8                time_us_64
 .text.busy_wait_until
                0x00000000100018ec       0x20 CMakeFiles/main.dir/home/ryan/pico/pico-sdk/src/rp2_common/hardware_timer/timer.c.obj
                0x00000000100018ec                busy_wait_until
 .text.clock_configure_int_divider
                0x000000001000190c       0xf4 CMakeFiles/main.dir/home/ryan/pico/pico-sdk/src/rp2_common/hardware_clocks/clocks.c.obj
                0x000000001000190c                clock_configure_int_divider
 .text.clock_configure_undivided
                0x0000000010001a00       0xe8 CMakeFiles/main.dir/home/ryan/pico/pico-sdk/src/rp2_common/hardware_clocks/clocks.c.obj
                0x0000000010001a00                clock_configure_undivided
 .text.clock_get_hz
                0x0000000010001ae8        0xc CMakeFiles/main.dir/home/ryan/pico/pico-sdk/src/rp2_common/hardware_clocks/clocks.c.obj
                0x0000000010001ae8                clock_get_hz
 .text.pll_init
                0x0000000010001af4       0xa0 CMakeFiles/main.dir/home/ryan/pico/pico-sdk/src/rp2_common/hardware_pll/pll.c.obj
                0x0000000010001af4                pll_init
 .text.watchdog_reboot
                0x0000000010001b94       0x98 CMakeFiles/main.dir/home/ryan/pico/pico-sdk/src/rp2_common/hardware_watchdog/watchdog.c.obj
                0x0000000010001b94                watchdog_reboot
 .text.tick_start
                0x0000000010001c2c       0x10 CMakeFiles/main.dir/home/ryan/pico/pico-sdk/src/rp2_common/hardware_ticks/ticks.c.obj
                0x0000000010001c2c                tick_start
 .text.xosc_init
                0x0000000010001c3c       0x28 CMakeFiles/main.dir/home/ryan/pico/pico-sdk/src/rp2_common/hardware_xosc/xosc.c.obj
                0x0000000010001c3c                xosc_init
 .text.first_per_core_initializer
                0x0000000010001c64        0x4 CMakeFiles/main.dir/home/ryan/pico/pico-sdk/src/rp2_common/pico_runtime/runtime.c.obj
 .text.hard_assertion_failure
                0x0000000010001c68        0xc CMakeFiles/main.dir/home/ryan/pico/pico-sdk/src/rp2_common/pico_runtime/runtime.c.obj
                0x0000000010001c68                hard_assertion_failure
 .text.runtime_run_initializers
                0x0000000010001c74       0x28 CMakeFiles/main.dir/home/ryan/pico/pico-sdk/src/rp2_common/pico_runtime/runtime.c.obj
                0x0000000010001c74                runtime_run_initializers
 .text.runtime_init_early_resets
                0x0000000010001c9c       0x2c CMakeFiles/main.dir/home/ryan/pico/pico-sdk/src/rp2_common/pico_runtime_init/runtime_init.c.obj
                0x0000000010001c9c                runtime_init_early_resets
 .text.runtime_init_usb_power_down
                0x0000000010001cc8       0x1c CMakeFiles/main.dir/home/ryan/pico/pico-sdk/src/rp2_common/pico_runtime_init/runtime_init.c.obj
                0x0000000010001cc8                runtime_init_usb_power_down
 .text.runtime_init_post_clock_resets
                0x0000000010001ce4       0x20 CMakeFiles/main.dir/home/ryan/pico/pico-sdk/src/rp2_common/pico_runtime_init/runtime_init.c.obj
                0x0000000010001ce4                runtime_init_post_clock_resets
 .text.runtime_init_rp2040_gpio_ie_disable
                0x0000000010001d04       0x14 CMakeFiles/main.dir/home/ryan/pico/pico-sdk/src/rp2_common/pico_runtime_init/runtime_init.c.obj
                0x0000000010001d04                runtime_init_rp2040_gpio_ie_disable
 .text.runtime_init_spin_locks_reset
                0x0000000010001d18        0x8 CMakeFiles/main.dir/home/ryan/pico/pico-sdk/src/rp2_common/pico_runtime_init/runtime_init.c.obj
                0x0000000010001d18                runtime_init_spin_locks_reset
 .text.runtime_init_install_ram_vector_table
                0x0000000010001d20       0x1c CMakeFiles/main.dir/home/ryan/pico/pico-sdk/src/rp2_common/pico_runtime_init/runtime_init.c.obj
                0x0000000010001d20                runtime_init_install_ram_vector_table
 .text.runtime_init_clocks
                0x0000000010001d3c       0xd8 CMakeFiles/main.dir/home/ryan/pico/pico-sdk/src/rp2_common/pico_runtime_init/runtime_init_clocks.c.obj
                0x0000000010001d3c                runtime_init_clocks
 .text          0x0000000010001e14       0x10 CMakeFiles/main.dir/home/ryan/pico/pico-sdk/src/rp2_common/pico_bit_ops/bit_ops_aeabi.S.obj
 .text.rom_func_lookup
                0x0000000010001e24       0x10 CMakeFiles/main.dir/home/ryan/pico/pico-sdk/src/rp2_common/pico_bootrom/bootrom.c.obj
                0x0000000010001e24                rom_func_lookup
 .text.rom_data_lookup
                0x0000000010001e34       0x10 CMakeFiles/main.dir/home/ryan/pico/pico-sdk/src/rp2_common/pico_bootrom/bootrom.c.obj
                0x0000000010001e34                rom_data_lookup
 .text.rom_funcs_lookup
                0x0000000010001e44       0x44 CMakeFiles/main.dir/home/ryan/pico/pico-sdk/src/rp2_common/pico_bootrom/bootrom.c.obj
                0x0000000010001e44                rom_funcs_lookup
 .text.rom_reset_usb_boot
                0x0000000010001e88       0x20 CMakeFiles/main.dir/home/ryan/pico/pico-sdk/src/rp2_common/pico_bootrom/bootrom.c.obj
                0x0000000010001e88                rom_reset_usb_boot
 .text.__wrap___aeabi_idiv
                0x0000000010001ea8       0x50 CMakeFiles/main.dir/home/ryan/pico/pico-sdk/src/rp2_common/pico_divider/divider_hardware.S.obj
                0x0000000010001ea8                __wrap___aeabi_idivmod
                0x0000000010001ea8                divmod_s32s32
                0x0000000010001ea8                div_s32s32
                0x0000000010001ea8                __wrap___aeabi_idiv
                0x0000000010001eb0                divmod_s32s32_unsafe
                0x0000000010001edc                divmod_s32s32_savestate
 .text.__wrap___aeabi_uidiv
                0x0000000010001ef8       0x4c CMakeFiles/main.dir/home/ryan/pico/pico-sdk/src/rp2_common/pico_divider/divider_hardware.S.obj
                0x0000000010001ef8                __wrap___aeabi_uidiv
                0x0000000010001ef8                __wrap___aeabi_uidivmod
                0x0000000010001ef8                div_u32u32
                0x0000000010001ef8                divmod_u32u32
                0x0000000010001f00                divmod_u32u32_unsafe
                0x0000000010001f28                divmod_u32u32_savestate
 .text.__wrap___aeabi_ldiv
                0x0000000010001f44      0x424 CMakeFiles/main.dir/home/ryan/pico/pico-sdk/src/rp2_common/pico_divider/divider_hardware.S.obj
                0x0000000010001f44                div_s64s64
                0x0000000010001f44                divmod_s64s64
                0x0000000010001f44                __wrap___aeabi_ldivmod
                0x0000000010001f74                div_u64u64
                0x0000000010001f74                divmod_u64u64
                0x0000000010001f74                __wrap___aeabi_uldivmod
                0x0000000010001f84                divmod_u64u64_savestate
                0x0000000010001fa4                divmod_s64s64_unsafe
                0x000000001000202c                divmod_u64u64_unsafe
 .text.push_r8_r11
                0x0000000010002368        0xc CMakeFiles/main.dir/home/ryan/pico/pico-sdk/src/rp2_common/pico_double/double_aeabi_rp2040.S.obj
                0x0000000010002368                push_r8_r11
 .text.pop_r8_r11
                0x0000000010002374        0xc CMakeFiles/main.dir/home/ryan/pico/pico-sdk/src/rp2_common/pico_double/double_aeabi_rp2040.S.obj
                0x0000000010002374                pop_r8_r11
 .text.__wrap___aeabi_darithmetic
                0x0000000010002380       0x80 CMakeFiles/main.dir/home/ryan/pico/pico-sdk/src/rp2_common/pico_double/double_aeabi_rp2040.S.obj
                0x0000000010002380                __wrap___aeabi_drsub
                0x0000000010002386                __wrap___aeabi_dsub
                0x0000000010002398                __wrap___aeabi_dadd
                0x00000000100023aa                __wrap___aeabi_ddiv
                0x00000000100023e6                __wrap___aeabi_dmul
 .text.__wrap___aeabi_cdcmple
                0x0000000010002400       0x6c CMakeFiles/main.dir/home/ryan/pico/pico-sdk/src/rp2_common/pico_double/double_aeabi_rp2040.S.obj
                0x0000000010002400                __wrap___aeabi_cdrcmple
                0x0000000010002410                __wrap___aeabi_cdcmple
                0x0000000010002410                __wrap___aeabi_cdcmpeq
 .text.__wrap___aeabi_dcmplt
                0x000000001000246c        0xc CMakeFiles/main.dir/home/ryan/pico/pico-sdk/src/rp2_common/pico_double/double_aeabi_rp2040.S.obj
                0x000000001000246c                __wrap___aeabi_dcmplt
 .text.__wrap___aeabi_dcmple
                0x0000000010002478       0x10 CMakeFiles/main.dir/home/ryan/pico/pico-sdk/src/rp2_common/pico_double/double_aeabi_rp2040.S.obj
                0x0000000010002478                __wrap___aeabi_dcmple
 .text.__wrap___aeabi_dcmpge
                0x0000000010002488       0x10 CMakeFiles/main.dir/home/ryan/pico/pico-sdk/src/rp2_common/pico_double/double_aeabi_rp2040.S.obj
                0x0000000010002488                __wrap___aeabi_dcmpge
 .text.__wrap___aeabi_dcmpgt
                0x0000000010002498        0xa CMakeFiles/main.dir/home/ryan/pico/pico-sdk/src/rp2_common/pico_double/double_aeabi_rp2040.S.obj
                0x0000000010002498                __wrap___aeabi_dcmpgt
 .text.__wrap___aeabi_dcmpun
                0x00000000100024a2       0x18 CMakeFiles/main.dir/home/ryan/pico/pico-sdk/src/rp2_common/pico_double/double_aeabi_rp2040.S.obj
                0x00000000100024a2                __wrap___aeabi_dcmpun
 *fill*         0x00000000100024ba        0x2 
 .text.__wrap___aeabi_i2d
                0x00000000100024bc       0x38 CMakeFiles/main.dir/home/ryan/pico/pico-sdk/src/rp2_common/pico_double/double_aeabi_rp2040.S.obj
                0x00000000100024bc                __wrap___aeabi_ui2d
                0x00000000100024c4                __wrap___aeabi_i2d
 .text.__wrap___aeabi_d2iz
                0x00000000100024f4       0x48 CMakeFiles/main.dir/home/ryan/pico/pico-sdk/src/rp2_common/pico_double/double_aeabi_rp2040.S.obj
                0x00000000100024f4                __wrap___aeabi_d2iz
                0x00000000100024f4                double2int_z
 .text.__wrap___aeabi_d2uiz
                0x000000001000253c       0x18 CMakeFiles/main.dir/home/ryan/pico/pico-sdk/src/rp2_common/pico_double/double_aeabi_rp2040.S.obj
                0x000000001000253c                double2uint
                0x000000001000253c                __wrap___aeabi_d2uiz
 .text.__wrap___aeabi_ul2d
                0x0000000010002554       0x18 CMakeFiles/main.dir/home/ryan/pico/pico-sdk/src/rp2_common/pico_double/double_aeabi_rp2040.S.obj
                0x0000000010002554                __wrap___aeabi_ul2d
 .text.__wrap_atan2
                0x000000001000256c       0x18 CMakeFiles/main.dir/home/ryan/pico/pico-sdk/src/rp2_common/pico_double/double_aeabi_rp2040.S.obj
                0x000000001000256c                __wrap_atan2
 .text.__aeabi_double_init
                0x0000000010002584       0xa0 CMakeFiles/main.dir/home/ryan/pico/pico-sdk/src/rp2_common/pico_double/double_init_rom_rp2040.c.obj
                0x0000000010002584                __aeabi_double_init
 .text.double_table_shim_on_use_helper
                0x0000000010002624       0x2c CMakeFiles/main.dir/home/ryan/pico/pico-sdk/src/rp2_common/pico_double/double_v1_rom_shim_rp2040.S.obj
                0x0000000010002624                double_table_shim_on_use_helper
 .text.__wrap___aeabi_dsub
                0x0000000010002650       0x10 CMakeFiles/main.dir/home/ryan/pico/pico-sdk/src/rp2_common/pico_double/double_v1_rom_shim_rp2040.S.obj
                0x0000000010002650                drsub_shim
                0x0000000010002656                dsub_shim
 .text.dadd_shim
                0x0000000010002660      0x15c CMakeFiles/main.dir/home/ryan/pico/pico-sdk/src/rp2_common/pico_double/double_v1_rom_shim_rp2040.S.obj
                0x0000000010002660                dadd_shim
 .text.dmul_shim
                0x00000000100027bc      0x15c CMakeFiles/main.dir/home/ryan/pico/pico-sdk/src/rp2_common/pico_double/double_v1_rom_shim_rp2040.S.obj
                0x00000000100027bc                dmul_shim
 .text.ddiv_shim
                0x0000000010002918      0x1b0 CMakeFiles/main.dir/home/ryan/pico/pico-sdk/src/rp2_common/pico_double/double_v1_rom_shim_rp2040.S.obj
                0x0000000010002918                ddiv_shim
 .text.dcordic_vec_step
                0x0000000010002ac8        0xe CMakeFiles/main.dir/home/ryan/pico/pico-sdk/src/rp2_common/pico_double/double_v1_rom_shim_rp2040.S.obj
                0x0000000010002ac8                dcordic_vec_step
 .text.dcordic_rot_step
                0x0000000010002ad6       0x76 CMakeFiles/main.dir/home/ryan/pico/pico-sdk/src/rp2_common/pico_double/double_v1_rom_shim_rp2040.S.obj
                0x0000000010002ad6                dcordic_rot_step
 .text.double2uint_shim
                0x0000000010002b4c        0xe CMakeFiles/main.dir/home/ryan/pico/pico-sdk/src/rp2_common/pico_double/double_v1_rom_shim_rp2040.S.obj
                0x0000000010002b4c                double2uint_shim
                0x0000000010002b4e                double2ufix_shim
 .text.double2int64_shim
                0x0000000010002b5a       0x1a CMakeFiles/main.dir/home/ryan/pico/pico-sdk/src/rp2_common/pico_double/double_v1_rom_shim_rp2040.S.obj
                0x0000000010002b5a                double2int64_shim
                0x0000000010002b5c                double2fix64_shim
 .text.double2uint64_shim
                0x0000000010002b74       0x70 CMakeFiles/main.dir/home/ryan/pico/pico-sdk/src/rp2_common/pico_double/double_v1_rom_shim_rp2040.S.obj
                0x0000000010002b74                double2uint64_shim
                0x0000000010002b76                double2ufix64_shim
                0x0000000010002b96                d2fix_a
 .text.x2double_shims
                0x0000000010002be4       0x90 CMakeFiles/main.dir/home/ryan/pico/pico-sdk/src/rp2_common/pico_double/double_v1_rom_shim_rp2040.S.obj
                0x0000000010002be4                uint2double_shim
                0x0000000010002be6                ufix2double_shim
                0x0000000010002bec                int2double_shim
                0x0000000010002bee                fix2double_shim
                0x0000000010002bf4                uint642double_shim
                0x0000000010002bf6                ufix642double_shim
                0x0000000010002bfc                int642double_shim
                0x0000000010002bfe                fix642double_shim
 .text.dunpacks
                0x0000000010002c74       0x3c CMakeFiles/main.dir/home/ryan/pico/pico-sdk/src/rp2_common/pico_double/double_v1_rom_shim_rp2040.S.obj
                0x0000000010002c74                dunpacks
 .text.dreduce  0x0000000010002cb0       0x82 CMakeFiles/main.dir/home/ryan/pico/pico-sdk/src/rp2_common/pico_double/double_v1_rom_shim_rp2040.S.obj
                0x0000000010002cb0                dreduce
 *fill*         0x0000000010002d32        0x2 
 .text.dtrig_guts
                0x0000000010002d34      0x2ec CMakeFiles/main.dir/home/ryan/pico/pico-sdk/src/rp2_common/pico_double/double_v1_rom_shim_rp2040.S.obj
                0x0000000010002e0c                datan2_shim
 .text.__aeabi_lmul
                0x0000000010003020       0x32 CMakeFiles/main.dir/home/ryan/pico/pico-sdk/src/rp2_common/pico_int64_ops/pico_int64_ops_aeabi.S.obj
                0x0000000010003020                __wrap___aeabi_lmul
 *fill*         0x0000000010003052        0x2 
 .text.__aeabi_float_init
                0x0000000010003054       0x64 CMakeFiles/main.dir/home/ryan/pico/pico-sdk/src/rp2_common/pico_float/float_init_rom_rp2040.c.obj
                0x0000000010003054                __aeabi_float_init
 .text.float_table_shim_on_use_helper
                0x00000000100030b8       0x2c CMakeFiles/main.dir/home/ryan/pico/pico-sdk/src/rp2_common/pico_float/float_v1_rom_shim_rp2040.S.obj
                0x00000000100030b8                float_table_shim_on_use_helper
 .text          0x00000000100030e4       0x10 CMakeFiles/main.dir/home/ryan/pico/pico-sdk/src/rp2_common/pico_mem_ops/mem_ops_aeabi.S.obj
                0x00000000100030e4                __aeabi_mem_init
 .text.memset   0x00000000100030f4        0xc CMakeFiles/main.dir/home/ryan/pico/pico-sdk/src/rp2_common/pico_mem_ops/mem_ops_aeabi.S.obj
                0x00000000100030f4                __wrap_memset
 .text.memcpy   0x0000000010003100        0xc CMakeFiles/main.dir/home/ryan/pico/pico-sdk/src/rp2_common/pico_mem_ops/mem_ops_aeabi.S.obj
                0x0000000010003100                __wrap___aeabi_memcpy
                0x0000000010003100                __wrap_memcpy
 .text._out_null
                0x000000001000310c        0x4 CMakeFiles/main.dir/home/ryan/pico/pico-sdk/src/rp2_common/pico_printf/printf.c.obj
 .text._out_rev
                0x0000000010003110       0x9c CMakeFiles/main.dir/home/ryan/pico/pico-sdk/src/rp2_common/pico_printf/printf.c.obj
 .text._ntoa_format
                0x00000000100031ac      0x1cc CMakeFiles/main.dir/home/ryan/pico/pico-sdk/src/rp2_common/pico_printf/printf.c.obj
 .text._out_char
                0x0000000010003378       0x10 CMakeFiles/main.dir/home/ryan/pico/pico-sdk/src/rp2_common/pico_printf/printf.c.obj
 .text._out_fct
                0x0000000010003388       0x10 CMakeFiles/main.dir/home/ryan/pico/pico-sdk/src/rp2_common/pico_printf/printf.c.obj
 .text._etoa    0x0000000010003398      0x44c CMakeFiles/main.dir/home/ryan/pico/pico-sdk/src/rp2_common/pico_printf/printf.c.obj
 .text._ftoa    0x00000000100037e4      0x398 CMakeFiles/main.dir/home/ryan/pico/pico-sdk/src/rp2_common/pico_printf/printf.c.obj
 .text._vsnprintf
                0x0000000010003b7c      0xb04 CMakeFiles/main.dir/home/ryan/pico/pico-sdk/src/rp2_common/pico_printf/printf.c.obj
 .text.vfctprintf
                0x0000000010004680       0x20 CMakeFiles/main.dir/home/ryan/pico/pico-sdk/src/rp2_common/pico_printf/printf.c.obj
                0x0000000010004680                vfctprintf
 .text.weak_raw_vprintf
                0x00000000100046a0       0x30 CMakeFiles/main.dir/home/ryan/pico/pico-sdk/src/rp2_common/pico_printf/printf.c.obj
                0x00000000100046a0                weak_raw_vprintf
 .text._exit    0x00000000100046d0        0x4 CMakeFiles/main.dir/home/ryan/pico/pico-sdk/src/rp2_common/pico_clib_interface/newlib_interface.c.obj
                0x00000000100046d0                _exit
 .text.exit     0x00000000100046d4        0x8 CMakeFiles/main.dir/home/ryan/pico/pico-sdk/src/rp2_common/pico_clib_interface/newlib_interface.c.obj
                0x00000000100046d4                exit
 .text.runtime_init
                0x00000000100046dc       0x2c CMakeFiles/main.dir/home/ryan/pico/pico-sdk/src/rp2_common/pico_clib_interface/newlib_interface.c.obj
                0x00000000100046dc                runtime_init
 .text.stdio_out_chars_no_crlf
                0x0000000010004708       0x10 CMakeFiles/main.dir/home/ryan/pico/pico-sdk/src/rp2_common/pico_stdio/stdio.c.obj
 .text.stdio_out_chars_crlf
                0x0000000010004718       0xb4 CMakeFiles/main.dir/home/ryan/pico/pico-sdk/src/rp2_common/pico_stdio/stdio.c.obj
 .text.stdio_buffered_printer
                0x00000000100047cc       0x64 CMakeFiles/main.dir/home/ryan/pico/pico-sdk/src/rp2_common/pico_stdio/stdio.c.obj
 .text.stdio_put_string
                0x0000000010004830      0x100 CMakeFiles/main.dir/home/ryan/pico/pico-sdk/src/rp2_common/pico_stdio/stdio.c.obj
                0x0000000010004830                stdio_put_string
 .text.stdio_set_driver_enabled
                0x0000000010004930       0x30 CMakeFiles/main.dir/home/ryan/pico/pico-sdk/src/rp2_common/pico_stdio/stdio.c.obj
                0x0000000010004930                stdio_set_driver_enabled
 .text.stdio_init_all
                0x0000000010004960        0x8 CMakeFiles/main.dir/home/ryan/pico/pico-sdk/src/rp2_common/pico_stdio/stdio.c.obj
                0x0000000010004960                stdio_init_all
 .text.__wrap_putchar
                0x0000000010004968       0x98 CMakeFiles/main.dir/home/ryan/pico/pico-sdk/src/rp2_common/pico_stdio/stdio.c.obj
                0x0000000010004968                stdio_putchar
                0x0000000010004968                __wrap_putchar
 .text.__wrap_puts
                0x0000000010004a00       0x3c CMakeFiles/main.dir/home/ryan/pico/pico-sdk/src/rp2_common/pico_stdio/stdio.c.obj
                0x0000000010004a00                __wrap_puts
                0x0000000010004a00                stdio_puts
 .text.__wrap_vprintf
                0x0000000010004a3c       0xd8 CMakeFiles/main.dir/home/ryan/pico/pico-sdk/src/rp2_common/pico_stdio/stdio.c.obj
                0x0000000010004a3c                __wrap_vprintf
                0x0000000010004a3c                stdio_vprintf
 .text.__wrap_printf
                0x0000000010004b14       0x18 CMakeFiles/main.dir/home/ryan/pico/pico-sdk/src/rp2_common/pico_stdio/stdio.c.obj
                0x0000000010004b14                stdio_printf
                0x0000000010004b14                __wrap_printf
 .text.resetd_init
                0x0000000010004b2c        0x4 CMakeFiles/main.dir/home/ryan/pico/pico-sdk/src/rp2_common/pico_stdio_usb/reset_interface.c.obj
 .text.resetd_reset
                0x0000000010004b30        0xc CMakeFiles/main.dir/home/ryan/pico/pico-sdk/src/rp2_common/pico_stdio_usb/reset_interface.c.obj
 .text.resetd_open
                0x0000000010004b3c       0x28 CMakeFiles/main.dir/home/ryan/pico/pico-sdk/src/rp2_common/pico_stdio_usb/reset_interface.c.obj
 .text.resetd_xfer_cb
                0x0000000010004b64        0x4 CMakeFiles/main.dir/home/ryan/pico/pico-sdk/src/rp2_common/pico_stdio_usb/reset_interface.c.obj
 .text.resetd_control_xfer_cb
                0x0000000010004b68       0x54 CMakeFiles/main.dir/home/ryan/pico/pico-sdk/src/rp2_common/pico_stdio_usb/reset_interface.c.obj
 .text.tud_descriptor_bos_cb
                0x0000000010004bbc        0x8 CMakeFiles/main.dir/home/ryan/pico/pico-sdk/src/rp2_common/pico_stdio_usb/reset_interface.c.obj
                0x0000000010004bbc                tud_descriptor_bos_cb
 .text.tud_vendor_control_xfer_cb
                0x0000000010004bc4       0x34 CMakeFiles/main.dir/home/ryan/pico/pico-sdk/src/rp2_common/pico_stdio_usb/reset_interface.c.obj
                0x0000000010004bc4                tud_vendor_control_xfer_cb
 .text.usbd_app_driver_get_cb
                0x0000000010004bf8        0xc CMakeFiles/main.dir/home/ryan/pico/pico-sdk/src/rp2_common/pico_stdio_usb/reset_interface.c.obj
                0x0000000010004bf8                usbd_app_driver_get_cb
 .text.tud_cdc_line_coding_cb
                0x0000000010004c04       0x28 CMakeFiles/main.dir/home/ryan/pico/pico-sdk/src/rp2_common/pico_stdio_usb/reset_interface.c.obj
                0x0000000010004c04                tud_cdc_line_coding_cb
 .text.stdio_usb_set_chars_available_callback
                0x0000000010004c2c       0x14 CMakeFiles/main.dir/home/ryan/pico/pico-sdk/src/rp2_common/pico_stdio_usb/stdio_usb.c.obj
                0x0000000010004c2c                stdio_usb_set_chars_available_callback
 .text.usb_irq  0x0000000010004c40       0x10 CMakeFiles/main.dir/home/ryan/pico/pico-sdk/src/rp2_common/pico_stdio_usb/stdio_usb.c.obj
 .text.timer_task
                0x0000000010004c50       0x64 CMakeFiles/main.dir/home/ryan/pico/pico-sdk/src/rp2_common/pico_stdio_usb/stdio_usb.c.obj
 .text.stdio_usb_in_chars
                0x0000000010004cb4       0x90 CMakeFiles/main.dir/home/ryan/pico/pico-sdk/src/rp2_common/pico_stdio_usb/stdio_usb.c.obj
                0x0000000010004cb4                stdio_usb_in_chars
 .text.stdio_usb_out_flush
                0x0000000010004d44       0x50 CMakeFiles/main.dir/home/ryan/pico/pico-sdk/src/rp2_common/pico_stdio_usb/stdio_usb.c.obj
 .text.stdio_usb_out_chars
                0x0000000010004d94      0x100 CMakeFiles/main.dir/home/ryan/pico/pico-sdk/src/rp2_common/pico_stdio_usb/stdio_usb.c.obj
 .text.low_priority_worker_irq
                0x0000000010004e94       0xc8 CMakeFiles/main.dir/home/ryan/pico/pico-sdk/src/rp2_common/pico_stdio_usb/stdio_usb.c.obj
 .text.stdio_usb_init
                0x0000000010004f5c       0xe4 CMakeFiles/main.dir/home/ryan/pico/pico-sdk/src/rp2_common/pico_stdio_usb/stdio_usb.c.obj
                0x0000000010004f5c                stdio_usb_init
 .text.tud_descriptor_device_cb
                0x0000000010005040        0x8 CMakeFiles/main.dir/home/ryan/pico/pico-sdk/src/rp2_common/pico_stdio_usb/stdio_usb_descriptors.c.obj
                0x0000000010005040                tud_descriptor_device_cb
 .text.tud_descriptor_configuration_cb
                0x0000000010005048        0x8 CMakeFiles/main.dir/home/ryan/pico/pico-sdk/src/rp2_common/pico_stdio_usb/stdio_usb_descriptors.c.obj
                0x0000000010005048                tud_descriptor_configuration_cb
 .text.tud_descriptor_string_cb
                0x0000000010005050       0x74 CMakeFiles/main.dir/home/ryan/pico/pico-sdk/src/rp2_common/pico_stdio_usb/stdio_usb_descriptors.c.obj
                0x0000000010005050                tud_descriptor_string_cb
 .text.startup._retrieve_unique_id_on_boot
                0x00000000100050c4       0x10 CMakeFiles/main.dir/home/ryan/pico/pico-sdk/src/rp2_common/pico_unique_id/unique_id.c.obj
 .text.pico_get_unique_board_id_string
                0x00000000100050d4      0x1a8 CMakeFiles/main.dir/home/ryan/pico/pico-sdk/src/rp2_common/pico_unique_id/unique_id.c.obj
                0x00000000100050d4                pico_get_unique_board_id_string
 .text.flash_get_unique_id
                0x000000001000527c       0x40 CMakeFiles/main.dir/home/ryan/pico/pico-sdk/src/rp2_common/hardware_flash/flash.c.obj
                0x000000001000527c                flash_get_unique_id
 .text.dcd_init
                0x00000000100052bc       0x8c CMakeFiles/main.dir/home/ryan/pico/pico-sdk/lib/tinyusb/src/portable/raspberrypi/rp2040/dcd_rp2040.c.obj
                0x00000000100052bc                dcd_init
 .text.dcd_int_enable
                0x0000000010005348        0xc CMakeFiles/main.dir/home/ryan/pico/pico-sdk/lib/tinyusb/src/portable/raspberrypi/rp2040/dcd_rp2040.c.obj
                0x0000000010005348                dcd_int_enable
 .text.dcd_set_address
                0x0000000010005354       0x14 CMakeFiles/main.dir/home/ryan/pico/pico-sdk/lib/tinyusb/src/portable/raspberrypi/rp2040/dcd_rp2040.c.obj
                0x0000000010005354                dcd_set_address
 .text.dcd_sof_enable
                0x0000000010005368       0x1c CMakeFiles/main.dir/home/ryan/pico/pico-sdk/lib/tinyusb/src/portable/raspberrypi/rp2040/dcd_rp2040.c.obj
                0x0000000010005368                dcd_sof_enable
 .text.dcd_edpt0_status_complete
                0x0000000010005384       0x1c CMakeFiles/main.dir/home/ryan/pico/pico-sdk/lib/tinyusb/src/portable/raspberrypi/rp2040/dcd_rp2040.c.obj
                0x0000000010005384                dcd_edpt0_status_complete
 .text.dcd_edpt_open
                0x00000000100053a0      0x108 CMakeFiles/main.dir/home/ryan/pico/pico-sdk/lib/tinyusb/src/portable/raspberrypi/rp2040/dcd_rp2040.c.obj
                0x00000000100053a0                dcd_edpt_open
 .text.dcd_edpt_close_all
                0x00000000100054a8        0x8 CMakeFiles/main.dir/home/ryan/pico/pico-sdk/lib/tinyusb/src/portable/raspberrypi/rp2040/dcd_rp2040.c.obj
                0x00000000100054a8                dcd_edpt_close_all
 .text.dcd_edpt_xfer
                0x00000000100054b0       0x24 CMakeFiles/main.dir/home/ryan/pico/pico-sdk/lib/tinyusb/src/portable/raspberrypi/rp2040/dcd_rp2040.c.obj
                0x00000000100054b0                dcd_edpt_xfer
 .text.dcd_edpt_stall
                0x00000000100054d4       0x38 CMakeFiles/main.dir/home/ryan/pico/pico-sdk/lib/tinyusb/src/portable/raspberrypi/rp2040/dcd_rp2040.c.obj
                0x00000000100054d4                dcd_edpt_stall
 .text.dcd_edpt_clear_stall
                0x000000001000550c       0x30 CMakeFiles/main.dir/home/ryan/pico/pico-sdk/lib/tinyusb/src/portable/raspberrypi/rp2040/dcd_rp2040.c.obj
                0x000000001000550c                dcd_edpt_clear_stall
 .text.rp2040_usb_init
                0x000000001000553c       0x40 CMakeFiles/main.dir/home/ryan/pico/pico-sdk/lib/tinyusb/src/portable/raspberrypi/rp2040/rp2040_usb.c.obj
                0x000000001000553c                rp2040_usb_init
 .text.hw_endpoint_xfer_start
                0x000000001000557c       0x50 CMakeFiles/main.dir/home/ryan/pico/pico-sdk/lib/tinyusb/src/portable/raspberrypi/rp2040/rp2040_usb.c.obj
                0x000000001000557c                hw_endpoint_xfer_start
 .text.tud_event_hook_cb
                0x00000000100055cc        0x4 CMakeFiles/main.dir/home/ryan/pico/pico-sdk/lib/tinyusb/src/device/usbd.c.obj
                0x00000000100055cc                tud_event_hook_cb
 .text.tud_sof_cb
                0x00000000100055d0        0x4 CMakeFiles/main.dir/home/ryan/pico/pico-sdk/lib/tinyusb/src/device/usbd.c.obj
                0x00000000100055d0                tud_sof_cb
 .text.tud_descriptor_device_qualifier_cb
                0x00000000100055d4        0x4 CMakeFiles/main.dir/home/ryan/pico/pico-sdk/lib/tinyusb/src/device/usbd.c.obj
                0x00000000100055d4                tud_descriptor_device_qualifier_cb
 .text.tud_descriptor_other_speed_configuration_cb
                0x00000000100055d8        0x4 CMakeFiles/main.dir/home/ryan/pico/pico-sdk/lib/tinyusb/src/device/usbd.c.obj
                0x00000000100055d8                tud_descriptor_other_speed_configuration_cb
 .text.tud_mount_cb
                0x00000000100055dc        0x4 CMakeFiles/main.dir/home/ryan/pico/pico-sdk/lib/tinyusb/src/device/usbd.c.obj
                0x00000000100055dc                tud_mount_cb
 .text.tud_umount_cb
                0x00000000100055e0        0x4 CMakeFiles/main.dir/home/ryan/pico/pico-sdk/lib/tinyusb/src/device/usbd.c.obj
                0x00000000100055e0                tud_umount_cb
 .text.tud_suspend_cb
                0x00000000100055e4        0x4 CMakeFiles/main.dir/home/ryan/pico/pico-sdk/lib/tinyusb/src/device/usbd.c.obj
                0x00000000100055e4                tud_suspend_cb
 .text.tud_resume_cb
                0x00000000100055e8        0x4 CMakeFiles/main.dir/home/ryan/pico/pico-sdk/lib/tinyusb/src/device/usbd.c.obj
                0x00000000100055e8                tud_resume_cb
 .text.tud_mounted
                0x00000000100055ec       0x10 CMakeFiles/main.dir/home/ryan/pico/pico-sdk/lib/tinyusb/src/device/usbd.c.obj
                0x00000000100055ec                tud_mounted
 .text.tud_suspended
                0x00000000100055fc       0x10 CMakeFiles/main.dir/home/ryan/pico/pico-sdk/lib/tinyusb/src/device/usbd.c.obj
                0x00000000100055fc                tud_suspended
 .text.tud_init
                0x000000001000560c       0xe4 CMakeFiles/main.dir/home/ryan/pico/pico-sdk/lib/tinyusb/src/device/usbd.c.obj
                0x000000001000560c                tud_init
 .text.tud_task_ext
                0x00000000100056f0      0x800 CMakeFiles/main.dir/home/ryan/pico/pico-sdk/lib/tinyusb/src/device/usbd.c.obj
                0x00000000100056f0                tud_task_ext
 .text.usbd_open_edpt_pair
                0x0000000010005ef0       0x9c CMakeFiles/main.dir/home/ryan/pico/pico-sdk/lib/tinyusb/src/device/usbd.c.obj
                0x0000000010005ef0                usbd_open_edpt_pair
 .text.usbd_edpt_open
                0x0000000010005f8c       0x34 CMakeFiles/main.dir/home/ryan/pico/pico-sdk/lib/tinyusb/src/device/usbd.c.obj
                0x0000000010005f8c                usbd_edpt_open
 .text.usbd_edpt_claim
                0x0000000010005fc0       0x28 CMakeFiles/main.dir/home/ryan/pico/pico-sdk/lib/tinyusb/src/device/usbd.c.obj
                0x0000000010005fc0                usbd_edpt_claim
 .text.usbd_edpt_release
                0x0000000010005fe8       0x28 CMakeFiles/main.dir/home/ryan/pico/pico-sdk/lib/tinyusb/src/device/usbd.c.obj
                0x0000000010005fe8                usbd_edpt_release
 .text.usbd_edpt_xfer
                0x0000000010006010       0x4c CMakeFiles/main.dir/home/ryan/pico/pico-sdk/lib/tinyusb/src/device/usbd.c.obj
                0x0000000010006010                usbd_edpt_xfer
 .text.tud_control_status
                0x000000001000605c       0x30 CMakeFiles/main.dir/home/ryan/pico/pico-sdk/lib/tinyusb/src/device/usbd_control.c.obj
                0x000000001000605c                tud_control_status
 .text.tud_control_xfer
                0x000000001000608c       0xbc CMakeFiles/main.dir/home/ryan/pico/pico-sdk/lib/tinyusb/src/device/usbd_control.c.obj
                0x000000001000608c                tud_control_xfer
 .text.usbd_control_reset
                0x0000000010006148       0x14 CMakeFiles/main.dir/home/ryan/pico/pico-sdk/lib/tinyusb/src/device/usbd_control.c.obj
                0x0000000010006148                usbd_control_reset
 .text.usbd_control_set_complete_callback
                0x000000001000615c        0xc CMakeFiles/main.dir/home/ryan/pico/pico-sdk/lib/tinyusb/src/device/usbd_control.c.obj
                0x000000001000615c                usbd_control_set_complete_callback
 .text.usbd_control_set_request
                0x0000000010006168       0x1c CMakeFiles/main.dir/home/ryan/pico/pico-sdk/lib/tinyusb/src/device/usbd_control.c.obj
                0x0000000010006168                usbd_control_set_request
 .text.usbd_control_xfer_cb
                0x0000000010006184       0xf0 CMakeFiles/main.dir/home/ryan/pico/pico-sdk/lib/tinyusb/src/device/usbd_control.c.obj
                0x0000000010006184                usbd_control_xfer_cb
 .text._prep_out_transaction.isra.0
                0x0000000010006274       0x5c CMakeFiles/main.dir/home/ryan/pico/pico-sdk/lib/tinyusb/src/class/cdc/cdc_device.c.obj
 .text.tud_cdc_n_connected
                0x00000000100062d0       0x30 CMakeFiles/main.dir/home/ryan/pico/pico-sdk/lib/tinyusb/src/class/cdc/cdc_device.c.obj
                0x00000000100062d0                tud_cdc_n_connected
 .text.tud_cdc_n_available
                0x0000000010006300       0x18 CMakeFiles/main.dir/home/ryan/pico/pico-sdk/lib/tinyusb/src/class/cdc/cdc_device.c.obj
                0x0000000010006300                tud_cdc_n_available
 .text.tud_cdc_n_read
                0x0000000010006318       0x98 CMakeFiles/main.dir/home/ryan/pico/pico-sdk/lib/tinyusb/src/class/cdc/cdc_device.c.obj
                0x0000000010006318                tud_cdc_n_read
 .text.tud_cdc_n_write_flush
                0x00000000100063b0       0x78 CMakeFiles/main.dir/home/ryan/pico/pico-sdk/lib/tinyusb/src/class/cdc/cdc_device.c.obj
                0x00000000100063b0                tud_cdc_n_write_flush
 .text.tud_cdc_n_write
                0x0000000010006428       0x44 CMakeFiles/main.dir/home/ryan/pico/pico-sdk/lib/tinyusb/src/class/cdc/cdc_device.c.obj
                0x0000000010006428                tud_cdc_n_write
 .text.tud_cdc_n_write_available
                0x000000001000646c       0x18 CMakeFiles/main.dir/home/ryan/pico/pico-sdk/lib/tinyusb/src/class/cdc/cdc_device.c.obj
                0x000000001000646c                tud_cdc_n_write_available
 .text.cdcd_init
                0x0000000010006484       0x7c CMakeFiles/main.dir/home/ryan/pico/pico-sdk/lib/tinyusb/src/class/cdc/cdc_device.c.obj
                0x0000000010006484                cdcd_init
 .text.cdcd_deinit
                0x0000000010006500       0x24 CMakeFiles/main.dir/home/ryan/pico/pico-sdk/lib/tinyusb/src/class/cdc/cdc_device.c.obj
                0x0000000010006500                cdcd_deinit
 .text.cdcd_reset
                0x0000000010006524       0x4c CMakeFiles/main.dir/home/ryan/pico/pico-sdk/lib/tinyusb/src/class/cdc/cdc_device.c.obj
                0x0000000010006524                cdcd_reset
 .text.cdcd_open
                0x0000000010006570       0xb4 CMakeFiles/main.dir/home/ryan/pico/pico-sdk/lib/tinyusb/src/class/cdc/cdc_device.c.obj
                0x0000000010006570                cdcd_open
 .text.cdcd_control_xfer_cb
                0x0000000010006624       0xe4 CMakeFiles/main.dir/home/ryan/pico/pico-sdk/lib/tinyusb/src/class/cdc/cdc_device.c.obj
                0x0000000010006624                cdcd_control_xfer_cb
 .text.cdcd_xfer_cb
                0x0000000010006708       0xfc CMakeFiles/main.dir/home/ryan/pico/pico-sdk/lib/tinyusb/src/class/cdc/cdc_device.c.obj
                0x0000000010006708                cdcd_xfer_cb
 .text.tud_vendor_n_write_flush
                0x0000000010006804       0x78 CMakeFiles/main.dir/home/ryan/pico/pico-sdk/lib/tinyusb/src/class/vendor/vendor_device.c.obj
                0x0000000010006804                tud_vendor_n_write_flush
 .text.vendord_init
                0x000000001000687c       0x64 CMakeFiles/main.dir/home/ryan/pico/pico-sdk/lib/tinyusb/src/class/vendor/vendor_device.c.obj
                0x000000001000687c                vendord_init
 .text.vendord_deinit
                0x00000000100068e0       0x24 CMakeFiles/main.dir/home/ryan/pico/pico-sdk/lib/tinyusb/src/class/vendor/vendor_device.c.obj
                0x00000000100068e0                vendord_deinit
 .text.vendord_reset
                0x0000000010006904       0x1c CMakeFiles/main.dir/home/ryan/pico/pico-sdk/lib/tinyusb/src/class/vendor/vendor_device.c.obj
                0x0000000010006904                vendord_reset
 .text.vendord_open
                0x0000000010006920       0xc8 CMakeFiles/main.dir/home/ryan/pico/pico-sdk/lib/tinyusb/src/class/vendor/vendor_device.c.obj
                0x0000000010006920                vendord_open
 .text.vendord_xfer_cb
                0x00000000100069e8       0xc8 CMakeFiles/main.dir/home/ryan/pico/pico-sdk/lib/tinyusb/src/class/vendor/vendor_device.c.obj
                0x00000000100069e8                vendord_xfer_cb
 .text.tusb_init
                0x0000000010006ab0        0xc CMakeFiles/main.dir/home/ryan/pico/pico-sdk/lib/tinyusb/src/tusb.c.obj
                0x0000000010006ab0                tusb_init
 .text.tu_edpt_claim
                0x0000000010006abc       0x50 CMakeFiles/main.dir/home/ryan/pico/pico-sdk/lib/tinyusb/src/tusb.c.obj
                0x0000000010006abc                tu_edpt_claim
 .text.tu_edpt_release
                0x0000000010006b0c       0x38 CMakeFiles/main.dir/home/ryan/pico/pico-sdk/lib/tinyusb/src/tusb.c.obj
                0x0000000010006b0c                tu_edpt_release
 .text.tu_edpt_validate
                0x0000000010006b44       0x78 CMakeFiles/main.dir/home/ryan/pico/pico-sdk/lib/tinyusb/src/tusb.c.obj
                0x0000000010006b44                tu_edpt_validate
 .text.tu_edpt_bind_driver
                0x0000000010006bbc       0x34 CMakeFiles/main.dir/home/ryan/pico/pico-sdk/lib/tinyusb/src/tusb.c.obj
                0x0000000010006bbc                tu_edpt_bind_driver
 .text.tu_fifo_config
                0x0000000010006bf0       0x70 CMakeFiles/main.dir/home/ryan/pico/pico-sdk/lib/tinyusb/src/common/tusb_fifo.c.obj
                0x0000000010006bf0                tu_fifo_config
 .text.tu_fifo_count
                0x0000000010006c60       0x2c CMakeFiles/main.dir/home/ryan/pico/pico-sdk/lib/tinyusb/src/common/tusb_fifo.c.obj
                0x0000000010006c60                tu_fifo_count
 .text.tu_fifo_empty
                0x0000000010006c8c       0x10 CMakeFiles/main.dir/home/ryan/pico/pico-sdk/lib/tinyusb/src/common/tusb_fifo.c.obj
                0x0000000010006c8c                tu_fifo_empty
 .text.tu_fifo_remaining
                0x0000000010006c9c       0x2c CMakeFiles/main.dir/home/ryan/pico/pico-sdk/lib/tinyusb/src/common/tusb_fifo.c.obj
                0x0000000010006c9c                tu_fifo_remaining
 .text.tu_fifo_read
                0x0000000010006cc8       0xa0 CMakeFiles/main.dir/home/ryan/pico/pico-sdk/lib/tinyusb/src/common/tusb_fifo.c.obj
                0x0000000010006cc8                tu_fifo_read
 .text.tu_fifo_read_n
                0x0000000010006d68       0xec CMakeFiles/main.dir/home/ryan/pico/pico-sdk/lib/tinyusb/src/common/tusb_fifo.c.obj
                0x0000000010006d68                tu_fifo_read_n
 .text.tu_fifo_write
                0x0000000010006e54       0x88 CMakeFiles/main.dir/home/ryan/pico/pico-sdk/lib/tinyusb/src/common/tusb_fifo.c.obj
                0x0000000010006e54                tu_fifo_write
 .text.tu_fifo_write_n
                0x0000000010006edc      0x168 CMakeFiles/main.dir/home/ryan/pico/pico-sdk/lib/tinyusb/src/common/tusb_fifo.c.obj
                0x0000000010006edc                tu_fifo_write_n
 .text.tu_fifo_clear
                0x0000000010007044       0x40 CMakeFiles/main.dir/home/ryan/pico/pico-sdk/lib/tinyusb/src/common/tusb_fifo.c.obj
                0x0000000010007044                tu_fifo_clear
 .text.tu_fifo_set_overwritable
                0x0000000010007084       0x48 CMakeFiles/main.dir/home/ryan/pico/pico-sdk/lib/tinyusb/src/common/tusb_fifo.c.obj
                0x0000000010007084                tu_fifo_set_overwritable
 .text.i2c_set_baudrate
                0x00000000100070cc       0xc0 CMakeFiles/main.dir/home/ryan/pico/pico-sdk/src/rp2_common/hardware_i2c/i2c.c.obj
                0x00000000100070cc                i2c_set_baudrate
 .text.i2c_init
                0x000000001000718c       0x54 CMakeFiles/main.dir/home/ryan/pico/pico-sdk/src/rp2_common/hardware_i2c/i2c.c.obj
                0x000000001000718c                i2c_init
 .text.i2c_write_blocking
                0x00000000100071e0       0xd0 CMakeFiles/main.dir/home/ryan/pico/pico-sdk/src/rp2_common/hardware_i2c/i2c.c.obj
                0x00000000100071e0                i2c_write_blocking
 .text.i2c_read_blocking
                0x00000000100072b0       0xac CMakeFiles/main.dir/home/ryan/pico/pico-sdk/src/rp2_common/hardware_i2c/i2c.c.obj
                0x00000000100072b0                i2c_read_blocking
 .text          0x000000001000735c       0x5c /usr/lib/gcc/arm-none-eabi/10.3.1/../../../arm-none-eabi/lib/thumb/v6-m/nofp/libg.a(lib_a-strlen-stub.o)
                0x000000001000735c                strlen
 *(.fini)
 .fini          0x00000000100073b8        0x4 /usr/lib/gcc/arm-none-eabi/10.3.1/thumb/v6-m/nofp/crti.o
                0x00000000100073b8                _fini
 *fill*         0x00000000100073bc        0x4 
 .fini.__stub   0x00000000100073c0       0xd0 linker stubs
 *crtbegin.o(.ctors)
 *crtbegin?.o(.ctors)
 *(EXCLUDE_FILE(*crtend.o *crtend?.o) .ctors)
 *(SORT_BY_NAME(.ctors.*))
 *(.ctors)
 *crtbegin.o(.dtors)
 *crtbegin?.o(.dtors)
 *(EXCLUDE_FILE(*crtend.o *crtend?.o) .dtors)
 *(SORT_BY_NAME(.dtors.*))
 *(.dtors)
                0x0000000010007490                . = ALIGN (0x4)
                0x0000000010007490                PROVIDE (__preinit_array_start = .)
 *(SORT_BY_NAME(.preinit_array.*))
 .preinit_array.00100
                0x0000000010007490        0x4 CMakeFiles/main.dir/home/ryan/pico/pico-sdk/src/rp2_common/pico_runtime_init/runtime_init.c.obj
                0x0000000010007490                __pre_init_runtime_init_early_resets
 .preinit_array.00101
                0x0000000010007494        0x4 CMakeFiles/main.dir/home/ryan/pico/pico-sdk/src/rp2_common/pico_runtime_init/runtime_init.c.obj
                0x0000000010007494                __pre_init_runtime_init_usb_power_down
 .preinit_array.00275
                0x0000000010007498        0x4 CMakeFiles/main.dir/home/ryan/pico/pico-sdk/src/rp2_common/pico_bit_ops/bit_ops_aeabi.S.obj
 .preinit_array.00300
                0x000000001000749c        0x4 CMakeFiles/main.dir/home/ryan/pico/pico-sdk/src/rp2_common/pico_mem_ops/mem_ops_aeabi.S.obj
 .preinit_array.00350
                0x00000000100074a0        0x4 CMakeFiles/main.dir/home/ryan/pico/pico-sdk/src/rp2_common/pico_double/double_aeabi_rp2040.S.obj
 .preinit_array.00350
                0x00000000100074a4        0x4 CMakeFiles/main.dir/home/ryan/pico/pico-sdk/src/rp2_common/pico_float/float_aeabi_rp2040.S.obj
 .preinit_array.00500
                0x00000000100074a8        0x4 CMakeFiles/main.dir/home/ryan/pico/pico-sdk/src/rp2_common/pico_runtime_init/runtime_init.c.obj
                0x00000000100074a8                __pre_init_runtime_init_clocks
 .preinit_array.00600
                0x00000000100074ac        0x4 CMakeFiles/main.dir/home/ryan/pico/pico-sdk/src/rp2_common/pico_runtime_init/runtime_init.c.obj
                0x00000000100074ac                __pre_init_runtime_init_post_clock_resets
 .preinit_array.00700
                0x00000000100074b0        0x4 CMakeFiles/main.dir/home/ryan/pico/pico-sdk/src/rp2_common/pico_runtime_init/runtime_init.c.obj
                0x00000000100074b0                __pre_init_runtime_init_rp2040_gpio_ie_disable
 .preinit_array.01000
                0x00000000100074b4        0x4 CMakeFiles/main.dir/home/ryan/pico/pico-sdk/src/rp2_common/pico_runtime_init/runtime_init.c.obj
                0x00000000100074b4                __pre_init_runtime_init_spin_locks_reset
 .preinit_array.01100
                0x00000000100074b8        0x4 CMakeFiles/main.dir/home/ryan/pico/pico-sdk/src/common/pico_sync/mutex.c.obj
                0x00000000100074b8                __pre_init_runtime_init_mutex
 .preinit_array.10080
                0x00000000100074bc        0x4 CMakeFiles/main.dir/home/ryan/pico/pico-sdk/src/rp2_common/pico_runtime_init/runtime_init.c.obj
                0x00000000100074bc                __pre_init_runtime_init_install_ram_vector_table
 .preinit_array.11000
                0x00000000100074c0        0x4 CMakeFiles/main.dir/home/ryan/pico/pico-sdk/src/common/pico_time/time.c.obj
                0x00000000100074c0                __pre_init_runtime_init_default_alarm_pool
 .preinit_array.YYYYY
                0x00000000100074c4        0x4 CMakeFiles/main.dir/home/ryan/pico/pico-sdk/src/rp2_common/pico_runtime/runtime.c.obj
                0x00000000100074c4                __pre_init_first_per_core_initializer
 .preinit_array.ZZZZZ.01200
                0x00000000100074c8        0x4 CMakeFiles/main.dir/home/ryan/pico/pico-sdk/src/rp2_common/hardware_irq/irq.c.obj
                0x00000000100074c8                __pre_init_runtime_init_per_core_irq_priorities
 *(.preinit_array)
                0x00000000100074cc                PROVIDE (__preinit_array_end = .)
                0x00000000100074cc                . = ALIGN (0x4)
                0x00000000100074cc                PROVIDE (__init_array_start = .)
 *(SORT_BY_NAME(.init_array.*))
 *(.init_array)
 .init_array    0x00000000100074cc        0x4 /usr/lib/gcc/arm-none-eabi/10.3.1/thumb/v6-m/nofp/crtbegin.o
 .init_array    0x00000000100074d0        0x4 CMakeFiles/main.dir/home/ryan/pico/pico-sdk/src/rp2_common/pico_unique_id/unique_id.c.obj
                0x00000000100074d4                PROVIDE (__init_array_end = .)
                0x00000000100074d4                . = ALIGN (0x4)
                0x00000000100074d4                PROVIDE (__fini_array_start = .)
 *(SORT_BY_NAME(.fini_array.*))
 *(.fini_array)
                0x00000000100074d4                PROVIDE (__fini_array_end = .)
 *(.eh_frame*)
 .eh_frame      0x00000000100074d4        0x0 /usr/lib/gcc/arm-none-eabi/10.3.1/thumb/v6-m/nofp/crtbegin.o
                0x00000000100074d4                . = ALIGN (0x4)

.glue_7         0x00000000100074d4        0x0
 .glue_7        0x00000000100074d4        0x0 linker stubs

.glue_7t        0x00000000100074d4        0x0
 .glue_7t       0x00000000100074d4        0x0 linker stubs

.vfp11_veneer   0x00000000100074d4        0x0
 .vfp11_veneer  0x00000000100074d4        0x0 linker stubs

.v4_bx          0x00000000100074d4        0x0
 .v4_bx         0x00000000100074d4        0x0 linker stubs

.iplt           0x00000000100074d4        0x0
 .iplt          0x00000000100074d4        0x0 /usr/lib/gcc/arm-none-eabi/10.3.1/thumb/v6-m/nofp/crtbegin.o

.rodata         0x00000000100074d8      0x648
 *(EXCLUDE_FILE(*libm.a: *libc.a:*lib_a-mem*.o *libgcc.a:) .rodata*)
 .rodata.main.str1.4
                0x00000000100074d8        0xb CMakeFiles/main.dir/main.cpp.obj
 *fill*         0x00000000100074e3        0x1 
 .rodata.panic.str1.4
                0x00000000100074e4       0x12 CMakeFiles/main.dir/home/ryan/pico/pico-sdk/src/rp2_common/pico_platform_panic/panic.c.obj
 *fill*         0x00000000100074f6        0x2 
 .rodata.spin_lock_claim_unused.str1.4
                0x00000000100074f8       0x1b CMakeFiles/main.dir/home/ryan/pico/pico-sdk/src/rp2_common/hardware_sync/sync.c.obj
 *fill*         0x0000000010007513        0x1 
 .rodata.user_irq_claim_unused.str1.4
                0x0000000010007514       0x1b CMakeFiles/main.dir/home/ryan/pico/pico-sdk/src/rp2_common/hardware_irq/irq.c.obj
 *fill*         0x000000001000752f        0x1 
 .rodata.timer_hardware_alarm_claim.str1.4
                0x0000000010007530       0x22 CMakeFiles/main.dir/home/ryan/pico/pico-sdk/src/rp2_common/hardware_timer/timer.c.obj
 *fill*         0x0000000010007552        0x2 
 .rodata.hard_assertion_failure.str1.4
                0x0000000010007554        0xc CMakeFiles/main.dir/home/ryan/pico/pico-sdk/src/rp2_common/pico_runtime/runtime.c.obj
 .rodata.str1.4
                0x0000000010007560       0x2c CMakeFiles/main.dir/home/ryan/pico/pico-sdk/src/rp2_common/pico_standard_binary_info/standard_binary_info.c.obj
 .rodata.__bi_26
                0x000000001000758c        0xc CMakeFiles/main.dir/home/ryan/pico/pico-sdk/src/rp2_common/pico_standard_binary_info/standard_binary_info.c.obj
 .rodata.__bi_34
                0x0000000010007598        0xc CMakeFiles/main.dir/home/ryan/pico/pico-sdk/src/rp2_common/pico_standard_binary_info/standard_binary_info.c.obj
 .rodata.__bi_42
                0x00000000100075a4        0xc CMakeFiles/main.dir/home/ryan/pico/pico-sdk/src/rp2_common/pico_standard_binary_info/standard_binary_info.c.obj
 .rodata.__bi_48
                0x00000000100075b0        0xc CMakeFiles/main.dir/home/ryan/pico/pico-sdk/src/rp2_common/pico_standard_binary_info/standard_binary_info.c.obj
 .rodata.__bi_54
                0x00000000100075bc        0xc CMakeFiles/main.dir/home/ryan/pico/pico-sdk/src/rp2_common/pico_standard_binary_info/standard_binary_info.c.obj
 .rodata.__bi_84
                0x00000000100075c8        0xc CMakeFiles/main.dir/home/ryan/pico/pico-sdk/src/rp2_common/pico_standard_binary_info/standard_binary_info.c.obj
 .rodata._ftoa.str1.4
                0x00000000100075d4       0x15 CMakeFiles/main.dir/home/ryan/pico/pico-sdk/src/rp2_common/pico_printf/printf.c.obj
 *fill*         0x00000000100075e9        0x3 
 .rodata._vsnprintf
                0x00000000100075ec      0x1e0 CMakeFiles/main.dir/home/ryan/pico/pico-sdk/src/rp2_common/pico_printf/printf.c.obj
 *fill*         0x00000000100077cc        0x4 
 .rodata.pow10.0
                0x00000000100077d0       0x50 CMakeFiles/main.dir/home/ryan/pico/pico-sdk/src/rp2_common/pico_printf/printf.c.obj
 .rodata.crlf_str.0
                0x0000000010007820        0x2 CMakeFiles/main.dir/home/ryan/pico/pico-sdk/src/rp2_common/pico_stdio/stdio.c.obj
 *fill*         0x0000000010007822        0x2 
 .rodata._resetd_driver
                0x0000000010007824       0x20 CMakeFiles/main.dir/home/ryan/pico/pico-sdk/src/rp2_common/pico_stdio_usb/reset_interface.c.obj
 .rodata.desc_bos
                0x0000000010007844       0x21 CMakeFiles/main.dir/home/ryan/pico/pico-sdk/src/rp2_common/pico_stdio_usb/reset_interface.c.obj
                0x0000000010007844                desc_bos
 *fill*         0x0000000010007865        0x3 
 .rodata.desc_ms_os_20
                0x0000000010007868       0xa6 CMakeFiles/main.dir/home/ryan/pico/pico-sdk/src/rp2_common/pico_stdio_usb/reset_interface.c.obj
 *fill*         0x000000001000790e        0x2 
 .rodata.str1.4
                0x0000000010007910       0x13 CMakeFiles/main.dir/home/ryan/pico/pico-sdk/src/rp2_common/pico_stdio_usb/stdio_usb.c.obj
 *fill*         0x0000000010007923        0x1 
 .rodata.__bi_197.0
                0x0000000010007924        0xc CMakeFiles/main.dir/home/ryan/pico/pico-sdk/src/rp2_common/pico_stdio_usb/stdio_usb.c.obj
 .rodata.str1.4
                0x0000000010007930       0x2a CMakeFiles/main.dir/home/ryan/pico/pico-sdk/src/rp2_common/pico_stdio_usb/stdio_usb_descriptors.c.obj
 *fill*         0x000000001000795a        0x2 
 .rodata.usbd_desc_cfg
                0x000000001000795c       0x54 CMakeFiles/main.dir/home/ryan/pico/pico-sdk/src/rp2_common/pico_stdio_usb/stdio_usb_descriptors.c.obj
 .rodata.usbd_desc_device
                0x00000000100079b0       0x12 CMakeFiles/main.dir/home/ryan/pico/pico-sdk/src/rp2_common/pico_stdio_usb/stdio_usb_descriptors.c.obj
 *fill*         0x00000000100079c2        0x2 
 .rodata.usbd_desc_str
                0x00000000100079c4       0x18 CMakeFiles/main.dir/home/ryan/pico/pico-sdk/src/rp2_common/pico_stdio_usb/stdio_usb_descriptors.c.obj
 .rodata.str1.4
                0x00000000100079dc       0x14 CMakeFiles/main.dir/home/ryan/pico/pico-sdk/lib/tinyusb/src/portable/raspberrypi/rp2040/dcd_rp2040.c.obj
 .rodata.str1.4
                0x00000000100079f0       0x48 CMakeFiles/main.dir/home/ryan/pico/pico-sdk/lib/tinyusb/src/portable/raspberrypi/rp2040/rp2040_usb.c.obj
 .rodata.tud_task_ext
                0x0000000010007a38       0x8c CMakeFiles/main.dir/home/ryan/pico/pico-sdk/lib/tinyusb/src/device/usbd.c.obj
 .rodata        0x0000000010007ac4       0x1c CMakeFiles/main.dir/home/ryan/pico/pico-sdk/lib/tinyusb/src/device/usbd.c.obj
 .rodata._usbd_driver
                0x0000000010007ae0       0x40 CMakeFiles/main.dir/home/ryan/pico/pico-sdk/lib/tinyusb/src/device/usbd.c.obj
                0x0000000010007b20                . = ALIGN (0x4)
 *(SORT_BY_ALIGNMENT(SORT_BY_NAME(.flashdata*)))
                0x0000000010007b20                . = ALIGN (0x4)

.ARM.extab
 *(.ARM.extab* .gnu.linkonce.armextab.*)
                0x0000000010007b20                __exidx_start = .

.ARM.exidx
 *(.ARM.exidx* .gnu.linkonce.armexidx.*)
                0x0000000010007b20                __exidx_end = .
                0x0000000010007b20                . = ALIGN (0x4)
                0x0000000010007b20                __binary_info_start = .

.binary_info    0x0000000010007b20       0x1c
 *(.binary_info.keep.*)
 .binary_info.keep.__bi_ptr26
                0x0000000010007b20        0x4 CMakeFiles/main.dir/home/ryan/pico/pico-sdk/src/rp2_common/pico_standard_binary_info/standard_binary_info.c.obj
 .binary_info.keep.__bi_ptr34
                0x0000000010007b24        0x4 CMakeFiles/main.dir/home/ryan/pico/pico-sdk/src/rp2_common/pico_standard_binary_info/standard_binary_info.c.obj
 .binary_info.keep.__bi_ptr42
                0x0000000010007b28        0x4 CMakeFiles/main.dir/home/ryan/pico/pico-sdk/src/rp2_common/pico_standard_binary_info/standard_binary_info.c.obj
 .binary_info.keep.__bi_ptr48
                0x0000000010007b2c        0x4 CMakeFiles/main.dir/home/ryan/pico/pico-sdk/src/rp2_common/pico_standard_binary_info/standard_binary_info.c.obj
 .binary_info.keep.__bi_ptr54
                0x0000000010007b30        0x4 CMakeFiles/main.dir/home/ryan/pico/pico-sdk/src/rp2_common/pico_standard_binary_info/standard_binary_info.c.obj
 .binary_info.keep.__bi_ptr84
                0x0000000010007b34        0x4 CMakeFiles/main.dir/home/ryan/pico/pico-sdk/src/rp2_common/pico_standard_binary_info/standard_binary_info.c.obj
 *(.binary_info.*)
 .binary_info.__bi_ptr197
                0x0000000010007b38        0x4 CMakeFiles/main.dir/home/ryan/pico/pico-sdk/src/rp2_common/pico_stdio_usb/stdio_usb.c.obj
                0x0000000010007b3c                __binary_info_end = .

.rel.dyn        0x0000000010007b3c        0x0
 .rel.iplt      0x0000000010007b3c        0x0 /usr/lib/gcc/arm-none-eabi/10.3.1/thumb/v6-m/nofp/crtbegin.o
                0x0000000010007b3c                . = ALIGN (0x4)

.ram_vector_table
                0x0000000020000000       0xc0
 *(.ram_vector_table)
 .ram_vector_table
                0x0000000020000000       0xc0 CMakeFiles/main.dir/home/ryan/pico/pico-sdk/src/rp2_common/pico_runtime_init/runtime_init.c.obj
                0x0000000020000000                ram_vector_table

.uninitialized_data
                0x00000000200000c0        0x0
                0x00000000200000c0                . = ALIGN (0x4)
 *(.uninitialized_data*)

.data           0x00000000200000c0     0x1008 load address 0x0000000010007b3c
                0x00000000200000c0                __data_start__ = .
 *(vtable)
 *(.time_critical*)
 .time_critical.mutex_try_enter
                0x00000000200000c0       0x44 CMakeFiles/main.dir/home/ryan/pico/pico-sdk/src/common/pico_sync/mutex.c.obj
                0x00000000200000c0                mutex_try_enter
 .time_critical.mutex_try_enter_block_until
                0x0000000020000104       0x9c CMakeFiles/main.dir/home/ryan/pico/pico-sdk/src/common/pico_sync/mutex.c.obj
                0x0000000020000104                mutex_try_enter_block_until
 .time_critical.mutex_enter_timeout_ms
                0x00000000200001a0       0x90 CMakeFiles/main.dir/home/ryan/pico/pico-sdk/src/common/pico_sync/mutex.c.obj
                0x00000000200001a0                mutex_enter_timeout_ms
 .time_critical.mutex_exit
                0x0000000020000230       0x28 CMakeFiles/main.dir/home/ryan/pico/pico-sdk/src/common/pico_sync/mutex.c.obj
                0x0000000020000230                mutex_exit
 .time_critical.flash_init_boot2_copyout
                0x0000000020000258       0x30 CMakeFiles/main.dir/home/ryan/pico/pico-sdk/src/rp2_common/hardware_flash/flash.c.obj
 .time_critical.flash_enable_xip_via_boot2
                0x0000000020000288       0x10 CMakeFiles/main.dir/home/ryan/pico/pico-sdk/src/rp2_common/hardware_flash/flash.c.obj
 .time_critical.flash_cs_force
                0x0000000020000298       0x38 CMakeFiles/main.dir/home/ryan/pico/pico-sdk/src/rp2_common/hardware_flash/flash.c.obj
 .time_critical.flash_do_cmd
                0x00000000200002d0       0xc4 CMakeFiles/main.dir/home/ryan/pico/pico-sdk/src/rp2_common/hardware_flash/flash.c.obj
                0x00000000200002d0                flash_do_cmd
 .time_critical.reset_non_control_endpoints
                0x0000000020000394       0xbc CMakeFiles/main.dir/home/ryan/pico/pico-sdk/lib/tinyusb/src/portable/raspberrypi/rp2040/dcd_rp2040.c.obj
 .time_critical.hw_handle_buff_status
                0x0000000020000450       0xa8 CMakeFiles/main.dir/home/ryan/pico/pico-sdk/lib/tinyusb/src/portable/raspberrypi/rp2040/dcd_rp2040.c.obj
 .time_critical.dcd_rp2040_irq
                0x00000000200004f8      0x554 CMakeFiles/main.dir/home/ryan/pico/pico-sdk/lib/tinyusb/src/portable/raspberrypi/rp2040/dcd_rp2040.c.obj
 .time_critical.prepare_ep_buffer
                0x0000000020000a4c       0xf4 CMakeFiles/main.dir/home/ryan/pico/pico-sdk/lib/tinyusb/src/portable/raspberrypi/rp2040/rp2040_usb.c.obj
 .time_critical.sync_ep_buffer
                0x0000000020000b40       0xb4 CMakeFiles/main.dir/home/ryan/pico/pico-sdk/lib/tinyusb/src/portable/raspberrypi/rp2040/rp2040_usb.c.obj
 .time_critical._hw_endpoint_xfer_sync
                0x0000000020000bf4       0x28 CMakeFiles/main.dir/home/ryan/pico/pico-sdk/lib/tinyusb/src/portable/raspberrypi/rp2040/rp2040_usb.c.obj
 .time_critical.e15_is_bulkin_ep
                0x0000000020000c1c       0x28 CMakeFiles/main.dir/home/ryan/pico/pico-sdk/lib/tinyusb/src/portable/raspberrypi/rp2040/rp2040_usb.c.obj
 .time_critical.e15_is_critical_frame_period
                0x0000000020000c44       0x34 CMakeFiles/main.dir/home/ryan/pico/pico-sdk/lib/tinyusb/src/portable/raspberrypi/rp2040/rp2040_usb.c.obj
 .time_critical.hw_endpoint_reset_transfer
                0x0000000020000c78        0xc CMakeFiles/main.dir/home/ryan/pico/pico-sdk/lib/tinyusb/src/portable/raspberrypi/rp2040/rp2040_usb.c.obj
                0x0000000020000c78                hw_endpoint_reset_transfer
 .time_critical._hw_endpoint_buffer_control_update32
                0x0000000020000c84       0x50 CMakeFiles/main.dir/home/ryan/pico/pico-sdk/lib/tinyusb/src/portable/raspberrypi/rp2040/rp2040_usb.c.obj
                0x0000000020000c84                _hw_endpoint_buffer_control_update32
 .time_critical.hw_endpoint_start_next_buffer
                0x0000000020000cd4       0x6c CMakeFiles/main.dir/home/ryan/pico/pico-sdk/lib/tinyusb/src/portable/raspberrypi/rp2040/rp2040_usb.c.obj
                0x0000000020000cd4                hw_endpoint_start_next_buffer
 .time_critical.hw_endpoint_xfer_continue
                0x0000000020000d40       0x40 CMakeFiles/main.dir/home/ryan/pico/pico-sdk/lib/tinyusb/src/portable/raspberrypi/rp2040/rp2040_usb.c.obj
                0x0000000020000d40                hw_endpoint_xfer_continue
 .time_critical.tinyusb
                0x0000000020000d80      0x1f0 CMakeFiles/main.dir/home/ryan/pico/pico-sdk/lib/tinyusb/src/device/usbd.c.obj
                0x0000000020000d80                dcd_event_handler
 *(.text*)
 .text          0x0000000020000f70        0x4 /usr/lib/gcc/arm-none-eabi/10.3.1/thumb/v6-m/nofp/libgcc.a(_dvmd_tls.o)
                0x0000000020000f70                __aeabi_ldiv0
                0x0000000020000f70                __aeabi_idiv0
 *fill*         0x0000000020000f74        0x4 
 .text.__stub   0x0000000020000f78       0x80 linker stubs
                0x0000000020000ff8                . = ALIGN (0x4)
 *(.rodata*)
                0x0000000020000ff8                . = ALIGN (0x4)
 *(.data*)
 .data.striped_spin_lock_num
                0x0000000020000ff8        0x1 CMakeFiles/main.dir/home/ryan/pico/pico-sdk/src/rp2_common/hardware_sync/sync.c.obj
 *fill*         0x0000000020000ff9        0x3 
 .data          0x0000000020000ffc       0x48 CMakeFiles/main.dir/home/ryan/pico/pico-sdk/src/rp2_common/hardware_irq/irq_handler_chain.S.obj
                0x0000000020000ffc                irq_handler_chain_slots
                0x000000002000102c                irq_handler_chain_first_slot
                0x0000000020001036                irq_handler_chain_remove_tail
 .data.default_alarm_pool
                0x0000000020001044       0x18 CMakeFiles/main.dir/home/ryan/pico/pico-sdk/src/common/pico_time/time.c.obj
 *fill*         0x000000002000105c        0x4 
 .data.aeabi_bits_funcs
                0x0000000020001060       0x10 CMakeFiles/main.dir/home/ryan/pico/pico-sdk/src/rp2_common/pico_bit_ops/bit_ops_aeabi.S.obj
                0x0000000020001060                aeabi_bits_funcs
                0x0000000020001070                aeabi_bits_funcs_end
 .data.aeabi_mem_funcs
                0x0000000020001070       0x10 CMakeFiles/main.dir/home/ryan/pico/pico-sdk/src/rp2_common/pico_mem_ops/mem_ops_aeabi.S.obj
                0x0000000020001070                aeabi_mem_funcs
                0x0000000020001080                aeabi_mem_funcs_end
 .data.stdio_usb
                0x0000000020001080       0x18 CMakeFiles/main.dir/home/ryan/pico/pico-sdk/src/rp2_common/pico_stdio_usb/stdio_usb.c.obj
                0x0000000020001080                stdio_usb
 .data._usbd_qdef
                0x0000000020001098       0x1c CMakeFiles/main.dir/home/ryan/pico/pico-sdk/lib/tinyusb/src/device/usbd.c.obj
                0x0000000020001098                _usbd_qdef
 .data._usbd_rhport
                0x00000000200010b4        0x1 CMakeFiles/main.dir/home/ryan/pico/pico-sdk/lib/tinyusb/src/device/usbd.c.obj
 *fill*         0x00000000200010b5        0x3 
 .data.i2c0_inst
                0x00000000200010b8        0x8 CMakeFiles/main.dir/home/ryan/pico/pico-sdk/src/rp2_common/hardware_i2c/i2c.c.obj
                0x00000000200010b8                i2c0_inst
                0x00000000200010c0                . = ALIGN (0x4)
 *(.after_data.*)
                0x00000000200010c0                . = ALIGN (0x4)
                0x00000000200010c0                PROVIDE (__mutex_array_start = .)
 *(SORT_BY_NAME(.mutex_array.*))
 *(.mutex_array)
 .mutex_array   0x00000000200010c0        0x8 CMakeFiles/main.dir/home/ryan/pico/pico-sdk/src/rp2_common/pico_stdio/stdio.c.obj
                0x00000000200010c8                PROVIDE (__mutex_array_end = .)
                0x00000000200010c8                . = ALIGN (0x4)
 *(.jcr)
                0x00000000200010c8                . = ALIGN (0x4)

.tm_clone_table
                0x00000000200010c8        0x0 load address 0x0000000010008b44
 .tm_clone_table
                0x00000000200010c8        0x0 /usr/lib/gcc/arm-none-eabi/10.3.1/thumb/v6-m/nofp/crtbegin.o
 .tm_clone_table
                0x00000000200010c8        0x0 /usr/lib/gcc/arm-none-eabi/10.3.1/thumb/v6-m/nofp/crtend.o

.igot.plt       0x00000000200010c8        0x0 load address 0x0000000010008b44
 .igot.plt      0x00000000200010c8        0x0 /usr/lib/gcc/arm-none-eabi/10.3.1/thumb/v6-m/nofp/crtbegin.o

.tdata          0x00000000200010c8        0x0 load address 0x0000000010008b44
                0x00000000200010c8                . = ALIGN (0x4)
 *(.tdata .tdata.* .gnu.linkonce.td.*)
                0x00000000200010c8                __tdata_end = .
                0x00000000200010c8                PROVIDE (__data_end__ = .)
                0x0000000010007b3c                __etext = LOADADDR (.data)

.tbss           0x00000000200010c8        0x0 load address 0x0000000010008b44
                0x00000000200010c8                . = ALIGN (0x4)
                0x00000000200010c8                __bss_start__ = .
                0x00000000200010c8                __tls_base = .
 *(.tbss .tbss.* .gnu.linkonce.tb.*)
 *(.tcommon)
                0x00000000200010c8                __tls_end = .

.bss            0x00000000200010c8     0x106c load address 0x0000000010008b44
                0x00000000200010c8                . = ALIGN (0x4)
                0x00000000200010c8                __tbss_end = .
 *(SORT_BY_ALIGNMENT(SORT_BY_NAME(.bss*)))
 .bss.default_alarm_pool_entries
                0x00000000200010c8      0x180 CMakeFiles/main.dir/home/ryan/pico/pico-sdk/src/common/pico_time/time.c.obj
 .bss.last_avail_time.1
                0x0000000020001248        0x8 CMakeFiles/main.dir/home/ryan/pico/pico-sdk/src/rp2_common/pico_stdio_usb/stdio_usb.c.obj
 .bss.sd_table  0x0000000020001250      0x100 CMakeFiles/main.dir/home/ryan/pico/pico-sdk/src/rp2_common/pico_double/double_init_rom_rp2040.c.obj
                0x0000000020001250                sd_table
 .bss.sf_table  0x0000000020001350      0x100 CMakeFiles/main.dir/home/ryan/pico/pico-sdk/src/rp2_common/pico_float/float_init_rom_rp2040.c.obj
                0x0000000020001350                sf_table
 .bss           0x0000000020001450       0x1c /usr/lib/gcc/arm-none-eabi/10.3.1/thumb/v6-m/nofp/crtbegin.o
 .bss._app_driver
                0x000000002000146c        0x4 CMakeFiles/main.dir/home/ryan/pico/pico-sdk/lib/tinyusb/src/device/usbd.c.obj
 .bss._cdcd_fifo_cfg
                0x0000000020001470        0x1 CMakeFiles/main.dir/home/ryan/pico/pico-sdk/lib/tinyusb/src/class/cdc/cdc_device.c.obj
 *fill*         0x0000000020001471        0x3 
 .bss._cdcd_itf
                0x0000000020001474      0x2c8 CMakeFiles/main.dir/home/ryan/pico/pico-sdk/lib/tinyusb/src/class/cdc/cdc_device.c.obj
 .bss._ctrl_xfer
                0x000000002000173c       0x14 CMakeFiles/main.dir/home/ryan/pico/pico-sdk/lib/tinyusb/src/device/usbd_control.c.obj
 .bss._ubsd_mutexdef
                0x0000000020001750        0x8 CMakeFiles/main.dir/home/ryan/pico/pico-sdk/lib/tinyusb/src/device/usbd.c.obj
 .bss._usbd_ctrl_buf
                0x0000000020001758       0x40 CMakeFiles/main.dir/home/ryan/pico/pico-sdk/lib/tinyusb/src/device/usbd_control.c.obj
 .bss._usbd_dev
                0x0000000020001798       0x54 CMakeFiles/main.dir/home/ryan/pico/pico-sdk/lib/tinyusb/src/device/usbd.c.obj
 .bss._usbd_mutex
                0x00000000200017ec        0x4 CMakeFiles/main.dir/home/ryan/pico/pico-sdk/lib/tinyusb/src/device/usbd.c.obj
 .bss._usbd_q   0x00000000200017f0        0x4 CMakeFiles/main.dir/home/ryan/pico/pico-sdk/lib/tinyusb/src/device/usbd.c.obj
 .bss._usbd_qdef_buf
                0x00000000200017f4       0xc0 CMakeFiles/main.dir/home/ryan/pico/pico-sdk/lib/tinyusb/src/device/usbd.c.obj
                0x00000000200017f4                _usbd_qdef_buf
 .bss._vendord_itf
                0x00000000200018b4      0x2bc CMakeFiles/main.dir/home/ryan/pico/pico-sdk/lib/tinyusb/src/class/vendor/vendor_device.c.obj
 .bss.boot2_copyout
                0x0000000020001b70      0x100 CMakeFiles/main.dir/home/ryan/pico/pico-sdk/src/rp2_common/hardware_flash/flash.c.obj
 .bss.chars_available_callback
                0x0000000020001c70        0x4 CMakeFiles/main.dir/home/ryan/pico/pico-sdk/src/rp2_common/pico_stdio_usb/stdio_usb.c.obj
 .bss.chars_available_param
                0x0000000020001c74        0x4 CMakeFiles/main.dir/home/ryan/pico/pico-sdk/src/rp2_common/pico_stdio_usb/stdio_usb.c.obj
 .bss.claimed   0x0000000020001c78        0x4 CMakeFiles/main.dir/home/ryan/pico/pico-sdk/src/rp2_common/hardware_sync/sync.c.obj
 .bss.claimed   0x0000000020001c7c        0x1 CMakeFiles/main.dir/home/ryan/pico/pico-sdk/src/rp2_common/hardware_timer/timer.c.obj
 *fill*         0x0000000020001c7d        0x3 
 .bss.configured_freq
                0x0000000020001c80       0x28 CMakeFiles/main.dir/home/ryan/pico/pico-sdk/src/rp2_common/hardware_clocks/clocks.c.obj
 .bss.desc_str.0
                0x0000000020001ca8       0x28 CMakeFiles/main.dir/home/ryan/pico/pico-sdk/src/rp2_common/pico_stdio_usb/stdio_usb_descriptors.c.obj
 .bss.drivers   0x0000000020001cd0        0x4 CMakeFiles/main.dir/home/ryan/pico/pico-sdk/src/rp2_common/pico_stdio/stdio.c.obj
 .bss.e15_last_sof
                0x0000000020001cd4        0x4 CMakeFiles/main.dir/home/ryan/pico/pico-sdk/lib/tinyusb/src/portable/raspberrypi/rp2040/rp2040_usb.c.obj
                0x0000000020001cd4                e15_last_sof
 .bss.filter    0x0000000020001cd8        0x4 CMakeFiles/main.dir/home/ryan/pico/pico-sdk/src/rp2_common/pico_stdio/stdio.c.obj
 .bss.hw_endpoints
                0x0000000020001cdc      0x400 CMakeFiles/main.dir/home/ryan/pico/pico-sdk/lib/tinyusb/src/portable/raspberrypi/rp2040/dcd_rp2040.c.obj
 .bss.lazy_vsnprintf
                0x00000000200020dc        0x4 CMakeFiles/main.dir/home/ryan/pico/pico-sdk/src/rp2_common/pico_printf/printf.c.obj
 .bss.load_value
                0x00000000200020e0        0x4 CMakeFiles/main.dir/home/ryan/pico/pico-sdk/src/rp2_common/hardware_watchdog/watchdog.c.obj
 .bss.next_buffer_ptr
                0x00000000200020e4        0x4 CMakeFiles/main.dir/home/ryan/pico/pico-sdk/lib/tinyusb/src/portable/raspberrypi/rp2040/dcd_rp2040.c.obj
 .bss.one_shot_timer_crit_sec
                0x00000000200020e8        0x8 CMakeFiles/main.dir/home/ryan/pico/pico-sdk/src/rp2_common/pico_stdio_usb/stdio_usb.c.obj
 .bss.pools     0x00000000200020f0       0x10 CMakeFiles/main.dir/home/ryan/pico/pico-sdk/src/common/pico_time/time.c.obj
 .bss.retrieved_id
                0x0000000020002100        0x8 CMakeFiles/main.dir/home/ryan/pico/pico-sdk/src/rp2_common/pico_unique_id/unique_id.c.obj
 .bss.sf_clz_func
                0x0000000020002108        0x4 CMakeFiles/main.dir/home/ryan/pico/pico-sdk/src/rp2_common/pico_double/double_init_rom_rp2040.c.obj
                0x0000000020002108                sf_clz_func
 .bss.sleep_notifier
                0x000000002000210c        0x4 CMakeFiles/main.dir/home/ryan/pico/pico-sdk/src/common/pico_time/time.c.obj
 .bss.stdio_usb_mutex
                0x0000000020002110        0x8 CMakeFiles/main.dir/home/ryan/pico/pico-sdk/src/rp2_common/pico_stdio_usb/stdio_usb.c.obj
 .bss.usbd_serial_str
                0x0000000020002118       0x11 CMakeFiles/main.dir/home/ryan/pico/pico-sdk/src/rp2_common/pico_stdio_usb/stdio_usb_descriptors.c.obj
 .bss._app_driver_count
                0x0000000020002129        0x1 CMakeFiles/main.dir/home/ryan/pico/pico-sdk/lib/tinyusb/src/device/usbd.c.obj
 .bss._sof_enable
                0x000000002000212a        0x1 CMakeFiles/main.dir/home/ryan/pico/pico-sdk/lib/tinyusb/src/portable/raspberrypi/rp2040/dcd_rp2040.c.obj
 .bss._usbd_queued_setup
                0x000000002000212b        0x1 CMakeFiles/main.dir/home/ryan/pico/pico-sdk/lib/tinyusb/src/device/usbd.c.obj
 .bss.boot2_copyout_valid
                0x000000002000212c        0x1 CMakeFiles/main.dir/home/ryan/pico/pico-sdk/src/rp2_common/hardware_flash/flash.c.obj
 .bss.irq_handler_chain_free_slot_head
                0x000000002000212d        0x1 CMakeFiles/main.dir/home/ryan/pico/pico-sdk/src/rp2_common/hardware_irq/irq.c.obj
 .bss.itf_num   0x000000002000212e        0x1 CMakeFiles/main.dir/home/ryan/pico/pico-sdk/src/rp2_common/pico_stdio_usb/reset_interface.c.obj
 .bss.low_priority_irq_num
                0x000000002000212f        0x1 CMakeFiles/main.dir/home/ryan/pico/pico-sdk/src/rp2_common/pico_stdio_usb/stdio_usb.c.obj
 .bss.one_shot_timer_pending
                0x0000000020002130        0x1 CMakeFiles/main.dir/home/ryan/pico/pico-sdk/src/rp2_common/pico_stdio_usb/stdio_usb.c.obj
 .bss.user_irq_claimed
                0x0000000020002131        0x1 CMakeFiles/main.dir/home/ryan/pico/pico-sdk/src/rp2_common/hardware_irq/irq.c.obj
 *(COMMON)
                0x0000000020002134                . = ALIGN (0x4)
 *fill*         0x0000000020002132        0x2 
                0x0000000020002134                __bss_end__ = .

.heap           0x0000000020002134    0x3decc load address 0x0000000010008b44
                0x0000000020002134                __end__ = .
                0x0000000020002134                end = __end__
 *(.heap*)
 .heap          0x0000000020002134      0x800 CMakeFiles/main.dir/home/ryan/pico/pico-sdk/src/rp2_common/pico_crt0/crt0.S.obj
                0x0000000020040000                . = (ORIGIN (RAM) + LENGTH (RAM))
 *fill*         0x0000000020002934    0x3d6cc 
                0x0000000020040000                __HeapLimit = .

.scratch_x      0x0000000020040000        0x0 load address 0x0000000010008b44
                0x0000000020040000                __scratch_x_start__ = .
 *(.scratch_x.*)
                0x0000000020040000                . = ALIGN (0x4)
                0x0000000020040000                __scratch_x_end__ = .
                0x0000000010008b44                __scratch_x_source__ = LOADADDR (.scratch_x)

.scratch_y      0x0000000020041000        0x0 load address 0x0000000010008b44
                0x0000000020041000                __scratch_y_start__ = .
 *(.scratch_y.*)
                0x0000000020041000                . = ALIGN (0x4)
                0x0000000020041000                __scratch_y_end__ = .
                0x0000000010008b44                __scratch_y_source__ = LOADADDR (.scratch_y)

.stack1_dummy   0x0000000020040000        0x0
 *(.stack1*)

.stack_dummy    0x0000000020041000      0x800
 *(.stack*)
 .stack         0x0000000020041000      0x800 CMakeFiles/main.dir/home/ryan/pico/pico-sdk/src/rp2_common/pico_crt0/crt0.S.obj

.flash_end      0x0000000010008b44        0x0
 *(.embedded_end_block*)
                0x0000000010008b44                PROVIDE (__flash_binary_end = .)
                0x0000000020040000                __StackLimit = (ORIGIN (RAM) + LENGTH (RAM))
                0x0000000020041000                __StackOneTop = (ORIGIN (SCRATCH_X) + LENGTH (SCRATCH_X))
                0x0000000020042000                __StackTop = (ORIGIN (SCRATCH_Y) + LENGTH (SCRATCH_Y))
                0x0000000020041000                __StackOneBottom = (__StackOneTop - SIZEOF (.stack1_dummy))
                0x0000000020041800                __StackBottom = (__StackTop - SIZEOF (.stack_dummy))
                0x0000000020042000                PROVIDE (__stack = __StackTop)
                [!provide]                        PROVIDE (__heap_start = __end__)
                [!provide]                        PROVIDE (__heap_end = __HeapLimit)
                [!provide]                        PROVIDE (__tls_align = MAX (ALIGNOF (.tdata), ALIGNOF (.tbss)))
                [!provide]                        PROVIDE (__tls_size_align = (((__tls_size + __tls_align) - 0x1) & ~ ((__tls_align - 0x1))))
                [!provide]                        PROVIDE (__arm32_tls_tcb_offset = MAX (0x8, __tls_align))
                [!provide]                        PROVIDE (_end = __end__)
                [!provide]                        PROVIDE (__llvm_libc_heap_limit = __HeapLimit)
                0x0000000000000001                ASSERT ((__StackLimit >= __HeapLimit), region RAM overflowed)
                0x0000000000000001                ASSERT (((__binary_info_header_end - __logical_binary_start) <= 0x100), Binary info must be in first 256 bytes of the binary)
LOAD CMakeFiles/main.dir/main.cpp.obj
LOAD CMakeFiles/main.dir/imu.cpp.obj
LOAD CMakeFiles/main.dir/home/ryan/pico/pico-sdk/src/rp2_common/pico_stdlib/stdlib.c.obj
LOAD CMakeFiles/main.dir/home/ryan/pico/pico-sdk/src/rp2_common/hardware_gpio/gpio.c.obj
LOAD CMakeFiles/main.dir/home/ryan/pico/pico-sdk/src/rp2040/pico_platform/platform.c.obj
LOAD CMakeFiles/main.dir/home/ryan/pico/pico-sdk/src/rp2_common/pico_platform_panic/panic.c.obj
LOAD CMakeFiles/main.dir/home/ryan/pico/pico-sdk/src/common/hardware_claim/claim.c.obj
LOAD CMakeFiles/main.dir/home/ryan/pico/pico-sdk/src/rp2_common/hardware_sync/sync.c.obj
LOAD CMakeFiles/main.dir/home/ryan/pico/pico-sdk/src/rp2_common/hardware_sync_spin_lock/sync_spin_lock.c.obj
LOAD CMakeFiles/main.dir/home/ryan/pico/pico-sdk/src/rp2_common/hardware_irq/irq.c.obj
LOAD CMakeFiles/main.dir/home/ryan/pico/pico-sdk/src/rp2_common/hardware_irq/irq_handler_chain.S.obj
LOAD CMakeFiles/main.dir/home/ryan/pico/pico-sdk/src/common/pico_sync/sem.c.obj
LOAD CMakeFiles/main.dir/home/ryan/pico/pico-sdk/src/common/pico_sync/lock_core.c.obj
LOAD CMakeFiles/main.dir/home/ryan/pico/pico-sdk/src/common/pico_sync/mutex.c.obj
LOAD CMakeFiles/main.dir/home/ryan/pico/pico-sdk/src/common/pico_sync/critical_section.c.obj
LOAD CMakeFiles/main.dir/home/ryan/pico/pico-sdk/src/common/pico_time/time.c.obj
LOAD CMakeFiles/main.dir/home/ryan/pico/pico-sdk/src/common/pico_time/timeout_helper.c.obj
LOAD CMakeFiles/main.dir/home/ryan/pico/pico-sdk/src/rp2_common/hardware_timer/timer.c.obj
LOAD CMakeFiles/main.dir/home/ryan/pico/pico-sdk/src/common/pico_util/datetime.c.obj
LOAD CMakeFiles/main.dir/home/ryan/pico/pico-sdk/src/common/pico_util/pheap.c.obj
LOAD CMakeFiles/main.dir/home/ryan/pico/pico-sdk/src/common/pico_util/queue.c.obj
LOAD CMakeFiles/main.dir/home/ryan/pico/pico-sdk/src/rp2_common/hardware_uart/uart.c.obj
LOAD CMakeFiles/main.dir/home/ryan/pico/pico-sdk/src/rp2_common/hardware_clocks/clocks.c.obj
LOAD CMakeFiles/main.dir/home/ryan/pico/pico-sdk/src/rp2_common/hardware_pll/pll.c.obj
LOAD CMakeFiles/main.dir/home/ryan/pico/pico-sdk/src/rp2_common/hardware_vreg/vreg.c.obj
LOAD CMakeFiles/main.dir/home/ryan/pico/pico-sdk/src/rp2_common/hardware_watchdog/watchdog.c.obj
LOAD CMakeFiles/main.dir/home/ryan/pico/pico-sdk/src/rp2_common/hardware_ticks/ticks.c.obj
LOAD CMakeFiles/main.dir/home/ryan/pico/pico-sdk/src/rp2_common/hardware_xosc/xosc.c.obj
LOAD CMakeFiles/main.dir/home/ryan/pico/pico-sdk/src/rp2_common/hardware_divider/divider.S.obj
LOAD CMakeFiles/main.dir/home/ryan/pico/pico-sdk/src/rp2_common/pico_runtime/runtime.c.obj
LOAD CMakeFiles/main.dir/home/ryan/pico/pico-sdk/src/rp2_common/pico_runtime_init/runtime_init.c.obj
LOAD CMakeFiles/main.dir/home/ryan/pico/pico-sdk/src/rp2_common/pico_runtime_init/runtime_init_clocks.c.obj
LOAD CMakeFiles/main.dir/home/ryan/pico/pico-sdk/src/rp2_common/pico_runtime_init/runtime_init_stack_guard.c.obj
LOAD CMakeFiles/main.dir/home/ryan/pico/pico-sdk/src/rp2_common/pico_bit_ops/bit_ops_aeabi.S.obj
LOAD CMakeFiles/main.dir/home/ryan/pico/pico-sdk/src/rp2_common/pico_bootrom/bootrom.c.obj
LOAD CMakeFiles/main.dir/home/ryan/pico/pico-sdk/src/rp2_common/pico_bootrom/bootrom_lock.c.obj
LOAD CMakeFiles/main.dir/home/ryan/pico/pico-sdk/src/rp2_common/hardware_boot_lock/boot_lock.c.obj
LOAD CMakeFiles/main.dir/home/ryan/pico/pico-sdk/src/rp2_common/pico_divider/divider_hardware.S.obj