Archive member included to satisfy reference by file (symbol)

/usr/lib/gcc/arm-none-eabi/10.3.1/thumb/v6-m/nofp/libgcc.a(_dvmd_tls.o)
                              CMakeFiles/main.dir/home/ryan/pico/pico-sdk/src/rp2_common/pico_divider/divider_hardware.S.obj (__aeabi_idiv0)
/usr/lib/gcc/arm-none-eabi/10.3.1/../../../arm-none-eabi/lib/thumb/v6-m/nofp/libg.a(lib_a-atexit.o)
                              /usr/lib/gcc/arm-none-eabi/10.3.1/../../../arm-none-eabi/lib/thumb/v6-m/nofp/crt0.o (atexit)
/usr/lib/gcc/arm-none-eabi/10.3.1/../../../arm-none-eabi/lib/thumb/v6-m/nofp/libg.a(lib_a-calloc.o)
                              CMakeFiles/main.dir/home/ryan/pico/pico-sdk/src/rp2_common/pico_malloc/malloc.c.obj (calloc)
/usr/lib/gcc/arm-none-eabi/10.3.1/../../../arm-none-eabi/lib/thumb/v6-m/nofp/libg.a(lib_a-callocr.o)
                              /usr/lib/gcc/arm-none-eabi/10.3.1/../../../arm-none-eabi/lib/thumb/v6-m/nofp/libg.a(lib_a-calloc.o) (_calloc_r)
/usr/lib/gcc/arm-none-eabi/10.3.1/../../../arm-none-eabi/lib/thumb/v6-m/nofp/libg.a(lib_a-fini.o)
                              /usr/lib/gcc/arm-none-eabi/10.3.1/../../../arm-none-eabi/lib/thumb/v6-m/nofp/crt0.o (__libc_fini_array)
/usr/lib/gcc/arm-none-eabi/10.3.1/../../../arm-none-eabi/lib/thumb/v6-m/nofp/libg.a(lib_a-impure.o)
                              /usr/lib/gcc/arm-none-eabi/10.3.1/../../../arm-none-eabi/lib/thumb/v6-m/nofp/libg.a(lib_a-calloc.o) (_impure_ptr)
/usr/lib/gcc/arm-none-eabi/10.3.1/../../../arm-none-eabi/lib/thumb/v6-m/nofp/libg.a(lib_a-init.o)
                              /usr/lib/gcc/arm-none-eabi/10.3.1/../../../arm-none-eabi/lib/thumb/v6-m/nofp/crt0.o (__libc_init_array)
/usr/lib/gcc/arm-none-eabi/10.3.1/../../../arm-none-eabi/lib/thumb/v6-m/nofp/libg.a(lib_a-lcltime_r.o)
                              CMakeFiles/main.dir/home/ryan/pico/pico-sdk/src/common/pico_util/datetime.c.obj (localtime_r)
/usr/lib/gcc/arm-none-eabi/10.3.1/../../../arm-none-eabi/lib/thumb/v6-m/nofp/libg.a(lib_a-malloc.o)
                              CMakeFiles/main.dir/home/ryan/pico/pico-sdk/src/rp2_common/pico_malloc/malloc.c.obj (malloc)
/usr/lib/gcc/arm-none-eabi/10.3.1/../../../arm-none-eabi/lib/thumb/v6-m/nofp/libg.a(lib_a-mallocr.o)
                              /usr/lib/gcc/arm-none-eabi/10.3.1/../../../arm-none-eabi/lib/thumb/v6-m/nofp/libg.a(lib_a-callocr.o) (_malloc_r)
/usr/lib/gcc/arm-none-eabi/10.3.1/../../../arm-none-eabi/lib/thumb/v6-m/nofp/libg.a(lib_a-memcmp.o)
                              CMakeFiles/main.dir/home/ryan/pico/pico-sdk/src/rp2_common/pico_atomic/atomic.c.obj (memcmp)
/usr/lib/gcc/arm-none-eabi/10.3.1/../../../arm-none-eabi/lib/thumb/v6-m/nofp/libg.a(lib_a-mktime.o)
                              CMakeFiles/main.dir/home/ryan/pico/pico-sdk/src/common/pico_util/datetime.c.obj (mktime)
/usr/lib/gcc/arm-none-eabi/10.3.1/../../../arm-none-eabi/lib/thumb/v6-m/nofp/libg.a(lib_a-mlock.o)
                              /usr/lib/gcc/arm-none-eabi/10.3.1/../../../arm-none-eabi/lib/thumb/v6-m/nofp/libg.a(lib_a-mallocr.o) (__malloc_lock)
/usr/lib/gcc/arm-none-eabi/10.3.1/../../../arm-none-eabi/lib/thumb/v6-m/nofp/libg.a(lib_a-month_lengths.o)
                              /usr/lib/gcc/arm-none-eabi/10.3.1/../../../arm-none-eabi/lib/thumb/v6-m/nofp/libg.a(lib_a-lcltime_r.o) (__month_lengths)
/usr/lib/gcc/arm-none-eabi/10.3.1/../../../arm-none-eabi/lib/thumb/v6-m/nofp/libg.a(lib_a-realloc.o)
                              CMakeFiles/main.dir/home/ryan/pico/pico-sdk/src/rp2_common/pico_malloc/malloc.c.obj (realloc)
/usr/lib/gcc/arm-none-eabi/10.3.1/../../../arm-none-eabi/lib/thumb/v6-m/nofp/libg.a(lib_a-reallocr.o)
                              /usr/lib/gcc/arm-none-eabi/10.3.1/../../../arm-none-eabi/lib/thumb/v6-m/nofp/libg.a(lib_a-realloc.o) (_realloc_r)
/usr/lib/gcc/arm-none-eabi/10.3.1/../../../arm-none-eabi/lib/thumb/v6-m/nofp/libg.a(lib_a-sbrkr.o)
                              /usr/lib/gcc/arm-none-eabi/10.3.1/../../../arm-none-eabi/lib/thumb/v6-m/nofp/libg.a(lib_a-mallocr.o) (_sbrk_r)
/usr/lib/gcc/arm-none-eabi/10.3.1/../../../arm-none-eabi/lib/thumb/v6-m/nofp/libg.a(lib_a-strlen-stub.o)
                              CMakeFiles/main.dir/home/ryan/pico/pico-sdk/src/rp2_common/pico_stdio/stdio.c.obj (strlen)
/usr/lib/gcc/arm-none-eabi/10.3.1/../../../arm-none-eabi/lib/thumb/v6-m/nofp/libg.a(lib_a-tzcalc_limits.o)
                              /usr/lib/gcc/arm-none-eabi/10.3.1/../../../arm-none-eabi/lib/thumb/v6-m/nofp/libg.a(lib_a-lcltime_r.o) (__tzcalc_limits)
/usr/lib/gcc/arm-none-eabi/10.3.1/../../../arm-none-eabi/lib/thumb/v6-m/nofp/libg.a(lib_a-tzlock.o)
                              /usr/lib/gcc/arm-none-eabi/10.3.1/../../../arm-none-eabi/lib/thumb/v6-m/nofp/libg.a(lib_a-lcltime_r.o) (__tz_lock)
/usr/lib/gcc/arm-none-eabi/10.3.1/../../../arm-none-eabi/lib/thumb/v6-m/nofp/libg.a(lib_a-tzset.o)
[...]
Memory Configuration

Name             Origin             Length             Attributes
FLASH            0x0000000010000000 0x0000000000200000 xr
RAM              0x0000000020000000 0x0000000000040000 xrw
SCRATCH_X        0x0000000020040000 0x0000000000001000 xrw
SCRATCH_Y        0x0000000020041000 0x0000000000001000 xrw
*default*        0x0000000000000000 0xffffffffffffffff

Linker script and memory map

LOAD /usr/lib/gcc/arm-none-eabi/10.3.1/thumb/v6-m/nofp/crti.o
LOAD /usr/lib/gcc/arm-none-eabi/10.3.1/thumb/v6-m/nofp/crtbegin.o
LOAD /usr/lib/gcc/arm-none-eabi/10.3.1/../../../arm-none-eabi/lib/thumb/v6-m/nofp/crt0.o

.flash_begin    0x0000000010000000        0x0
                0x0000000010000000                __flash_binary_start = .

.boot2          0x0000000010000000      0x100
                0x0000000010000000                __boot2_start__ = .
 *(.boot2)
 .boot2         0x0000000010000000      0x100 /tmp/cclCYi3c.o
                0x0000000010000100                __boot2_end__ = .
                0x0000000000000001                ASSERT (((__boot2_end__ - __boot2_start__) == 0x100), ERROR: Pico second stage bootloader must be 256 bytes in size)

.text           0x0000000010000100     0x761c
                0x0000000010000100                __logical_binary_start = .
 *(.vectors)
 .vectors       0x0000000010000100       0xd4 CMakeFiles/main.dir/home/ryan/pico/pico-sdk/src/rp2_common/pico_crt0/crt0.S.obj
                0x0000000010000100                __vectors
                0x0000000010000100                __VECTOR_TABLE
                0x00000000100001c0                isr_invalid
                0x00000000100001c0                __default_isrs_start
                0x00000000100001c2                isr_nmi
                0x00000000100001c4                isr_hardfault
                0x00000000100001c6                isr_svcall
                0x00000000100001c8                isr_pendsv
                0x00000000100001ca                isr_systick
                0x00000000100001cc                isr_irq30
                0x00000000100001cc                __unhandled_user_irq
                0x00000000100001cc                isr_irq13
                0x00000000100001cc                isr_irq27
                0x00000000100001cc                isr_irq31
                0x00000000100001cc                isr_irq5
                0x00000000100001cc                isr_irq11
                0x00000000100001cc                isr_irq23
                0x00000000100001cc                isr_irq18
                0x00000000100001cc                isr_irq28
                0x00000000100001cc                isr_irq19
                0x00000000100001cc                isr_irq0
                0x00000000100001cc                isr_irq6
                0x00000000100001cc                isr_irq22
                0x00000000100001cc                isr_irq17
                0x00000000100001cc                isr_irq14
                0x00000000100001cc                isr_irq2
                0x00000000100001cc                isr_irq10
                0x00000000100001cc                isr_irq8
                0x00000000100001cc                isr_irq24
                0x00000000100001cc                isr_irq1
                0x00000000100001cc                isr_irq7
                0x00000000100001cc                isr_irq21
                0x00000000100001cc                isr_irq20
                0x00000000100001cc                isr_irq15
                0x00000000100001cc                isr_irq25
                0x00000000100001cc                isr_irq4
                0x00000000100001cc                isr_irq16
                0x00000000100001cc                isr_irq29
                0x00000000100001cc                isr_irq26
                0x00000000100001cc                __default_isrs_end
                0x00000000100001cc                isr_irq3
                0x00000000100001cc                isr_irq12
                0x00000000100001cc                isr_irq9
                0x00000000100001d2                unhandled_user_irq_num_in_r0
 *(.binary_info_header)
 .binary_info_header
                0x00000000100001d4       0x14 CMakeFiles/main.dir/home/ryan/pico/pico-sdk/src/rp2_common/pico_crt0/crt0.S.obj
                0x00000000100001e8                __binary_info_header_end = .
 *(.embedded_block)
                0x00000000100001e8                __embedded_block_end = .
 *(.reset)
 .reset         0x00000000100001e8       0x9c CMakeFiles/main.dir/home/ryan/pico/pico-sdk/src/rp2_common/pico_crt0/crt0.S.obj
                0x00000000100001e8                _entry_point
 *(.init)
 .init          0x0000000010000284        0x4 /usr/lib/gcc/arm-none-eabi/10.3.1/thumb/v6-m/nofp/crti.o
                0x0000000010000284                _init
 *(EXCLUDE_FILE(*libm.a: *libc.a:*lib_a-mem*.o *libgcc.a:) .text*)
 .text          0x0000000010000288       0x98 /usr/lib/gcc/arm-none-eabi/10.3.1/thumb/v6-m/nofp/crtbegin.o
 .text.startup.main
                0x0000000010000320       0x70 CMakeFiles/main.dir/main.cpp.obj
                0x0000000010000320                main
 .text._ZN3IMUC2Ev
                0x0000000010000390      0x2dc CMakeFiles/main.dir/imu.cpp.obj
                0x0000000010000390                IMU::IMU()
                0x0000000010000390                IMU::IMU()
 .text._ZN3IMU16getRotationRatesEv
                0x000000001000066c       0x9c CMakeFiles/main.dir/imu.cpp.obj
                0x000000001000066c                IMU::getRotationRates()
 .text._ZN3IMU9getAnglesEd
                0x0000000010000708      0x234 CMakeFiles/main.dir/imu.cpp.obj
                0x0000000010000708                IMU::getAngles(double)
 .text.gpio_set_function
                0x000000001000093c       0x34 CMakeFiles/main.dir/home/ryan/pico/pico-sdk/src/rp2_common/hardware_gpio/gpio.c.obj
                0x000000001000093c                gpio_set_function
 .text.gpio_set_pulls
                0x0000000010000970       0x34 CMakeFiles/main.dir/home/ryan/pico/pico-sdk/src/rp2_common/hardware_gpio/gpio.c.obj
                0x0000000010000970                gpio_set_pulls
 .text.rp2040_chip_version
                0x00000000100009a4        0xc CMakeFiles/main.dir/home/ryan/pico/pico-sdk/src/rp2040/pico_platform/platform.c.obj
                0x00000000100009a4                rp2040_chip_version
 .text.panic    0x00000000100009b0       0x30 CMakeFiles/main.dir/home/ryan/pico/pico-sdk/src/rp2_common/pico_platform_panic/panic.c.obj
                0x00000000100009b0                panic
 .text.hw_claim_or_assert
                0x00000000100009e0       0x44 CMakeFiles/main.dir/home/ryan/pico/pico-sdk/src/common/hardware_claim/claim.c.obj
                0x00000000100009e0                hw_claim_or_assert
 .text.hw_claim_unused_from_range
                0x0000000010000a24       0x9c CMakeFiles/main.dir/home/ryan/pico/pico-sdk/src/common/hardware_claim/claim.c.obj
                0x0000000010000a24                hw_claim_unused_from_range
 .text.next_striped_spin_lock_num
                0x0000000010000ac0       0x18 CMakeFiles/main.dir/home/ryan/pico/pico-sdk/src/rp2_common/hardware_sync/sync.c.obj
                0x0000000010000ac0                next_striped_spin_lock_num
 .text.spin_lock_claim_unused
                0x0000000010000ad8       0x20 CMakeFiles/main.dir/home/ryan/pico/pico-sdk/src/rp2_common/hardware_sync/sync.c.obj
                0x0000000010000ad8                spin_lock_claim_unused
 .text.spin_locks_reset
                0x0000000010000af8       0x1c CMakeFiles/main.dir/home/ryan/pico/pico-sdk/src/rp2_common/hardware_sync_spin_lock/sync_spin_lock.c.obj
                0x0000000010000af8                spin_locks_reset
 .text.runtime_init_per_core_irq_priorities
                0x0000000010000b14       0x24 CMakeFiles/main.dir/home/ryan/pico/pico-sdk/src/rp2_common/hardware_irq/irq.c.obj
                0x0000000010000b14                runtime_init_per_core_irq_priorities
 .text.irq_set_enabled
                0x0000000010000b38       0x24 CMakeFiles/main.dir/home/ryan/pico/pico-sdk/src/rp2_common/hardware_irq/irq.c.obj
                0x0000000010000b38                irq_set_enabled
 .text.irq_is_enabled
                0x0000000010000b5c       0x18 CMakeFiles/main.dir/home/ryan/pico/pico-sdk/src/rp2_common/hardware_irq/irq.c.obj
                0x0000000010000b5c                irq_is_enabled
 .text.irq_set_pending
                0x0000000010000b74       0x10 CMakeFiles/main.dir/home/ryan/pico/pico-sdk/src/rp2_common/hardware_irq/irq.c.obj
                0x0000000010000b74                irq_set_pending
 .text.irq_has_shared_handler
                0x0000000010000b84       0x2c CMakeFiles/main.dir/home/ryan/pico/pico-sdk/src/rp2_common/hardware_irq/irq.c.obj
                0x0000000010000b84                irq_has_shared_handler
 .text.irq_set_exclusive_handler
                0x0000000010000bb0       0x54 CMakeFiles/main.dir/home/ryan/pico/pico-sdk/src/rp2_common/hardware_irq/irq.c.obj
                0x0000000010000bb0                irq_set_exclusive_handler
 .text.irq_add_shared_handler
                0x0000000010000c04      0x1e8 CMakeFiles/main.dir/home/ryan/pico/pico-sdk/src/rp2_common/hardware_irq/irq.c.obj
                0x0000000010000c04                irq_add_shared_handler
 .text.irq_add_tail_to_free_list
                0x0000000010000dec       0xb4 CMakeFiles/main.dir/home/ryan/pico/pico-sdk/src/rp2_common/hardware_irq/irq.c.obj
                0x0000000010000dec                irq_add_tail_to_free_list
 .text.user_irq_claim_unused
                0x0000000010000ea0       0x28 CMakeFiles/main.dir/home/ryan/pico/pico-sdk/src/rp2_common/hardware_irq/irq.c.obj
                0x0000000010000ea0                user_irq_claim_unused
 .text.lock_init
                0x0000000010000ec8       0x10 CMakeFiles/main.dir/home/ryan/pico/pico-sdk/src/common/pico_sync/lock_core.c.obj
                0x0000000010000ec8                lock_init
 .text.runtime_init_mutex
                0x0000000010000ed8       0x58 CMakeFiles/main.dir/home/ryan/pico/pico-sdk/src/common/pico_sync/mutex.c.obj
                0x0000000010000ed8                runtime_init_mutex
 .text.mutex_init
                0x0000000010000f30       0x1c CMakeFiles/main.dir/home/ryan/pico/pico-sdk/src/common/pico_sync/mutex.c.obj
                0x0000000010000f30                mutex_init
 .text.critical_section_init
                0x0000000010000f4c       0x20 CMakeFiles/main.dir/home/ryan/pico/pico-sdk/src/common/pico_sync/critical_section.c.obj
                0x0000000010000f4c                critical_section_init
 .text.critical_section_init_with_lock_num
                0x0000000010000f6c       0x14 CMakeFiles/main.dir/home/ryan/pico/pico-sdk/src/common/pico_sync/critical_section.c.obj
                0x0000000010000f6c                critical_section_init_with_lock_num
 .text.sleep_until_callback
                0x0000000010000f80       0x30 CMakeFiles/main.dir/home/ryan/pico/pico-sdk/src/common/pico_time/time.c.obj
 .text.alarm_pool_irq_handler
                0x0000000010000fb0      0x2e4 CMakeFiles/main.dir/home/ryan/pico/pico-sdk/src/common/pico_time/time.c.obj
 .text.runtime_init_default_alarm_pool
                0x0000000010001294       0xdc CMakeFiles/main.dir/home/ryan/pico/pico-sdk/src/common/pico_time/time.c.obj
                0x0000000010001294                runtime_init_default_alarm_pool
 .text.alarm_pool_get_default
                0x0000000010001370        0x8 CMakeFiles/main.dir/home/ryan/pico/pico-sdk/src/common/pico_time/time.c.obj
                0x0000000010001370                alarm_pool_get_default
 .text.alarm_pool_add_alarm_at
                0x0000000010001378       0xc8 CMakeFiles/main.dir/home/ryan/pico/pico-sdk/src/common/pico_time/time.c.obj
                0x0000000010001378                alarm_pool_add_alarm_at
 .text.alarm_pool_add_alarm_at_force_in_context
                0x0000000010001440       0xb0 CMakeFiles/main.dir/home/ryan/pico/pico-sdk/src/common/pico_time/time.c.obj
                0x0000000010001440                alarm_pool_add_alarm_at_force_in_context
 .text.alarm_pool_cancel_alarm
                0x00000000100014f0       0x7c CMakeFiles/main.dir/home/ryan/pico/pico-sdk/src/common/pico_time/time.c.obj
                0x00000000100014f0                alarm_pool_cancel_alarm
 .text.alarm_pool_core_num
                0x000000001000156c        0x4 CMakeFiles/main.dir/home/ryan/pico/pico-sdk/src/common/pico_time/time.c.obj
                0x000000001000156c                alarm_pool_core_num
 .text.sleep_until
                0x0000000010001570       0xd0 CMakeFiles/main.dir/home/ryan/pico/pico-sdk/src/common/pico_time/time.c.obj
                0x0000000010001570                sleep_until
 .text.sleep_ms
                0x0000000010001640       0x34 CMakeFiles/main.dir/home/ryan/pico/pico-sdk/src/common/pico_time/time.c.obj
                0x0000000010001640                sleep_ms
 .text.best_effort_wfe_or_timeout
                0x0000000010001674      0x11c CMakeFiles/main.dir/home/ryan/pico/pico-sdk/src/common/pico_time/time.c.obj
                0x0000000010001674                best_effort_wfe_or_timeout
 .text.timer_hardware_alarm_claim
                0x0000000010001790       0x14 CMakeFiles/main.dir/home/ryan/pico/pico-sdk/src/rp2_common/hardware_timer/timer.c.obj
                0x0000000010001790                timer_hardware_alarm_claim
 .text.timer_time_us_64
                0x00000000100017a4       0x10 CMakeFiles/main.dir/home/ryan/pico/pico-sdk/src/rp2_common/hardware_timer/timer.c.obj
                0x00000000100017a4                timer_time_us_64
 .text.time_us_64
                0x00000000100017b4       0x14 CMakeFiles/main.dir/home/ryan/pico/pico-sdk/src/rp2_common/hardware_timer/timer.c.obj
                0x00000000100017b4                time_us_64
 .text.busy_wait_until
                0x00000000100017c8       0x20 CMakeFiles/main.dir/home/ryan/pico/pico-sdk/src/rp2_common/hardware_timer/timer.c.obj
                0x00000000100017c8                busy_wait_until
 .text.clock_configure_int_divider
                0x00000000100017e8       0xf4 CMakeFiles/main.dir/home/ryan/pico/pico-sdk/src/rp2_common/hardware_clocks/clocks.c.obj
                0x00000000100017e8                clock_configure_int_divider
 .text.clock_configure_undivided
                0x00000000100018dc       0xe8 CMakeFiles/main.dir/home/ryan/pico/pico-sdk/src/rp2_common/hardware_clocks/clocks.c.obj
                0x00000000100018dc                clock_configure_undivided
 .text.clock_get_hz
                0x00000000100019c4        0xc CMakeFiles/main.dir/home/ryan/pico/pico-sdk/src/rp2_common/hardware_clocks/clocks.c.obj
                0x00000000100019c4                clock_get_hz
 .text.pll_init
                0x00000000100019d0       0xa0 CMakeFiles/main.dir/home/ryan/pico/pico-sdk/src/rp2_common/hardware_pll/pll.c.obj
                0x00000000100019d0                pll_init
 .text.watchdog_reboot
                0x0000000010001a70       0x98 CMakeFiles/main.dir/home/ryan/pico/pico-sdk/src/rp2_common/hardware_watchdog/watchdog.c.obj
                0x0000000010001a70                watchdog_reboot
 .text.tick_start
                0x0000000010001b08       0x10 CMakeFiles/main.dir/home/ryan/pico/pico-sdk/src/rp2_common/hardware_ticks/ticks.c.obj
                0x0000000010001b08                tick_start
 .text.xosc_init
                0x0000000010001b18       0x28 CMakeFiles/main.dir/home/ryan/pico/pico-sdk/src/rp2_common/hardware_xosc/xosc.c.obj
                0x0000000010001b18                xosc_init
 .text.first_per_core_initializer
                0x0000000010001b40        0x4 CMakeFiles/main.dir/home/ryan/pico/pico-sdk/src/rp2_common/pico_runtime/runtime.c.obj
 .text.hard_assertion_failure
                0x0000000010001b44        0xc CMakeFiles/main.dir/home/ryan/pico/pico-sdk/src/rp2_common/pico_runtime/runtime.c.obj
                0x0000000010001b44                hard_assertion_failure
 .text.runtime_run_initializers
                0x0000000010001b50       0x28 CMakeFiles/main.dir/home/ryan/pico/pico-sdk/src/rp2_common/pico_runtime/runtime.c.obj
                0x0000000010001b50                runtime_run_initializers
 .text.runtime_init_early_resets
                0x0000000010001b78       0x2c CMakeFiles/main.dir/home/ryan/pico/pico-sdk/src/rp2_common/pico_runtime_init/runtime_init.c.obj
                0x0000000010001b78                runtime_init_early_resets
 .text.runtime_init_usb_power_down
                0x0000000010001ba4       0x1c CMakeFiles/main.dir/home/ryan/pico/pico-sdk/src/rp2_common/pico_runtime_init/runtime_init.c.obj
                0x0000000010001ba4                runtime_init_usb_power_down
 .text.runtime_init_post_clock_resets
                0x0000000010001bc0       0x20 CMakeFiles/main.dir/home/ryan/pico/pico-sdk/src/rp2_common/pico_runtime_init/runtime_init.c.obj
                0x0000000010001bc0                runtime_init_post_clock_resets
 .text.runtime_init_rp2040_gpio_ie_disable
                0x0000000010001be0       0x14 CMakeFiles/main.dir/home/ryan/pico/pico-sdk/src/rp2_common/pico_runtime_init/runtime_init.c.obj
                0x0000000010001be0                runtime_init_rp2040_gpio_ie_disable
 .text.runtime_init_spin_locks_reset
                0x0000000010001bf4        0x8 CMakeFiles/main.dir/home/ryan/pico/pico-sdk/src/rp2_common/pico_runtime_init/runtime_init.c.obj
                0x0000000010001bf4                runtime_init_spin_locks_reset
 .text.runtime_init_install_ram_vector_table
                0x0000000010001bfc       0x1c CMakeFiles/main.dir/home/ryan/pico/pico-sdk/src/rp2_common/pico_runtime_init/runtime_init.c.obj
                0x0000000010001bfc                runtime_init_install_ram_vector_table
 .text.runtime_init_clocks
                0x0000000010001c18       0xd8 CMakeFiles/main.dir/home/ryan/pico/pico-sdk/src/rp2_common/pico_runtime_init/runtime_init_clocks.c.obj
                0x0000000010001c18                runtime_init_clocks
 .text          0x0000000010001cf0       0x10 CMakeFiles/main.dir/home/ryan/pico/pico-sdk/src/rp2_common/pico_bit_ops/bit_ops_aeabi.S.obj
 .text.rom_func_lookup
                0x0000000010001d00       0x10 CMakeFiles/main.dir/home/ryan/pico/pico-sdk/src/rp2_common/pico_bootrom/bootrom.c.obj
                0x0000000010001d00                rom_func_lookup
 .text.rom_data_lookup
                0x0000000010001d10       0x10 CMakeFiles/main.dir/home/ryan/pico/pico-sdk/src/rp2_common/pico_bootrom/bootrom.c.obj
                0x0000000010001d10                rom_data_lookup
 .text.rom_funcs_lookup
                0x0000000010001d20       0x44 CMakeFiles/main.dir/home/ryan/pico/pico-sdk/src/rp2_common/pico_bootrom/bootrom.c.obj
                0x0000000010001d20                rom_funcs_lookup
 .text.rom_reset_usb_boot
                0x0000000010001d64       0x20 CMakeFiles/main.dir/home/ryan/pico/pico-sdk/src/rp2_common/pico_bootrom/bootrom.c.obj
                0x0000000010001d64                rom_reset_usb_boot
 .text.__wrap___aeabi_idiv
                0x0000000010001d84       0x50 CMakeFiles/main.dir/home/ryan/pico/pico-sdk/src/rp2_common/pico_divider/divider_hardware.S.obj
                0x0000000010001d84                __wrap___aeabi_idivmod
                0x0000000010001d84                divmod_s32s32
                0x0000000010001d84                div_s32s32
                0x0000000010001d84                __wrap___aeabi_idiv
                0x0000000010001d8c                divmod_s32s32_unsafe
                0x0000000010001db8                divmod_s32s32_savestate
 .text.__wrap___aeabi_uidiv
                0x0000000010001dd4       0x4c CMakeFiles/main.dir/home/ryan/pico/pico-sdk/src/rp2_common/pico_divider/divider_hardware.S.obj
                0x0000000010001dd4                __wrap___aeabi_uidiv
                0x0000000010001dd4                __wrap___aeabi_uidivmod
                0x0000000010001dd4                div_u32u32
                0x0000000010001dd4                divmod_u32u32
                0x0000000010001ddc                divmod_u32u32_unsafe
                0x0000000010001e04                divmod_u32u32_savestate
 .text.__wrap___aeabi_ldiv
                0x0000000010001e20      0x424 CMakeFiles/main.dir/home/ryan/pico/pico-sdk/src/rp2_common/pico_divider/divider_hardware.S.obj
                0x0000000010001e20                div_s64s64
                0x0000000010001e20                divmod_s64s64
                0x0000000010001e20                __wrap___aeabi_ldivmod
                0x0000000010001e50                div_u64u64
                0x0000000010001e50                divmod_u64u64
                0x0000000010001e50                __wrap___aeabi_uldivmod
                0x0000000010001e60                divmod_u64u64_savestate
                0x0000000010001e80                divmod_s64s64_unsafe
                0x0000000010001f08                divmod_u64u64_unsafe
 .text.push_r8_r11
                0x0000000010002244        0xc CMakeFiles/main.dir/home/ryan/pico/pico-sdk/src/rp2_common/pico_double/double_aeabi_rp2040.S.obj
                0x0000000010002244                push_r8_r11
 .text.pop_r8_r11
                0x0000000010002250        0xc CMakeFiles/main.dir/home/ryan/pico/pico-sdk/src/rp2_common/pico_double/double_aeabi_rp2040.S.obj
                0x0000000010002250                pop_r8_r11
 .text.__wrap___aeabi_darithmetic
                0x000000001000225c       0x80 CMakeFiles/main.dir/home/ryan/pico/pico-sdk/src/rp2_common/pico_double/double_aeabi_rp2040.S.obj
                0x000000001000225c                __wrap___aeabi_drsub
                0x0000000010002262                __wrap___aeabi_dsub
                0x0000000010002274                __wrap___aeabi_dadd
                0x0000000010002286                __wrap___aeabi_ddiv
                0x00000000100022c2                __wrap___aeabi_dmul
 .text.__wrap___aeabi_cdcmple
                0x00000000100022dc       0x6c CMakeFiles/main.dir/home/ryan/pico/pico-sdk/src/rp2_common/pico_double/double_aeabi_rp2040.S.obj
                0x00000000100022dc                __wrap___aeabi_cdrcmple
                0x00000000100022ec                __wrap___aeabi_cdcmple
                0x00000000100022ec                __wrap___aeabi_cdcmpeq
 .text.__wrap___aeabi_dcmplt
                0x0000000010002348        0xc CMakeFiles/main.dir/home/ryan/pico/pico-sdk/src/rp2_common/pico_double/double_aeabi_rp2040.S.obj
                0x0000000010002348                __wrap___aeabi_dcmplt
 .text.__wrap___aeabi_dcmple
                0x0000000010002354       0x10 CMakeFiles/main.dir/home/ryan/pico/pico-sdk/src/rp2_common/pico_double/double_aeabi_rp2040.S.obj
                0x0000000010002354                __wrap___aeabi_dcmple
 .text.__wrap___aeabi_dcmpge
                0x0000000010002364       0x10 CMakeFiles/main.dir/home/ryan/pico/pico-sdk/src/rp2_common/pico_double/double_aeabi_rp2040.S.obj
                0x0000000010002364                __wrap___aeabi_dcmpge
 .text.__wrap___aeabi_dcmpgt
                0x0000000010002374        0xa CMakeFiles/main.dir/home/ryan/pico/pico-sdk/src/rp2_common/pico_double/double_aeabi_rp2040.S.obj
                0x0000000010002374                __wrap___aeabi_dcmpgt
 .text.__wrap___aeabi_dcmpun
                0x000000001000237e       0x18 CMakeFiles/main.dir/home/ryan/pico/pico-sdk/src/rp2_common/pico_double/double_aeabi_rp2040.S.obj
                0x000000001000237e                __wrap___aeabi_dcmpun
 *fill*         0x0000000010002396        0x2 
 .text.__wrap___aeabi_i2d
                0x0000000010002398       0x38 CMakeFiles/main.dir/home/ryan/pico/pico-sdk/src/rp2_common/pico_double/double_aeabi_rp2040.S.obj
                0x0000000010002398                __wrap___aeabi_ui2d
                0x00000000100023a0                __wrap___aeabi_i2d
 .text.__wrap___aeabi_d2iz
                0x00000000100023d0       0x48 CMakeFiles/main.dir/home/ryan/pico/pico-sdk/src/rp2_common/pico_double/double_aeabi_rp2040.S.obj
                0x00000000100023d0                __wrap___aeabi_d2iz
                0x00000000100023d0                double2int_z
 .text.__wrap___aeabi_d2uiz
                0x0000000010002418       0x18 CMakeFiles/main.dir/home/ryan/pico/pico-sdk/src/rp2_common/pico_double/double_aeabi_rp2040.S.obj
                0x0000000010002418                double2uint
                0x0000000010002418                __wrap___aeabi_d2uiz
 .text.__wrap___aeabi_ul2d
                0x0000000010002430       0x18 CMakeFiles/main.dir/home/ryan/pico/pico-sdk/src/rp2_common/pico_double/double_aeabi_rp2040.S.obj
                0x0000000010002430                __wrap___aeabi_ul2d
 .text.__wrap_srqt
                0x0000000010002448       0x18 CMakeFiles/main.dir/home/ryan/pico/pico-sdk/src/rp2_common/pico_double/double_aeabi_rp2040.S.obj
                0x0000000010002448                __wrap_sqrt
 .text.__wrap_atan2
                0x0000000010002460       0x18 CMakeFiles/main.dir/home/ryan/pico/pico-sdk/src/rp2_common/pico_double/double_aeabi_rp2040.S.obj
                0x0000000010002460                __wrap_atan2
 .text.__aeabi_double_init
                0x0000000010002478       0xa0 CMakeFiles/main.dir/home/ryan/pico/pico-sdk/src/rp2_common/pico_double/double_init_rom_rp2040.c.obj
                0x0000000010002478                __aeabi_double_init
 .text.__wrap_hypot
                0x0000000010002518      0x1ac CMakeFiles/main.dir/home/ryan/pico/pico-sdk/src/rp2_common/pico_double/double_math.c.obj
                0x0000000010002518                __wrap_hypot
 .text.double_table_shim_on_use_helper
                0x00000000100026c4       0x2c CMakeFiles/main.dir/home/ryan/pico/pico-sdk/src/rp2_common/pico_double/double_v1_rom_shim_rp2040.S.obj
                0x00000000100026c4                double_table_shim_on_use_helper
 .text.__wrap___aeabi_dsub
                0x00000000100026f0       0x10 CMakeFiles/main.dir/home/ryan/pico/pico-sdk/src/rp2_common/pico_double/double_v1_rom_shim_rp2040.S.obj
                0x00000000100026f0                drsub_shim
                0x00000000100026f6                dsub_shim
 .text.dadd_shim
                0x0000000010002700      0x15c CMakeFiles/main.dir/home/ryan/pico/pico-sdk/src/rp2_common/pico_double/double_v1_rom_shim_rp2040.S.obj
                0x0000000010002700                dadd_shim
 .text.dmul_shim
                0x000000001000285c      0x15c CMakeFiles/main.dir/home/ryan/pico/pico-sdk/src/rp2_common/pico_double/double_v1_rom_shim_rp2040.S.obj
                0x000000001000285c                dmul_shim
 .text.ddiv_shim
                0x00000000100029b8      0x1b0 CMakeFiles/main.dir/home/ryan/pico/pico-sdk/src/rp2_common/pico_double/double_v1_rom_shim_rp2040.S.obj
                0x00000000100029b8                ddiv_shim
 .text.dsqrt_shim
                0x0000000010002b68      0x1a8 CMakeFiles/main.dir/home/ryan/pico/pico-sdk/src/rp2_common/pico_double/double_v1_rom_shim_rp2040.S.obj
                0x0000000010002b84                dsqrt_shim
 .text.dcordic_vec_step
                0x0000000010002d10        0xe CMakeFiles/main.dir/home/ryan/pico/pico-sdk/src/rp2_common/pico_double/double_v1_rom_shim_rp2040.S.obj
                0x0000000010002d10                dcordic_vec_step
 .text.dcordic_rot_step
                0x0000000010002d1e       0x76 CMakeFiles/main.dir/home/ryan/pico/pico-sdk/src/rp2_common/pico_double/double_v1_rom_shim_rp2040.S.obj
                0x0000000010002d1e                dcordic_rot_step
 .text.double2uint_shim
                0x0000000010002d94        0xe CMakeFiles/main.dir/home/ryan/pico/pico-sdk/src/rp2_common/pico_double/double_v1_rom_shim_rp2040.S.obj
                0x0000000010002d94                double2uint_shim
                0x0000000010002d96                double2ufix_shim
 .text.double2int64_shim
                0x0000000010002da2       0x1a CMakeFiles/main.dir/home/ryan/pico/pico-sdk/src/rp2_common/pico_double/double_v1_rom_shim_rp2040.S.obj
                0x0000000010002da2                double2int64_shim
                0x0000000010002da4                double2fix64_shim
 .text.double2uint64_shim
                0x0000000010002dbc       0x70 CMakeFiles/main.dir/home/ryan/pico/pico-sdk/src/rp2_common/pico_double/double_v1_rom_shim_rp2040.S.obj
                0x0000000010002dbc                double2uint64_shim
                0x0000000010002dbe                double2ufix64_shim
                0x0000000010002dde                d2fix_a
 .text.x2double_shims
                0x0000000010002e2c       0x90 CMakeFiles/main.dir/home/ryan/pico/pico-sdk/src/rp2_common/pico_double/double_v1_rom_shim_rp2040.S.obj
                0x0000000010002e2c                uint2double_shim
                0x0000000010002e2e                ufix2double_shim
                0x0000000010002e34                int2double_shim
                0x0000000010002e36                fix2double_shim
                0x0000000010002e3c                uint642double_shim
                0x0000000010002e3e                ufix642double_shim
                0x0000000010002e44                int642double_shim
                0x0000000010002e46                fix642double_shim
 .text.dunpacks
                0x0000000010002ebc       0x3c CMakeFiles/main.dir/home/ryan/pico/pico-sdk/src/rp2_common/pico_double/double_v1_rom_shim_rp2040.S.obj
                0x0000000010002ebc                dunpacks
 .text.dreduce  0x0000000010002ef8       0x82 CMakeFiles/main.dir/home/ryan/pico/pico-sdk/src/rp2_common/pico_double/double_v1_rom_shim_rp2040.S.obj
                0x0000000010002ef8                dreduce
 *fill*         0x0000000010002f7a        0x2 
 .text.dtrig_guts
                0x0000000010002f7c      0x2ec CMakeFiles/main.dir/home/ryan/pico/pico-sdk/src/rp2_common/pico_double/double_v1_rom_shim_rp2040.S.obj
                0x0000000010003054                datan2_shim
 .text.__aeabi_lmul
                0x0000000010003268       0x32 CMakeFiles/main.dir/home/ryan/pico/pico-sdk/src/rp2_common/pico_int64_ops/pico_int64_ops_aeabi.S.obj
                0x0000000010003268                __wrap___aeabi_lmul
 *fill*         0x000000001000329a        0x2 
 .text.__aeabi_float_init
                0x000000001000329c       0x64 CMakeFiles/main.dir/home/ryan/pico/pico-sdk/src/rp2_common/pico_float/float_init_rom_rp2040.c.obj
                0x000000001000329c                __aeabi_float_init
 .text.float_table_shim_on_use_helper
                0x0000000010003300       0x2c CMakeFiles/main.dir/home/ryan/pico/pico-sdk/src/rp2_common/pico_float/float_v1_rom_shim_rp2040.S.obj
                0x0000000010003300                float_table_shim_on_use_helper
 .text          0x000000001000332c       0x10 CMakeFiles/main.dir/home/ryan/pico/pico-sdk/src/rp2_common/pico_mem_ops/mem_ops_aeabi.S.obj
                0x000000001000332c                __aeabi_mem_init
 .text.memset   0x000000001000333c        0xc CMakeFiles/main.dir/home/ryan/pico/pico-sdk/src/rp2_common/pico_mem_ops/mem_ops_aeabi.S.obj
                0x000000001000333c                __wrap_memset
 .text.memcpy   0x0000000010003348        0xc CMakeFiles/main.dir/home/ryan/pico/pico-sdk/src/rp2_common/pico_mem_ops/mem_ops_aeabi.S.obj
                0x0000000010003348                __wrap___aeabi_memcpy
                0x0000000010003348                __wrap_memcpy
 .text._out_null
                0x0000000010003354        0x4 CMakeFiles/main.dir/home/ryan/pico/pico-sdk/src/rp2_common/pico_printf/printf.c.obj
 .text._out_rev
                0x0000000010003358       0x9c CMakeFiles/main.dir/home/ryan/pico/pico-sdk/src/rp2_common/pico_printf/printf.c.obj
 .text._ntoa_format
                0x00000000100033f4      0x1cc CMakeFiles/main.dir/home/ryan/pico/pico-sdk/src/rp2_common/pico_printf/printf.c.obj
 .text._out_char
                0x00000000100035c0       0x10 CMakeFiles/main.dir/home/ryan/pico/pico-sdk/src/rp2_common/pico_printf/printf.c.obj
 .text._out_fct
                0x00000000100035d0       0x10 CMakeFiles/main.dir/home/ryan/pico/pico-sdk/src/rp2_common/pico_printf/printf.c.obj
 .text._etoa    0x00000000100035e0      0x44c CMakeFiles/main.dir/home/ryan/pico/pico-sdk/src/rp2_common/pico_printf/printf.c.obj
 .text._ftoa    0x0000000010003a2c      0x398 CMakeFiles/main.dir/home/ryan/pico/pico-sdk/src/rp2_common/pico_printf/printf.c.obj
 .text._vsnprintf
                0x0000000010003dc4      0xb04 CMakeFiles/main.dir/home/ryan/pico/pico-sdk/src/rp2_common/pico_printf/printf.c.obj
 .text.vfctprintf
                0x00000000100048c8       0x20 CMakeFiles/main.dir/home/ryan/pico/pico-sdk/src/rp2_common/pico_printf/printf.c.obj
                0x00000000100048c8                vfctprintf
 .text.weak_raw_vprintf
                0x00000000100048e8       0x30 CMakeFiles/main.dir/home/ryan/pico/pico-sdk/src/rp2_common/pico_printf/printf.c.obj
                0x00000000100048e8                weak_raw_vprintf
 .text._exit    0x0000000010004918        0x4 CMakeFiles/main.dir/home/ryan/pico/pico-sdk/src/rp2_common/pico_clib_interface/newlib_interface.c.obj
                0x0000000010004918                _exit
 .text.exit     0x000000001000491c        0x8 CMakeFiles/main.dir/home/ryan/pico/pico-sdk/src/rp2_common/pico_clib_interface/newlib_interface.c.obj
                0x000000001000491c                exit
 .text.runtime_init
                0x0000000010004924       0x2c CMakeFiles/main.dir/home/ryan/pico/pico-sdk/src/rp2_common/pico_clib_interface/newlib_interface.c.obj
                0x0000000010004924                runtime_init
 .text.stdio_out_chars_no_crlf
                0x0000000010004950       0x10 CMakeFiles/main.dir/home/ryan/pico/pico-sdk/src/rp2_common/pico_stdio/stdio.c.obj
 .text.stdio_out_chars_crlf
                0x0000000010004960       0xb4 CMakeFiles/main.dir/home/ryan/pico/pico-sdk/src/rp2_common/pico_stdio/stdio.c.obj
 .text.stdio_buffered_printer
                0x0000000010004a14       0x64 CMakeFiles/main.dir/home/ryan/pico/pico-sdk/src/rp2_common/pico_stdio/stdio.c.obj
 .text.stdio_put_string
                0x0000000010004a78      0x100 CMakeFiles/main.dir/home/ryan/pico/pico-sdk/src/rp2_common/pico_stdio/stdio.c.obj
                0x0000000010004a78                stdio_put_string
 .text.stdio_set_driver_enabled
                0x0000000010004b78       0x30 CMakeFiles/main.dir/home/ryan/pico/pico-sdk/src/rp2_common/pico_stdio/stdio.c.obj
                0x0000000010004b78                stdio_set_driver_enabled
 .text.stdio_init_all
                0x0000000010004ba8        0x8 CMakeFiles/main.dir/home/ryan/pico/pico-sdk/src/rp2_common/pico_stdio/stdio.c.obj
                0x0000000010004ba8                stdio_init_all
 .text.__wrap_putchar
                0x0000000010004bb0       0x98 CMakeFiles/main.dir/home/ryan/pico/pico-sdk/src/rp2_common/pico_stdio/stdio.c.obj
                0x0000000010004bb0                stdio_putchar
                0x0000000010004bb0                __wrap_putchar
 .text.__wrap_puts
                0x0000000010004c48       0x3c CMakeFiles/main.dir/home/ryan/pico/pico-sdk/src/rp2_common/pico_stdio/stdio.c.obj
                0x0000000010004c48                __wrap_puts
                0x0000000010004c48                stdio_puts
 .text.__wrap_vprintf
                0x0000000010004c84       0xd8 CMakeFiles/main.dir/home/ryan/pico/pico-sdk/src/rp2_common/pico_stdio/stdio.c.obj
                0x0000000010004c84                __wrap_vprintf
                0x0000000010004c84                stdio_vprintf
 .text.__wrap_printf
                0x0000000010004d5c       0x18 CMakeFiles/main.dir/home/ryan/pico/pico-sdk/src/rp2_common/pico_stdio/stdio.c.obj
                0x0000000010004d5c                stdio_printf
                0x0000000010004d5c                __wrap_printf
 .text.resetd_init
                0x0000000010004d74        0x4 CMakeFiles/main.dir/home/ryan/pico/pico-sdk/src/rp2_common/pico_stdio_usb/reset_interface.c.obj
 .text.resetd_reset
                0x0000000010004d78        0xc CMakeFiles/main.dir/home/ryan/pico/pico-sdk/src/rp2_common/pico_stdio_usb/reset_interface.c.obj
 .text.resetd_open
                0x0000000010004d84       0x28 CMakeFiles/main.dir/home/ryan/pico/pico-sdk/src/rp2_common/pico_stdio_usb/reset_interface.c.obj
 .text.resetd_xfer_cb
                0x0000000010004dac        0x4 CMakeFiles/main.dir/home/ryan/pico/pico-sdk/src/rp2_common/pico_stdio_usb/reset_interface.c.obj
 .text.resetd_control_xfer_cb
                0x0000000010004db0       0x54 CMakeFiles/main.dir/home/ryan/pico/pico-sdk/src/rp2_common/pico_stdio_usb/reset_interface.c.obj
 .text.tud_descriptor_bos_cb
                0x0000000010004e04        0x8 CMakeFiles/main.dir/home/ryan/pico/pico-sdk/src/rp2_common/pico_stdio_usb/reset_interface.c.obj
                0x0000000010004e04                tud_descriptor_bos_cb
 .text.tud_vendor_control_xfer_cb
                0x0000000010004e0c       0x34 CMakeFiles/main.dir/home/ryan/pico/pico-sdk/src/rp2_common/pico_stdio_usb/reset_interface.c.obj
                0x0000000010004e0c                tud_vendor_control_xfer_cb
 .text.usbd_app_driver_get_cb
                0x0000000010004e40        0xc CMakeFiles/main.dir/home/ryan/pico/pico-sdk/src/rp2_common/pico_stdio_usb/reset_interface.c.obj
                0x0000000010004e40                usbd_app_driver_get_cb
 .text.tud_cdc_line_coding_cb
                0x0000000010004e4c       0x28 CMakeFiles/main.dir/home/ryan/pico/pico-sdk/src/rp2_common/pico_stdio_usb/reset_interface.c.obj
                0x0000000010004e4c                tud_cdc_line_coding_cb
 .text.stdio_usb_set_chars_available_callback
                0x0000000010004e74       0x14 CMakeFiles/main.dir/home/ryan/pico/pico-sdk/src/rp2_common/pico_stdio_usb/stdio_usb.c.obj
                0x0000000010004e74                stdio_usb_set_chars_available_callback
 .text.usb_irq  0x0000000010004e88       0x10 CMakeFiles/main.dir/home/ryan/pico/pico-sdk/src/rp2_common/pico_stdio_usb/stdio_usb.c.obj
 .text.timer_task
                0x0000000010004e98       0x64 CMakeFiles/main.dir/home/ryan/pico/pico-sdk/src/rp2_common/pico_stdio_usb/stdio_usb.c.obj
 .text.stdio_usb_in_chars
                0x0000000010004efc       0x90 CMakeFiles/main.dir/home/ryan/pico/pico-sdk/src/rp2_common/pico_stdio_usb/stdio_usb.c.obj
                0x0000000010004efc                stdio_usb_in_chars
 .text.stdio_usb_out_flush
                0x0000000010004f8c       0x50 CMakeFiles/main.dir/home/ryan/pico/pico-sdk/src/rp2_common/pico_stdio_usb/stdio_usb.c.obj
 .text.stdio_usb_out_chars
                0x0000000010004fdc      0x100 CMakeFiles/main.dir/home/ryan/pico/pico-sdk/src/rp2_common/pico_stdio_usb/stdio_usb.c.obj
 .text.low_priority_worker_irq
                0x00000000100050dc       0xc8 CMakeFiles/main.dir/home/ryan/pico/pico-sdk/src/rp2_common/pico_stdio_usb/stdio_usb.c.obj
 .text.stdio_usb_init
                0x00000000100051a4       0xe4 CMakeFiles/main.dir/home/ryan/pico/pico-sdk/src/rp2_common/pico_stdio_usb/stdio_usb.c.obj
                0x00000000100051a4                stdio_usb_init
 .text.tud_descriptor_device_cb
                0x0000000010005288        0x8 CMakeFiles/main.dir/home/ryan/pico/pico-sdk/src/rp2_common/pico_stdio_usb/stdio_usb_descriptors.c.obj
                0x0000000010005288                tud_descriptor_device_cb
 .text.tud_descriptor_configuration_cb
                0x0000000010005290        0x8 CMakeFiles/main.dir/home/ryan/pico/pico-sdk/src/rp2_common/pico_stdio_usb/stdio_usb_descriptors.c.obj
                0x0000000010005290                tud_descriptor_configuration_cb
 .text.tud_descriptor_string_cb
                0x0000000010005298       0x74 CMakeFiles/main.dir/home/ryan/pico/pico-sdk/src/rp2_common/pico_stdio_usb/stdio_usb_descriptors.c.obj
                0x0000000010005298                tud_descriptor_string_cb
 .text.startup._retrieve_unique_id_on_boot
                0x000000001000530c       0x10 CMakeFiles/main.dir/home/ryan/pico/pico-sdk/src/rp2_common/pico_unique_id/unique_id.c.obj
 .text.pico_get_unique_board_id_string
                0x000000001000531c      0x1a8 CMakeFiles/main.dir/home/ryan/pico/pico-sdk/src/rp2_common/pico_unique_id/unique_id.c.obj
                0x000000001000531c                pico_get_unique_board_id_string
 .text.flash_get_unique_id
                0x00000000100054c4       0x40 CMakeFiles/main.dir/home/ryan/pico/pico-sdk/src/rp2_common/hardware_flash/flash.c.obj
                0x00000000100054c4                flash_get_unique_id
 .text.dcd_init
                0x0000000010005504       0x8c CMakeFiles/main.dir/home/ryan/pico/pico-sdk/lib/tinyusb/src/portable/raspberrypi/rp2040/dcd_rp2040.c.obj
                0x0000000010005504                dcd_init
 .text.dcd_int_enable
                0x0000000010005590        0xc CMakeFiles/main.dir/home/ryan/pico/pico-sdk/lib/tinyusb/src/portable/raspberrypi/rp2040/dcd_rp2040.c.obj
                0x0000000010005590                dcd_int_enable
 .text.dcd_set_address
                0x000000001000559c       0x14 CMakeFiles/main.dir/home/ryan/pico/pico-sdk/lib/tinyusb/src/portable/raspberrypi/rp2040/dcd_rp2040.c.obj
                0x000000001000559c                dcd_set_address
 .text.dcd_sof_enable
                0x00000000100055b0       0x1c CMakeFiles/main.dir/home/ryan/pico/pico-sdk/lib/tinyusb/src/portable/raspberrypi/rp2040/dcd_rp2040.c.obj
                0x00000000100055b0                dcd_sof_enable
 .text.dcd_edpt0_status_complete
                0x00000000100055cc       0x1c CMakeFiles/main.dir/home/ryan/pico/pico-sdk/lib/tinyusb/src/portable/raspberrypi/rp2040/dcd_rp2040.c.obj
                0x00000000100055cc                dcd_edpt0_status_complete
 .text.dcd_edpt_open
                0x00000000100055e8      0x108 CMakeFiles/main.dir/home/ryan/pico/pico-sdk/lib/tinyusb/src/portable/raspberrypi/rp2040/dcd_rp2040.c.obj
                0x00000000100055e8                dcd_edpt_open
 .text.dcd_edpt_close_all
                0x00000000100056f0        0x8 CMakeFiles/main.dir/home/ryan/pico/pico-sdk/lib/tinyusb/src/portable/raspberrypi/rp2040/dcd_rp2040.c.obj
                0x00000000100056f0                dcd_edpt_close_all
 .text.dcd_edpt_xfer
                0x00000000100056f8       0x24 CMakeFiles/main.dir/home/ryan/pico/pico-sdk/lib/tinyusb/src/portable/raspberrypi/rp2040/dcd_rp2040.c.obj
                0x00000000100056f8                dcd_edpt_xfer
 .text.dcd_edpt_stall
                0x000000001000571c       0x38 CMakeFiles/main.dir/home/ryan/pico/pico-sdk/lib/tinyusb/src/portable/raspberrypi/rp2040/dcd_rp2040.c.obj
                0x000000001000571c                dcd_edpt_stall
 .text.dcd_edpt_clear_stall
                0x0000000010005754       0x30 CMakeFiles/main.dir/home/ryan/pico/pico-sdk/lib/tinyusb/src/portable/raspberrypi/rp2040/dcd_rp2040.c.obj
                0x0000000010005754                dcd_edpt_clear_stall
 .text.rp2040_usb_init
                0x0000000010005784       0x40 CMakeFiles/main.dir/home/ryan/pico/pico-sdk/lib/tinyusb/src/portable/raspberrypi/rp2040/rp2040_usb.c.obj
                0x0000000010005784                rp2040_usb_init
 .text.hw_endpoint_xfer_start
                0x00000000100057c4       0x50 CMakeFiles/main.dir/home/ryan/pico/pico-sdk/lib/tinyusb/src/portable/raspberrypi/rp2040/rp2040_usb.c.obj
                0x00000000100057c4                hw_endpoint_xfer_start
 .text.tud_event_hook_cb
                0x0000000010005814        0x4 CMakeFiles/main.dir/home/ryan/pico/pico-sdk/lib/tinyusb/src/device/usbd.c.obj
                0x0000000010005814                tud_event_hook_cb
 .text.tud_sof_cb
                0x0000000010005818        0x4 CMakeFiles/main.dir/home/ryan/pico/pico-sdk/lib/tinyusb/src/device/usbd.c.obj
                0x0000000010005818                tud_sof_cb
 .text.tud_descriptor_device_qualifier_cb
                0x000000001000581c        0x4 CMakeFiles/main.dir/home/ryan/pico/pico-sdk/lib/tinyusb/src/device/usbd.c.obj
                0x000000001000581c                tud_descriptor_device_qualifier_cb
 .text.tud_descriptor_other_speed_configuration_cb
                0x0000000010005820        0x4 CMakeFiles/main.dir/home/ryan/pico/pico-sdk/lib/tinyusb/src/device/usbd.c.obj
                0x0000000010005820                tud_descriptor_other_speed_configuration_cb
 .text.tud_mount_cb
                0x0000000010005824        0x4 CMakeFiles/main.dir/home/ryan/pico/pico-sdk/lib/tinyusb/src/device/usbd.c.obj
                0x0000000010005824                tud_mount_cb
 .text.tud_umount_cb
                0x0000000010005828        0x4 CMakeFiles/main.dir/home/ryan/pico/pico-sdk/lib/tinyusb/src/device/usbd.c.obj
                0x0000000010005828                tud_umount_cb
 .text.tud_suspend_cb
                0x000000001000582c        0x4 CMakeFiles/main.dir/home/ryan/pico/pico-sdk/lib/tinyusb/src/device/usbd.c.obj
                0x000000001000582c                tud_suspend_cb
 .text.tud_resume_cb
                0x0000000010005830        0x4 CMakeFiles/main.dir/home/ryan/pico/pico-sdk/lib/tinyusb/src/device/usbd.c.obj
                0x0000000010005830                tud_resume_cb
 .text.tud_mounted
                0x0000000010005834       0x10 CMakeFiles/main.dir/home/ryan/pico/pico-sdk/lib/tinyusb/src/device/usbd.c.obj
                0x0000000010005834                tud_mounted
 .text.tud_suspended
                0x0000000010005844       0x10 CMakeFiles/main.dir/home/ryan/pico/pico-sdk/lib/tinyusb/src/device/usbd.c.obj
                0x0000000010005844                tud_suspended
 .text.tud_init
                0x0000000010005854       0xe4 CMakeFiles/main.dir/home/ryan/pico/pico-sdk/lib/tinyusb/src/device/usbd.c.obj
                0x0000000010005854                tud_init
 .text.tud_task_ext
                0x0000000010005938      0x800 CMakeFiles/main.dir/home/ryan/pico/pico-sdk/lib/tinyusb/src/device/usbd.c.obj
                0x0000000010005938                tud_task_ext
 .text.usbd_open_edpt_pair
                0x0000000010006138       0x9c CMakeFiles/main.dir/home/ryan/pico/pico-sdk/lib/tinyusb/src/device/usbd.c.obj
                0x0000000010006138                usbd_open_edpt_pair
 .text.usbd_edpt_open
                0x00000000100061d4       0x34 CMakeFiles/main.dir/home/ryan/pico/pico-sdk/lib/tinyusb/src/device/usbd.c.obj
                0x00000000100061d4                usbd_edpt_open
 .text.usbd_edpt_claim
                0x0000000010006208       0x28 CMakeFiles/main.dir/home/ryan/pico/pico-sdk/lib/tinyusb/src/device/usbd.c.obj
                0x0000000010006208                usbd_edpt_claim
 .text.usbd_edpt_release
                0x0000000010006230       0x28 CMakeFiles/main.dir/home/ryan/pico/pico-sdk/lib/tinyusb/src/device/usbd.c.obj
                0x0000000010006230                usbd_edpt_release
 .text.usbd_edpt_xfer
                0x0000000010006258       0x4c CMakeFiles/main.dir/home/ryan/pico/pico-sdk/lib/tinyusb/src/device/usbd.c.obj
                0x0000000010006258                usbd_edpt_xfer
 .text.tud_control_status
                0x00000000100062a4       0x30 CMakeFiles/main.dir/home/ryan/pico/pico-sdk/lib/tinyusb/src/device/usbd_control.c.obj
                0x00000000100062a4                tud_control_status
 .text.tud_control_xfer
                0x00000000100062d4       0xbc CMakeFiles/main.dir/home/ryan/pico/pico-sdk/lib/tinyusb/src/device/usbd_control.c.obj
                0x00000000100062d4                tud_control_xfer
 .text.usbd_control_reset
                0x0000000010006390       0x14 CMakeFiles/main.dir/home/ryan/pico/pico-sdk/lib/tinyusb/src/device/usbd_control.c.obj
                0x0000000010006390                usbd_control_reset
 .text.usbd_control_set_complete_callback
                0x00000000100063a4        0xc CMakeFiles/main.dir/home/ryan/pico/pico-sdk/lib/tinyusb/src/device/usbd_control.c.obj
                0x00000000100063a4                usbd_control_set_complete_callback
 .text.usbd_control_set_request
                0x00000000100063b0       0x1c CMakeFiles/main.dir/home/ryan/pico/pico-sdk/lib/tinyusb/src/device/usbd_control.c.obj
                0x00000000100063b0                usbd_control_set_request
 .text.usbd_control_xfer_cb
                0x00000000100063cc       0xf0 CMakeFiles/main.dir/home/ryan/pico/pico-sdk/lib/tinyusb/src/device/usbd_control.c.obj
                0x00000000100063cc                usbd_control_xfer_cb
 .text._prep_out_transaction.isra.0
                0x00000000100064bc       0x5c CMakeFiles/main.dir/home/ryan/pico/pico-sdk/lib/tinyusb/src/class/cdc/cdc_device.c.obj
 .text.tud_cdc_n_connected
                0x0000000010006518       0x30 CMakeFiles/main.dir/home/ryan/pico/pico-sdk/lib/tinyusb/src/class/cdc/cdc_device.c.obj
                0x0000000010006518                tud_cdc_n_connected
 .text.tud_cdc_n_available
                0x0000000010006548       0x18 CMakeFiles/main.dir/home/ryan/pico/pico-sdk/lib/tinyusb/src/class/cdc/cdc_device.c.obj
                0x0000000010006548                tud_cdc_n_available
 .text.tud_cdc_n_read
                0x0000000010006560       0x98 CMakeFiles/main.dir/home/ryan/pico/pico-sdk/lib/tinyusb/src/class/cdc/cdc_device.c.obj
                0x0000000010006560                tud_cdc_n_read
 .text.tud_cdc_n_write_flush
                0x00000000100065f8       0x78 CMakeFiles/main.dir/home/ryan/pico/pico-sdk/lib/tinyusb/src/class/cdc/cdc_device.c.obj
                0x00000000100065f8                tud_cdc_n_write_flush
 .text.tud_cdc_n_write
                0x0000000010006670       0x44 CMakeFiles/main.dir/home/ryan/pico/pico-sdk/lib/tinyusb/src/class/cdc/cdc_device.c.obj
                0x0000000010006670                tud_cdc_n_write
 .text.tud_cdc_n_write_available
                0x00000000100066b4       0x18 CMakeFiles/main.dir/home/ryan/pico/pico-sdk/lib/tinyusb/src/class/cdc/cdc_device.c.obj
                0x00000000100066b4                tud_cdc_n_write_available
 .text.cdcd_init
                0x00000000100066cc       0x7c CMakeFiles/main.dir/home/ryan/pico/pico-sdk/lib/tinyusb/src/class/cdc/cdc_device.c.obj
                0x00000000100066cc                cdcd_init
 .text.cdcd_deinit
                0x0000000010006748       0x24 CMakeFiles/main.dir/home/ryan/pico/pico-sdk/lib/tinyusb/src/class/cdc/cdc_device.c.obj
                0x0000000010006748                cdcd_deinit
 .text.cdcd_reset
                0x000000001000676c       0x4c CMakeFiles/main.dir/home/ryan/pico/pico-sdk/lib/tinyusb/src/class/cdc/cdc_device.c.obj
                0x000000001000676c                cdcd_reset
 .text.cdcd_open
                0x00000000100067b8       0xb4 CMakeFiles/main.dir/home/ryan/pico/pico-sdk/lib/tinyusb/src/class/cdc/cdc_device.c.obj
                0x00000000100067b8                cdcd_open
 .text.cdcd_control_xfer_cb
                0x000000001000686c       0xe4 CMakeFiles/main.dir/home/ryan/pico/pico-sdk/lib/tinyusb/src/class/cdc/cdc_device.c.obj
                0x000000001000686c                cdcd_control_xfer_cb
 .text.cdcd_xfer_cb
                0x0000000010006950       0xfc CMakeFiles/main.dir/home/ryan/pico/pico-sdk/lib/tinyusb/src/class/cdc/cdc_device.c.obj
                0x0000000010006950                cdcd_xfer_cb
 .text.tud_vendor_n_write_flush
                0x0000000010006a4c       0x78 CMakeFiles/main.dir/home/ryan/pico/pico-sdk/lib/tinyusb/src/class/vendor/vendor_device.c.obj
                0x0000000010006a4c                tud_vendor_n_write_flush
 .text.vendord_init
                0x0000000010006ac4       0x64 CMakeFiles/main.dir/home/ryan/pico/pico-sdk/lib/tinyusb/src/class/vendor/vendor_device.c.obj
                0x0000000010006ac4                vendord_init
 .text.vendord_deinit
                0x0000000010006b28       0x24 CMakeFiles/main.dir/home/ryan/pico/pico-sdk/lib/tinyusb/src/class/vendor/vendor_device.c.obj
                0x0000000010006b28                vendord_deinit
 .text.vendord_reset
                0x0000000010006b4c       0x1c CMakeFiles/main.dir/home/ryan/pico/pico-sdk/lib/tinyusb/src/class/vendor/vendor_device.c.obj
                0x0000000010006b4c                vendord_reset
 .text.vendord_open
                0x0000000010006b68       0xc8 CMakeFiles/main.dir/home/ryan/pico/pico-sdk/lib/tinyusb/src/class/vendor/vendor_device.c.obj
                0x0000000010006b68                vendord_open
 .text.vendord_xfer_cb
                0x0000000010006c30       0xc8 CMakeFiles/main.dir/home/ryan/pico/pico-sdk/lib/tinyusb/src/class/vendor/vendor_device.c.obj
                0x0000000010006c30                vendord_xfer_cb
 .text.tusb_init
                0x0000000010006cf8        0xc CMakeFiles/main.dir/home/ryan/pico/pico-sdk/lib/tinyusb/src/tusb.c.obj
                0x0000000010006cf8                tusb_init
 .text.tu_edpt_claim
                0x0000000010006d04       0x50 CMakeFiles/main.dir/home/ryan/pico/pico-sdk/lib/tinyusb/src/tusb.c.obj
                0x0000000010006d04                tu_edpt_claim
 .text.tu_edpt_release
                0x0000000010006d54       0x38 CMakeFiles/main.dir/home/ryan/pico/pico-sdk/lib/tinyusb/src/tusb.c.obj
                0x0000000010006d54                tu_edpt_release
 .text.tu_edpt_validate
                0x0000000010006d8c       0x78 CMakeFiles/main.dir/home/ryan/pico/pico-sdk/lib/tinyusb/src/tusb.c.obj
                0x0000000010006d8c                tu_edpt_validate
 .text.tu_edpt_bind_driver
                0x0000000010006e04       0x34 CMakeFiles/main.dir/home/ryan/pico/pico-sdk/lib/tinyusb/src/tusb.c.obj
                0x0000000010006e04                tu_edpt_bind_driver
 .text.tu_fifo_config
                0x0000000010006e38       0x70 CMakeFiles/main.dir/home/ryan/pico/pico-sdk/lib/tinyusb/src/common/tusb_fifo.c.obj
                0x0000000010006e38                tu_fifo_config
 .text.tu_fifo_count
                0x0000000010006ea8       0x2c CMakeFiles/main.dir/home/ryan/pico/pico-sdk/lib/tinyusb/src/common/tusb_fifo.c.obj
                0x0000000010006ea8                tu_fifo_count
 .text.tu_fifo_empty
                0x0000000010006ed4       0x10 CMakeFiles/main.dir/home/ryan/pico/pico-sdk/lib/tinyusb/src/common/tusb_fifo.c.obj
                0x0000000010006ed4                tu_fifo_empty
 .text.tu_fifo_remaining
                0x0000000010006ee4       0x2c CMakeFiles/main.dir/home/ryan/pico/pico-sdk/lib/tinyusb/src/common/tusb_fifo.c.obj
                0x0000000010006ee4                tu_fifo_remaining
 .text.tu_fifo_read
                0x0000000010006f10       0xa0 CMakeFiles/main.dir/home/ryan/pico/pico-sdk/lib/tinyusb/src/common/tusb_fifo.c.obj
                0x0000000010006f10                tu_fifo_read
 .text.tu_fifo_read_n
                0x0000000010006fb0       0xec CMakeFiles/main.dir/home/ryan/pico/pico-sdk/lib/tinyusb/src/common/tusb_fifo.c.obj
                0x0000000010006fb0                tu_fifo_read_n
 .text.tu_fifo_write
                0x000000001000709c       0x88 CMakeFiles/main.dir/home/ryan/pico/pico-sdk/lib/tinyusb/src/common/tusb_fifo.c.obj
                0x000000001000709c                tu_fifo_write
 .text.tu_fifo_write_n
                0x0000000010007124      0x168 CMakeFiles/main.dir/home/ryan/pico/pico-sdk/lib/tinyusb/src/common/tusb_fifo.c.obj
                0x0000000010007124                tu_fifo_write_n
 .text.tu_fifo_clear
                0x000000001000728c       0x40 CMakeFiles/main.dir/home/ryan/pico/pico-sdk/lib/tinyusb/src/common/tusb_fifo.c.obj
                0x000000001000728c                tu_fifo_clear
 .text.tu_fifo_set_overwritable
                0x00000000100072cc       0x48 CMakeFiles/main.dir/home/ryan/pico/pico-sdk/lib/tinyusb/src/common/tusb_fifo.c.obj
                0x00000000100072cc                tu_fifo_set_overwritable
 .text.i2c_set_baudrate
                0x0000000010007314       0xc0 CMakeFiles/main.dir/home/ryan/pico/pico-sdk/src/rp2_common/hardware_i2c/i2c.c.obj
                0x0000000010007314                i2c_set_baudrate
 .text.i2c_init
                0x00000000100073d4       0x54 CMakeFiles/main.dir/home/ryan/pico/pico-sdk/src/rp2_common/hardware_i2c/i2c.c.obj
                0x00000000100073d4                i2c_init
 .text.i2c_write_blocking
                0x0000000010007428       0xd0 CMakeFiles/main.dir/home/ryan/pico/pico-sdk/src/rp2_common/hardware_i2c/i2c.c.obj
                0x0000000010007428                i2c_write_blocking
 .text.i2c_read_blocking
                0x00000000100074f8       0xac CMakeFiles/main.dir/home/ryan/pico/pico-sdk/src/rp2_common/hardware_i2c/i2c.c.obj
                0x00000000100074f8                i2c_read_blocking
 .text          0x00000000100075a4       0x5c /usr/lib/gcc/arm-none-eabi/10.3.1/../../../arm-none-eabi/lib/thumb/v6-m/nofp/libg.a(lib_a-strlen-stub.o)
                0x00000000100075a4                strlen
 *(.fini)
 .fini          0x0000000010007600        0x4 /usr/lib/gcc/arm-none-eabi/10.3.1/thumb/v6-m/nofp/crti.o
                0x0000000010007600                _fini
 *fill*         0x0000000010007604        0x4 
 .fini.__stub   0x0000000010007608       0xd0 linker stubs
 *crtbegin.o(.ctors)
 *crtbegin?.o(.ctors)
 *(EXCLUDE_FILE(*crtend.o *crtend?.o) .ctors)
 *(SORT_BY_NAME(.ctors.*))
 *(.ctors)
 *crtbegin.o(.dtors)
 *crtbegin?.o(.dtors)
 *(EXCLUDE_FILE(*crtend.o *crtend?.o) .dtors)
 *(SORT_BY_NAME(.dtors.*))
 *(.dtors)
                0x00000000100076d8                . = ALIGN (0x4)
                0x00000000100076d8                PROVIDE (__preinit_array_start = .)
 *(SORT_BY_NAME(.preinit_array.*))
 .preinit_array.00100
                0x00000000100076d8        0x4 CMakeFiles/main.dir/home/ryan/pico/pico-sdk/src/rp2_common/pico_runtime_init/runtime_init.c.obj
                0x00000000100076d8                __pre_init_runtime_init_early_resets
 .preinit_array.00101
                0x00000000100076dc        0x4 CMakeFiles/main.dir/home/ryan/pico/pico-sdk/src/rp2_common/pico_runtime_init/runtime_init.c.obj
                0x00000000100076dc                __pre_init_runtime_init_usb_power_down
 .preinit_array.00275
                0x00000000100076e0        0x4 CMakeFiles/main.dir/home/ryan/pico/pico-sdk/src/rp2_common/pico_bit_ops/bit_ops_aeabi.S.obj
 .preinit_array.00300
                0x00000000100076e4        0x4 CMakeFiles/main.dir/home/ryan/pico/pico-sdk/src/rp2_common/pico_mem_ops/mem_ops_aeabi.S.obj
 .preinit_array.00350
                0x00000000100076e8        0x4 CMakeFiles/main.dir/home/ryan/pico/pico-sdk/src/rp2_common/pico_double/double_aeabi_rp2040.S.obj
 .preinit_array.00350
                0x00000000100076ec        0x4 CMakeFiles/main.dir/home/ryan/pico/pico-sdk/src/rp2_common/pico_float/float_aeabi_rp2040.S.obj
 .preinit_array.00500
                0x00000000100076f0        0x4 CMakeFiles/main.dir/home/ryan/pico/pico-sdk/src/rp2_common/pico_runtime_init/runtime_init.c.obj
                0x00000000100076f0                __pre_init_runtime_init_clocks
 .preinit_array.00600
                0x00000000100076f4        0x4 CMakeFiles/main.dir/home/ryan/pico/pico-sdk/src/rp2_common/pico_runtime_init/runtime_init.c.obj
                0x00000000100076f4                __pre_init_runtime_init_post_clock_resets
 .preinit_array.00700
                0x00000000100076f8        0x4 CMakeFiles/main.dir/home/ryan/pico/pico-sdk/src/rp2_common/pico_runtime_init/runtime_init.c.obj
                0x00000000100076f8                __pre_init_runtime_init_rp2040_gpio_ie_disable
 .preinit_array.01000
                0x00000000100076fc        0x4 CMakeFiles/main.dir/home/ryan/pico/pico-sdk/src/rp2_common/pico_runtime_init/runtime_init.c.obj
                0x00000000100076fc                __pre_init_runtime_init_spin_locks_reset
 .preinit_array.01100
                0x0000000010007700        0x4 CMakeFiles/main.dir/home/ryan/pico/pico-sdk/src/common/pico_sync/mutex.c.obj
                0x0000000010007700                __pre_init_runtime_init_mutex
 .preinit_array.10080
                0x0000000010007704        0x4 CMakeFiles/main.dir/home/ryan/pico/pico-sdk/src/rp2_common/pico_runtime_init/runtime_init.c.obj
                0x0000000010007704                __pre_init_runtime_init_install_ram_vector_table
 .preinit_array.11000
                0x0000000010007708        0x4 CMakeFiles/main.dir/home/ryan/pico/pico-sdk/src/common/pico_time/time.c.obj
                0x0000000010007708                __pre_init_runtime_init_default_alarm_pool
 .preinit_array.YYYYY
                0x000000001000770c        0x4 CMakeFiles/main.dir/home/ryan/pico/pico-sdk/src/rp2_common/pico_runtime/runtime.c.obj
                0x000000001000770c                __pre_init_first_per_core_initializer
 .preinit_array.ZZZZZ.01200
                0x0000000010007710        0x4 CMakeFiles/main.dir/home/ryan/pico/pico-sdk/src/rp2_common/hardware_irq/irq.c.obj
                0x0000000010007710                __pre_init_runtime_init_per_core_irq_priorities
 *(.preinit_array)
                0x0000000010007714                PROVIDE (__preinit_array_end = .)
                0x0000000010007714                . = ALIGN (0x4)
                0x0000000010007714                PROVIDE (__init_array_start = .)
 *(SORT_BY_NAME(.init_array.*))
 *(.init_array)
 .init_array    0x0000000010007714        0x4 /usr/lib/gcc/arm-none-eabi/10.3.1/thumb/v6-m/nofp/crtbegin.o
 .init_array    0x0000000010007718        0x4 CMakeFiles/main.dir/home/ryan/pico/pico-sdk/src/rp2_common/pico_unique_id/unique_id.c.obj
                0x000000001000771c                PROVIDE (__init_array_end = .)
                0x000000001000771c                . = ALIGN (0x4)
                0x000000001000771c                PROVIDE (__fini_array_start = .)
 *(SORT_BY_NAME(.fini_array.*))
 *(.fini_array)
                0x000000001000771c                PROVIDE (__fini_array_end = .)
 *(.eh_frame*)
 .eh_frame      0x000000001000771c        0x0 /usr/lib/gcc/arm-none-eabi/10.3.1/thumb/v6-m/nofp/crtbegin.o
                0x000000001000771c                . = ALIGN (0x4)

.glue_7         0x000000001000771c        0x0
 .glue_7        0x000000001000771c        0x0 linker stubs

.glue_7t        0x000000001000771c        0x0
 .glue_7t       0x000000001000771c        0x0 linker stubs

.vfp11_veneer   0x000000001000771c        0x0
 .vfp11_veneer  0x000000001000771c        0x0 linker stubs

.v4_bx          0x000000001000771c        0x0
 .v4_bx         0x000000001000771c        0x0 linker stubs

.iplt           0x000000001000771c        0x0
 .iplt          0x000000001000771c        0x0 /usr/lib/gcc/arm-none-eabi/10.3.1/thumb/v6-m/nofp/crtbegin.o

.rodata         0x0000000010007720      0x648
 *(EXCLUDE_FILE(*libm.a: *libc.a:*lib_a-mem*.o *libgcc.a:) .rodata*)
 .rodata.main.str1.4
                0x0000000010007720        0xb CMakeFiles/main.dir/main.cpp.obj
 *fill*         0x000000001000772b        0x1 
 .rodata.panic.str1.4
                0x000000001000772c       0x12 CMakeFiles/main.dir/home/ryan/pico/pico-sdk/src/rp2_common/pico_platform_panic/panic.c.obj
 *fill*         0x000000001000773e        0x2 
 .rodata.spin_lock_claim_unused.str1.4
                0x0000000010007740       0x1b CMakeFiles/main.dir/home/ryan/pico/pico-sdk/src/rp2_common/hardware_sync/sync.c.obj
 *fill*         0x000000001000775b        0x1 
 .rodata.user_irq_claim_unused.str1.4
                0x000000001000775c       0x1b CMakeFiles/main.dir/home/ryan/pico/pico-sdk/src/rp2_common/hardware_irq/irq.c.obj
 *fill*         0x0000000010007777        0x1 
 .rodata.timer_hardware_alarm_claim.str1.4
                0x0000000010007778       0x22 CMakeFiles/main.dir/home/ryan/pico/pico-sdk/src/rp2_common/hardware_timer/timer.c.obj
 *fill*         0x000000001000779a        0x2 
 .rodata.hard_assertion_failure.str1.4
                0x000000001000779c        0xc CMakeFiles/main.dir/home/ryan/pico/pico-sdk/src/rp2_common/pico_runtime/runtime.c.obj
 .rodata.str1.4
                0x00000000100077a8       0x2c CMakeFiles/main.dir/home/ryan/pico/pico-sdk/src/rp2_common/pico_standard_binary_info/standard_binary_info.c.obj
 .rodata.__bi_26
                0x00000000100077d4        0xc CMakeFiles/main.dir/home/ryan/pico/pico-sdk/src/rp2_common/pico_standard_binary_info/standard_binary_info.c.obj
 .rodata.__bi_34
                0x00000000100077e0        0xc CMakeFiles/main.dir/home/ryan/pico/pico-sdk/src/rp2_common/pico_standard_binary_info/standard_binary_info.c.obj
 .rodata.__bi_42
                0x00000000100077ec        0xc CMakeFiles/main.dir/home/ryan/pico/pico-sdk/src/rp2_common/pico_standard_binary_info/standard_binary_info.c.obj
 .rodata.__bi_48
                0x00000000100077f8        0xc CMakeFiles/main.dir/home/ryan/pico/pico-sdk/src/rp2_common/pico_standard_binary_info/standard_binary_info.c.obj
 .rodata.__bi_54
                0x0000000010007804        0xc CMakeFiles/main.dir/home/ryan/pico/pico-sdk/src/rp2_common/pico_standard_binary_info/standard_binary_info.c.obj
 .rodata.__bi_84
                0x0000000010007810        0xc CMakeFiles/main.dir/home/ryan/pico/pico-sdk/src/rp2_common/pico_standard_binary_info/standard_binary_info.c.obj
 .rodata._ftoa.str1.4
                0x000000001000781c       0x15 CMakeFiles/main.dir/home/ryan/pico/pico-sdk/src/rp2_common/pico_printf/printf.c.obj
 *fill*         0x0000000010007831        0x3 
 .rodata._vsnprintf
                0x0000000010007834      0x1e0 CMakeFiles/main.dir/home/ryan/pico/pico-sdk/src/rp2_common/pico_printf/printf.c.obj
 *fill*         0x0000000010007a14        0x4 
 .rodata.pow10.0
                0x0000000010007a18       0x50 CMakeFiles/main.dir/home/ryan/pico/pico-sdk/src/rp2_common/pico_printf/printf.c.obj
 .rodata.crlf_str.0
                0x0000000010007a68        0x2 CMakeFiles/main.dir/home/ryan/pico/pico-sdk/src/rp2_common/pico_stdio/stdio.c.obj
 *fill*         0x0000000010007a6a        0x2 
 .rodata._resetd_driver
                0x0000000010007a6c       0x20 CMakeFiles/main.dir/home/ryan/pico/pico-sdk/src/rp2_common/pico_stdio_usb/reset_interface.c.obj
 .rodata.desc_bos
                0x0000000010007a8c       0x21 CMakeFiles/main.dir/home/ryan/pico/pico-sdk/src/rp2_common/pico_stdio_usb/reset_interface.c.obj
                0x0000000010007a8c                desc_bos
 *fill*         0x0000000010007aad        0x3 
 .rodata.desc_ms_os_20
                0x0000000010007ab0       0xa6 CMakeFiles/main.dir/home/ryan/pico/pico-sdk/src/rp2_common/pico_stdio_usb/reset_interface.c.obj
 *fill*         0x0000000010007b56        0x2 
 .rodata.str1.4
                0x0000000010007b58       0x13 CMakeFiles/main.dir/home/ryan/pico/pico-sdk/src/rp2_common/pico_stdio_usb/stdio_usb.c.obj
 *fill*         0x0000000010007b6b        0x1 
 .rodata.__bi_197.0
                0x0000000010007b6c        0xc CMakeFiles/main.dir/home/ryan/pico/pico-sdk/src/rp2_common/pico_stdio_usb/stdio_usb.c.obj
 .rodata.str1.4
                0x0000000010007b78       0x2a CMakeFiles/main.dir/home/ryan/pico/pico-sdk/src/rp2_common/pico_stdio_usb/stdio_usb_descriptors.c.obj
 *fill*         0x0000000010007ba2        0x2 
 .rodata.usbd_desc_cfg
                0x0000000010007ba4       0x54 CMakeFiles/main.dir/home/ryan/pico/pico-sdk/src/rp2_common/pico_stdio_usb/stdio_usb_descriptors.c.obj
 .rodata.usbd_desc_device
                0x0000000010007bf8       0x12 CMakeFiles/main.dir/home/ryan/pico/pico-sdk/src/rp2_common/pico_stdio_usb/stdio_usb_descriptors.c.obj
 *fill*         0x0000000010007c0a        0x2 
 .rodata.usbd_desc_str
                0x0000000010007c0c       0x18 CMakeFiles/main.dir/home/ryan/pico/pico-sdk/src/rp2_common/pico_stdio_usb/stdio_usb_descriptors.c.obj
 .rodata.str1.4
                0x0000000010007c24       0x14 CMakeFiles/main.dir/home/ryan/pico/pico-sdk/lib/tinyusb/src/portable/raspberrypi/rp2040/dcd_rp2040.c.obj
 .rodata.str1.4
                0x0000000010007c38       0x48 CMakeFiles/main.dir/home/ryan/pico/pico-sdk/lib/tinyusb/src/portable/raspberrypi/rp2040/rp2040_usb.c.obj
 .rodata.tud_task_ext
                0x0000000010007c80       0x8c CMakeFiles/main.dir/home/ryan/pico/pico-sdk/lib/tinyusb/src/device/usbd.c.obj
 .rodata        0x0000000010007d0c       0x1c CMakeFiles/main.dir/home/ryan/pico/pico-sdk/lib/tinyusb/src/device/usbd.c.obj
 .rodata._usbd_driver
                0x0000000010007d28       0x40 CMakeFiles/main.dir/home/ryan/pico/pico-sdk/lib/tinyusb/src/device/usbd.c.obj
                0x0000000010007d68                . = ALIGN (0x4)
 *(SORT_BY_ALIGNMENT(SORT_BY_NAME(.flashdata*)))
                0x0000000010007d68                . = ALIGN (0x4)

.ARM.extab
 *(.ARM.extab* .gnu.linkonce.armextab.*)
                0x0000000010007d68                __exidx_start = .

.ARM.exidx
 *(.ARM.exidx* .gnu.linkonce.armexidx.*)
                0x0000000010007d68                __exidx_end = .
                0x0000000010007d68                . = ALIGN (0x4)
                0x0000000010007d68                __binary_info_start = .

.binary_info    0x0000000010007d68       0x1c
 *(.binary_info.keep.*)
 .binary_info.keep.__bi_ptr26
                0x0000000010007d68        0x4 CMakeFiles/main.dir/home/ryan/pico/pico-sdk/src/rp2_common/pico_standard_binary_info/standard_binary_info.c.obj
 .binary_info.keep.__bi_ptr34
                0x0000000010007d6c        0x4 CMakeFiles/main.dir/home/ryan/pico/pico-sdk/src/rp2_common/pico_standard_binary_info/standard_binary_info.c.obj
 .binary_info.keep.__bi_ptr42
                0x0000000010007d70        0x4 CMakeFiles/main.dir/home/ryan/pico/pico-sdk/src/rp2_common/pico_standard_binary_info/standard_binary_info.c.obj
 .binary_info.keep.__bi_ptr48
                0x0000000010007d74        0x4 CMakeFiles/main.dir/home/ryan/pico/pico-sdk/src/rp2_common/pico_standard_binary_info/standard_binary_info.c.obj
 .binary_info.keep.__bi_ptr54
                0x0000000010007d78        0x4 CMakeFiles/main.dir/home/ryan/pico/pico-sdk/src/rp2_common/pico_standard_binary_info/standard_binary_info.c.obj
 .binary_info.keep.__bi_ptr84
                0x0000000010007d7c        0x4 CMakeFiles/main.dir/home/ryan/pico/pico-sdk/src/rp2_common/pico_standard_binary_info/standard_binary_info.c.obj
 *(.binary_info.*)
 .binary_info.__bi_ptr197
                0x0000000010007d80        0x4 CMakeFiles/main.dir/home/ryan/pico/pico-sdk/src/rp2_common/pico_stdio_usb/stdio_usb.c.obj
                0x0000000010007d84                __binary_info_end = .

.rel.dyn        0x0000000010007d84        0x0
 .rel.iplt      0x0000000010007d84        0x0 /usr/lib/gcc/arm-none-eabi/10.3.1/thumb/v6-m/nofp/crtbegin.o
                0x0000000010007d84                . = ALIGN (0x4)

.ram_vector_table
                0x0000000020000000       0xc0
 *(.ram_vector_table)
 .ram_vector_table
                0x0000000020000000       0xc0 CMakeFiles/main.dir/home/ryan/pico/pico-sdk/src/rp2_common/pico_runtime_init/runtime_init.c.obj
                0x0000000020000000                ram_vector_table

.uninitialized_data
                0x00000000200000c0        0x0
                0x00000000200000c0                . = ALIGN (0x4)
 *(.uninitialized_data*)

.data           0x00000000200000c0     0x1008 load address 0x0000000010007d84
                0x00000000200000c0                __data_start__ = .
 *(vtable)
 *(.time_critical*)
 .time_critical.mutex_try_enter
                0x00000000200000c0       0x44 CMakeFiles/main.dir/home/ryan/pico/pico-sdk/src/common/pico_sync/mutex.c.obj
                0x00000000200000c0                mutex_try_enter
 .time_critical.mutex_try_enter_block_until
                0x0000000020000104       0x9c CMakeFiles/main.dir/home/ryan/pico/pico-sdk/src/common/pico_sync/mutex.c.obj
                0x0000000020000104                mutex_try_enter_block_until
 .time_critical.mutex_enter_timeout_ms
                0x00000000200001a0       0x90 CMakeFiles/main.dir/home/ryan/pico/pico-sdk/src/common/pico_sync/mutex.c.obj
                0x00000000200001a0                mutex_enter_timeout_ms
 .time_critical.mutex_exit
                0x0000000020000230       0x28 CMakeFiles/main.dir/home/ryan/pico/pico-sdk/src/common/pico_sync/mutex.c.obj
                0x0000000020000230                mutex_exit
 .time_critical.flash_init_boot2_copyout
                0x0000000020000258       0x30 CMakeFiles/main.dir/home/ryan/pico/pico-sdk/src/rp2_common/hardware_flash/flash.c.obj
 .time_critical.flash_enable_xip_via_boot2
                0x0000000020000288       0x10 CMakeFiles/main.dir/home/ryan/pico/pico-sdk/src/rp2_common/hardware_flash/flash.c.obj
 .time_critical.flash_cs_force
                0x0000000020000298       0x38 CMakeFiles/main.dir/home/ryan/pico/pico-sdk/src/rp2_common/hardware_flash/flash.c.obj
 .time_critical.flash_do_cmd
                0x00000000200002d0       0xc4 CMakeFiles/main.dir/home/ryan/pico/pico-sdk/src/rp2_common/hardware_flash/flash.c.obj
                0x00000000200002d0                flash_do_cmd
 .time_critical.reset_non_control_endpoints
                0x0000000020000394       0xbc CMakeFiles/main.dir/home/ryan/pico/pico-sdk/lib/tinyusb/src/portable/raspberrypi/rp2040/dcd_rp2040.c.obj
 .time_critical.hw_handle_buff_status
                0x0000000020000450       0xa8 CMakeFiles/main.dir/home/ryan/pico/pico-sdk/lib/tinyusb/src/portable/raspberrypi/rp2040/dcd_rp2040.c.obj
 .time_critical.dcd_rp2040_irq
                0x00000000200004f8      0x554 CMakeFiles/main.dir/home/ryan/pico/pico-sdk/lib/tinyusb/src/portable/raspberrypi/rp2040/dcd_rp2040.c.obj
 .time_critical.prepare_ep_buffer
                0x0000000020000a4c       0xf4 CMakeFiles/main.dir/home/ryan/pico/pico-sdk/lib/tinyusb/src/portable/raspberrypi/rp2040/rp2040_usb.c.obj
 .time_critical.sync_ep_buffer
                0x0000000020000b40       0xb4 CMakeFiles/main.dir/home/ryan/pico/pico-sdk/lib/tinyusb/src/portable/raspberrypi/rp2040/rp2040_usb.c.obj
 .time_critical._hw_endpoint_xfer_sync
                0x0000000020000bf4       0x28 CMakeFiles/main.dir/home/ryan/pico/pico-sdk/lib/tinyusb/src/portable/raspberrypi/rp2040/rp2040_usb.c.obj
 .time_critical.e15_is_bulkin_ep
                0x0000000020000c1c       0x28 CMakeFiles/main.dir/home/ryan/pico/pico-sdk/lib/tinyusb/src/portable/raspberrypi/rp2040/rp2040_usb.c.obj
 .time_critical.e15_is_critical_frame_period
                0x0000000020000c44       0x34 CMakeFiles/main.dir/home/ryan/pico/pico-sdk/lib/tinyusb/src/portable/raspberrypi/rp2040/rp2040_usb.c.obj
 .time_critical.hw_endpoint_reset_transfer
                0x0000000020000c78        0xc CMakeFiles/main.dir/home/ryan/pico/pico-sdk/lib/tinyusb/src/portable/raspberrypi/rp2040/rp2040_usb.c.obj
                0x0000000020000c78                hw_endpoint_reset_transfer
 .time_critical._hw_endpoint_buffer_control_update32
                0x0000000020000c84       0x50 CMakeFiles/main.dir/home/ryan/pico/pico-sdk/lib/tinyusb/src/portable/raspberrypi/rp2040/rp2040_usb.c.obj
                0x0000000020000c84                _hw_endpoint_buffer_control_update32
 .time_critical.hw_endpoint_start_next_buffer
                0x0000000020000cd4       0x6c CMakeFiles/main.dir/home/ryan/pico/pico-sdk/lib/tinyusb/src/portable/raspberrypi/rp2040/rp2040_usb.c.obj
                0x0000000020000cd4                hw_endpoint_start_next_buffer
 .time_critical.hw_endpoint_xfer_continue
                0x0000000020000d40       0x40 CMakeFiles/main.dir/home/ryan/pico/pico-sdk/lib/tinyusb/src/portable/raspberrypi/rp2040/rp2040_usb.c.obj
                0x0000000020000d40                hw_endpoint_xfer_continue
 .time_critical.tinyusb
                0x0000000020000d80      0x1f0 CMakeFiles/main.dir/home/ryan/pico/pico-sdk/lib/tinyusb/src/device/usbd.c.obj
                0x0000000020000d80                dcd_event_handler
 *(.text*)
 .text          0x0000000020000f70        0x4 /usr/lib/gcc/arm-none-eabi/10.3.1/thumb/v6-m/nofp/libgcc.a(_dvmd_tls.o)
                0x0000000020000f70                __aeabi_ldiv0
                0x0000000020000f70                __aeabi_idiv0
 *fill*         0x0000000020000f74        0x4 
 .text.__stub   0x0000000020000f78       0x80 linker stubs
                0x0000000020000ff8                . = ALIGN (0x4)
 *(.rodata*)
                0x0000000020000ff8                . = ALIGN (0x4)
 *(.data*)
 .data.striped_spin_lock_num
                0x0000000020000ff8        0x1 CMakeFiles/main.dir/home/ryan/pico/pico-sdk/src/rp2_common/hardware_sync/sync.c.obj
 *fill*         0x0000000020000ff9        0x3 
 .data          0x0000000020000ffc       0x48 CMakeFiles/main.dir/home/ryan/pico/pico-sdk/src/rp2_common/hardware_irq/irq_handler_chain.S.obj
                0x0000000020000ffc                irq_handler_chain_slots
                0x000000002000102c                irq_handler_chain_first_slot
                0x0000000020001036                irq_handler_chain_remove_tail
 .data.default_alarm_pool
                0x0000000020001044       0x18 CMakeFiles/main.dir/home/ryan/pico/pico-sdk/src/common/pico_time/time.c.obj
 *fill*         0x000000002000105c        0x4 
 .data.aeabi_bits_funcs
                0x0000000020001060       0x10 CMakeFiles/main.dir/home/ryan/pico/pico-sdk/src/rp2_common/pico_bit_ops/bit_ops_aeabi.S.obj
                0x0000000020001060                aeabi_bits_funcs
                0x0000000020001070                aeabi_bits_funcs_end
 .data.aeabi_mem_funcs
                0x0000000020001070       0x10 CMakeFiles/main.dir/home/ryan/pico/pico-sdk/src/rp2_common/pico_mem_ops/mem_ops_aeabi.S.obj
                0x0000000020001070                aeabi_mem_funcs
                0x0000000020001080                aeabi_mem_funcs_end
 .data.stdio_usb
                0x0000000020001080       0x18 CMakeFiles/main.dir/home/ryan/pico/pico-sdk/src/rp2_common/pico_stdio_usb/stdio_usb.c.obj
                0x0000000020001080                stdio_usb
 .data._usbd_qdef
                0x0000000020001098       0x1c CMakeFiles/main.dir/home/ryan/pico/pico-sdk/lib/tinyusb/src/device/usbd.c.obj
                0x0000000020001098                _usbd_qdef
 .data._usbd_rhport
                0x00000000200010b4        0x1 CMakeFiles/main.dir/home/ryan/pico/pico-sdk/lib/tinyusb/src/device/usbd.c.obj
 *fill*         0x00000000200010b5        0x3 
 .data.i2c0_inst
                0x00000000200010b8        0x8 CMakeFiles/main.dir/home/ryan/pico/pico-sdk/src/rp2_common/hardware_i2c/i2c.c.obj
                0x00000000200010b8                i2c0_inst
                0x00000000200010c0                . = ALIGN (0x4)
 *(.after_data.*)
                0x00000000200010c0                . = ALIGN (0x4)
                0x00000000200010c0                PROVIDE (__mutex_array_start = .)
 *(SORT_BY_NAME(.mutex_array.*))
 *(.mutex_array)
 .mutex_array   0x00000000200010c0        0x8 CMakeFiles/main.dir/home/ryan/pico/pico-sdk/src/rp2_common/pico_stdio/stdio.c.obj
                0x00000000200010c8                PROVIDE (__mutex_array_end = .)
                0x00000000200010c8                . = ALIGN (0x4)
 *(.jcr)
                0x00000000200010c8                . = ALIGN (0x4)

.tm_clone_table
                0x00000000200010c8        0x0 load address 0x0000000010008d8c
 .tm_clone_table
                0x00000000200010c8        0x0 /usr/lib/gcc/arm-none-eabi/10.3.1/thumb/v6-m/nofp/crtbegin.o
 .tm_clone_table
                0x00000000200010c8        0x0 /usr/lib/gcc/arm-none-eabi/10.3.1/thumb/v6-m/nofp/crtend.o

.igot.plt       0x00000000200010c8        0x0 load address 0x0000000010008d8c
 .igot.plt      0x00000000200010c8        0x0 /usr/lib/gcc/arm-none-eabi/10.3.1/thumb/v6-m/nofp/crtbegin.o

.tdata          0x00000000200010c8        0x0 load address 0x0000000010008d8c
                0x00000000200010c8                . = ALIGN (0x4)
 *(.tdata .tdata.* .gnu.linkonce.td.*)
                0x00000000200010c8                __tdata_end = .
                0x00000000200010c8                PROVIDE (__data_end__ = .)
                0x0000000010007d84                __etext = LOADADDR (.data)

.tbss           0x00000000200010c8        0x0 load address 0x0000000010008d8c
                0x00000000200010c8                . = ALIGN (0x4)
                0x00000000200010c8                __bss_start__ = .
                0x00000000200010c8                __tls_base = .
 *(.tbss .tbss.* .gnu.linkonce.tb.*)
 *(.tcommon)
                0x00000000200010c8                __tls_end = .

.bss            0x00000000200010c8     0x106c load address 0x0000000010008d8c
                0x00000000200010c8                . = ALIGN (0x4)
                0x00000000200010c8                __tbss_end = .
 *(SORT_BY_ALIGNMENT(SORT_BY_NAME(.bss*)))
 .bss.default_alarm_pool_entries
                0x00000000200010c8      0x180 CMakeFiles/main.dir/home/ryan/pico/pico-sdk/src/common/pico_time/time.c.obj
 .bss.last_avail_time.1
                0x0000000020001248        0x8 CMakeFiles/main.dir/home/ryan/pico/pico-sdk/src/rp2_common/pico_stdio_usb/stdio_usb.c.obj
 .bss.sd_table  0x0000000020001250      0x100 CMakeFiles/main.dir/home/ryan/pico/pico-sdk/src/rp2_common/pico_double/double_init_rom_rp2040.c.obj
                0x0000000020001250                sd_table
 .bss.sf_table  0x0000000020001350      0x100 CMakeFiles/main.dir/home/ryan/pico/pico-sdk/src/rp2_common/pico_float/float_init_rom_rp2040.c.obj
                0x0000000020001350                sf_table
 .bss           0x0000000020001450       0x1c /usr/lib/gcc/arm-none-eabi/10.3.1/thumb/v6-m/nofp/crtbegin.o
 .bss._app_driver
                0x000000002000146c        0x4 CMakeFiles/main.dir/home/ryan/pico/pico-sdk/lib/tinyusb/src/device/usbd.c.obj
 .bss._cdcd_fifo_cfg
                0x0000000020001470        0x1 CMakeFiles/main.dir/home/ryan/pico/pico-sdk/lib/tinyusb/src/class/cdc/cdc_device.c.obj
 *fill*         0x0000000020001471        0x3 
 .bss._cdcd_itf
                0x0000000020001474      0x2c8 CMakeFiles/main.dir/home/ryan/pico/pico-sdk/lib/tinyusb/src/class/cdc/cdc_device.c.obj
 .bss._ctrl_xfer
                0x000000002000173c       0x14 CMakeFiles/main.dir/home/ryan/pico/pico-sdk/lib/tinyusb/src/device/usbd_control.c.obj
 .bss._ubsd_mutexdef
                0x0000000020001750        0x8 CMakeFiles/main.dir/home/ryan/pico/pico-sdk/lib/tinyusb/src/device/usbd.c.obj
 .bss._usbd_ctrl_buf
                0x0000000020001758       0x40 CMakeFiles/main.dir/home/ryan/pico/pico-sdk/lib/tinyusb/src/device/usbd_control.c.obj
 .bss._usbd_dev
                0x0000000020001798       0x54 CMakeFiles/main.dir/home/ryan/pico/pico-sdk/lib/tinyusb/src/device/usbd.c.obj
 .bss._usbd_mutex
                0x00000000200017ec        0x4 CMakeFiles/main.dir/home/ryan/pico/pico-sdk/lib/tinyusb/src/device/usbd.c.obj
 .bss._usbd_q   0x00000000200017f0        0x4 CMakeFiles/main.dir/home/ryan/pico/pico-sdk/lib/tinyusb/src/device/usbd.c.obj
 .bss._usbd_qdef_buf
                0x00000000200017f4       0xc0 CMakeFiles/main.dir/home/ryan/pico/pico-sdk/lib/tinyusb/src/device/usbd.c.obj
                0x00000000200017f4                _usbd_qdef_buf
 .bss._vendord_itf
                0x00000000200018b4      0x2bc CMakeFiles/main.dir/home/ryan/pico/pico-sdk/lib/tinyusb/src/class/vendor/vendor_device.c.obj
 .bss.boot2_copyout
                0x0000000020001b70      0x100 CMakeFiles/main.dir/home/ryan/pico/pico-sdk/src/rp2_common/hardware_flash/flash.c.obj
 .bss.chars_available_callback
                0x0000000020001c70        0x4 CMakeFiles/main.dir/home/ryan/pico/pico-sdk/src/rp2_common/pico_stdio_usb/stdio_usb.c.obj
 .bss.chars_available_param
                0x0000000020001c74        0x4 CMakeFiles/main.dir/home/ryan/pico/pico-sdk/src/rp2_common/pico_stdio_usb/stdio_usb.c.obj
 .bss.claimed   0x0000000020001c78        0x4 CMakeFiles/main.dir/home/ryan/pico/pico-sdk/src/rp2_common/hardware_sync/sync.c.obj
 .bss.claimed   0x0000000020001c7c        0x1 CMakeFiles/main.dir/home/ryan/pico/pico-sdk/src/rp2_common/hardware_timer/timer.c.obj
 *fill*         0x0000000020001c7d        0x3 
 .bss.configured_freq
                0x0000000020001c80       0x28 CMakeFiles/main.dir/home/ryan/pico/pico-sdk/src/rp2_common/hardware_clocks/clocks.c.obj
 .bss.desc_str.0
                0x0000000020001ca8       0x28 CMakeFiles/main.dir/home/ryan/pico/pico-sdk/src/rp2_common/pico_stdio_usb/stdio_usb_descriptors.c.obj
 .bss.drivers   0x0000000020001cd0        0x4 CMakeFiles/main.dir/home/ryan/pico/pico-sdk/src/rp2_common/pico_stdio/stdio.c.obj
 .bss.e15_last_sof
                0x0000000020001cd4        0x4 CMakeFiles/main.dir/home/ryan/pico/pico-sdk/lib/tinyusb/src/portable/raspberrypi/rp2040/rp2040_usb.c.obj
                0x0000000020001cd4                e15_last_sof
 .bss.filter    0x0000000020001cd8        0x4 CMakeFiles/main.dir/home/ryan/pico/pico-sdk/src/rp2_common/pico_stdio/stdio.c.obj
 .bss.hw_endpoints
                0x0000000020001cdc      0x400 CMakeFiles/main.dir/home/ryan/pico/pico-sdk/lib/tinyusb/src/portable/raspberrypi/rp2040/dcd_rp2040.c.obj
 .bss.lazy_vsnprintf
                0x00000000200020dc        0x4 CMakeFiles/main.dir/home/ryan/pico/pico-sdk/src/rp2_common/pico_printf/printf.c.obj
 .bss.load_value
                0x00000000200020e0        0x4 CMakeFiles/main.dir/home/ryan/pico/pico-sdk/src/rp2_common/hardware_watchdog/watchdog.c.obj
 .bss.next_buffer_ptr
                0x00000000200020e4        0x4 CMakeFiles/main.dir/home/ryan/pico/pico-sdk/lib/tinyusb/src/portable/raspberrypi/rp2040/dcd_rp2040.c.obj
 .bss.one_shot_timer_crit_sec
                0x00000000200020e8        0x8 CMakeFiles/main.dir/home/ryan/pico/pico-sdk/src/rp2_common/pico_stdio_usb/stdio_usb.c.obj
 .bss.pools     0x00000000200020f0       0x10 CMakeFiles/main.dir/home/ryan/pico/pico-sdk/src/common/pico_time/time.c.obj
 .bss.retrieved_id
                0x0000000020002100        0x8 CMakeFiles/main.dir/home/ryan/pico/pico-sdk/src/rp2_common/pico_unique_id/unique_id.c.obj
 .bss.sf_clz_func
                0x0000000020002108        0x4 CMakeFiles/main.dir/home/ryan/pico/pico-sdk/src/rp2_common/pico_double/double_init_rom_rp2040.c.obj
                0x0000000020002108                sf_clz_func
 .bss.sleep_notifier
                0x000000002000210c        0x4 CMakeFiles/main.dir/home/ryan/pico/pico-sdk/src/common/pico_time/time.c.obj
 .bss.stdio_usb_mutex
                0x0000000020002110        0x8 CMakeFiles/main.dir/home/ryan/pico/pico-sdk/src/rp2_common/pico_stdio_usb/stdio_usb.c.obj
 .bss.usbd_serial_str
                0x0000000020002118       0x11 CMakeFiles/main.dir/home/ryan/pico/pico-sdk/src/rp2_common/pico_stdio_usb/stdio_usb_descriptors.c.obj
 .bss._app_driver_count
                0x0000000020002129        0x1 CMakeFiles/main.dir/home/ryan/pico/pico-sdk/lib/tinyusb/src/device/usbd.c.obj
 .bss._sof_enable
                0x000000002000212a        0x1 CMakeFiles/main.dir/home/ryan/pico/pico-sdk/lib/tinyusb/src/portable/raspberrypi/rp2040/dcd_rp2040.c.obj
 .bss._usbd_queued_setup
                0x000000002000212b        0x1 CMakeFiles/main.dir/home/ryan/pico/pico-sdk/lib/tinyusb/src/device/usbd.c.obj
 .bss.boot2_copyout_valid
                0x000000002000212c        0x1 CMakeFiles/main.dir/home/ryan/pico/pico-sdk/src/rp2_common/hardware_flash/flash.c.obj
 .bss.irq_handler_chain_free_slot_head
                0x000000002000212d        0x1 CMakeFiles/main.dir/home/ryan/pico/pico-sdk/src/rp2_common/hardware_irq/irq.c.obj
 .bss.itf_num   0x000000002000212e        0x1 CMakeFiles/main.dir/home/ryan/pico/pico-sdk/src/rp2_common/pico_stdio_usb/reset_interface.c.obj
 .bss.low_priority_irq_num
                0x000000002000212f        0x1 CMakeFiles/main.dir/home/ryan/pico/pico-sdk/src/rp2_common/pico_stdio_usb/stdio_usb.c.obj
 .bss.one_shot_timer_pending
                0x0000000020002130        0x1 CMakeFiles/main.dir/home/ryan/pico/pico-sdk/src/rp2_common/pico_stdio_usb/stdio_usb.c.obj
 .bss.user_irq_claimed
                0x0000000020002131        0x1 CMakeFiles/main.dir/home/ryan/pico/pico-sdk/src/rp2_common/hardware_irq/irq.c.obj
 *(COMMON)
                0x0000000020002134                . = ALIGN (0x4)
 *fill*         0x0000000020002132        0x2 
                0x0000000020002134                __bss_end__ = .

.heap           0x0000000020002134    0x3decc load address 0x0000000010008d8c
                0x0000000020002134                __end__ = .
                0x0000000020002134                end = __end__
 *(.heap*)
 .heap          0x0000000020002134      0x800 CMakeFiles/main.dir/home/ryan/pico/pico-sdk/src/rp2_common/pico_crt0/crt0.S.obj
                0x0000000020040000                . = (ORIGIN (RAM) + LENGTH (RAM))
 *fill*         0x0000000020002934    0x3d6cc 
                0x0000000020040000                __HeapLimit = .

.scratch_x      0x0000000020040000        0x0 load address 0x0000000010008d8c
                0x0000000020040000                __scratch_x_start__ = .
 *(.scratch_x.*)
                0x0000000020040000                . = ALIGN (0x4)
                0x0000000020040000                __scratch_x_end__ = .
                0x0000000010008d8c                __scratch_x_source__ = LOADADDR (.scratch_x)

.scratch_y      0x0000000020041000        0x0 load address 0x0000000010008d8c
                0x0000000020041000                __scratch_y_start__ = .
 *(.scratch_y.*)
                0x0000000020041000                . = ALIGN (0x4)
                0x0000000020041000                __scratch_y_end__ = .
                0x0000000010008d8c                __scratch_y_source__ = LOADADDR (.scratch_y)

.stack1_dummy   0x0000000020040000        0x0
 *(.stack1*)

.stack_dummy    0x0000000020041000      0x800
 *(.stack*)
 .stack         0x0000000020041000      0x800 CMakeFiles/main.dir/home/ryan/pico/pico-sdk/src/rp2_common/pico_crt0/crt0.S.obj

.flash_end      0x0000000010008d8c        0x0
 *(.embedded_end_block*)
                0x0000000010008d8c                PROVIDE (__flash_binary_end = .)
                0x0000000020040000                __StackLimit = (ORIGIN (RAM) + LENGTH (RAM))
                0x0000000020041000                __StackOneTop = (ORIGIN (SCRATCH_X) + LENGTH (SCRATCH_X))
                0x0000000020042000                __StackTop = (ORIGIN (SCRATCH_Y) + LENGTH (SCRATCH_Y))
                0x0000000020041000                __StackOneBottom = (__StackOneTop - SIZEOF (.stack1_dummy))
                0x0000000020041800                __StackBottom = (__StackTop - SIZEOF (.stack_dummy))
                0x0000000020042000                PROVIDE (__stack = __StackTop)
                [!provide]                        PROVIDE (__heap_start = __end__)
                [!provide]                        PROVIDE (__heap_end = __HeapLimit)
                [!provide]                        PROVIDE (__tls_align = MAX (ALIGNOF (.tdata), ALIGNOF (.tbss)))
                [!provide]                        PROVIDE (__tls_size_align = (((__tls_size + __tls_align) - 0x1) & ~ ((__tls_align - 0x1))))
                [!provide]                        PROVIDE (__arm32_tls_tcb_offset = MAX (0x8, __tls_align))
                [!provide]                        PROVIDE (_end = __end__)
                [!provide]                        PROVIDE (__llvm_libc_heap_limit = __HeapLimit)
                0x0000000000000001                ASSERT ((__StackLimit >= __HeapLimit), region RAM overflowed)
                0x0000000000000001                ASSERT (((__binary_info_header_end - __logical_binary_start) <= 0x100), Binary info must be in first 256 bytes of the binary)
LOAD CMakeFiles/main.dir/main.cpp.obj
LOAD CMakeFiles/main.dir/imu.cpp.obj
LOAD CMakeFiles/main.dir/home/ryan/pico/pico-sdk/src/rp2_common/pico_stdlib/stdlib.c.obj
LOAD CMakeFiles/main.dir/home/ryan/pico/pico-sdk/src/rp2_common/hardware_gpio/gpio.c.obj
LOAD CMakeFiles/main.dir/home/ryan/pico/pico-sdk/src/rp2040/pico_platform/platform.c.obj
LOAD CMakeFiles/main.dir/home/ryan/pico/pico-sdk/src/rp2_common/pico_platform_panic/panic.c.obj
LOAD CMakeFiles/main.dir/home/ryan/pico/pico-sdk/src/common/hardware_claim/claim.c.obj
LOAD CMakeFiles/main.dir/home/ryan/pico/pico-sdk/src/rp2_common/hardware_sync/sync.c.obj
LOAD CMakeFiles/main.dir/home/ryan/pico/pico-sdk/src/rp2_common/hardware_sync_spin_lock/sync_spin_lock.c.obj
LOAD CMakeFiles/main.dir/home/ryan/pico/pico-sdk/src/rp2_common/hardware_irq/irq.c.obj
LOAD CMakeFiles/main.dir/home/ryan/pico/pico-sdk/src/rp2_common/hardware_irq/irq_handler_chain.S.obj
LOAD CMakeFiles/main.dir/home/ryan/pico/pico-sdk/src/common/pico_sync/sem.c.obj
LOAD CMakeFiles/main.dir/home/ryan/pico/pico-sdk/src/common/pico_sync/lock_core.c.obj
LOAD CMakeFiles/main.dir/home/ryan/pico/pico-sdk/src/common/pico_sync/mutex.c.obj
LOAD CMakeFiles/main.dir/home/ryan/pico/pico-sdk/src/common/pico_sync/critical_section.c.obj
LOAD CMakeFiles/main.dir/home/ryan/pico/pico-sdk/src/common/pico_time/time.c.obj
LOAD CMakeFiles/main.dir/home/ryan/pico/pico-sdk/src/common/pico_time/timeout_helper.c.obj
LOAD CMakeFiles/main.dir/home/ryan/pico/pico-sdk/src/rp2_common/hardware_timer/timer.c.obj
LOAD CMakeFiles/main.dir/home/ryan/pico/pico-sdk/src/common/pico_util/datetime.c.obj
LOAD CMakeFiles/main.dir/home/ryan/pico/pico-sdk/src/common/pico_util/pheap.c.obj
LOAD CMakeFiles/main.dir/home/ryan/pico/pico-sdk/src/common/pico_util/queue.c.obj
LOAD CMakeFiles/main.dir/home/ryan/pico/pico-sdk/src/rp2_common/hardware_uart/uart.c.obj
LOAD CMakeFiles/main.dir/home/ryan/pico/pico-sdk/src/rp2_common/hardware_clocks/clocks.c.obj
LOAD CMakeFiles/main.dir/home/ryan/pico/pico-sdk/src/rp2_common/hardware_pll/pll.c.obj
LOAD CMakeFiles/main.dir/home/ryan/pico/pico-sdk/src/rp2_common/hardware_vreg/vreg.c.obj
LOAD CMakeFiles/main.dir/home/ryan/pico/pico-sdk/src/rp2_common/hardware_watchdog/watchdog.c.obj
LOAD CMakeFiles/main.dir/home/ryan/pico/pico-sdk/src/rp2_common/hardware_ticks/ticks.c.obj
LOAD CMakeFiles/main.dir/home/ryan/pico/pico-sdk/src/rp2_common/hardware_xosc/xosc.c.obj
LOAD CMakeFiles/main.dir/home/ryan/pico/pico-sdk/src/rp2_common/hardware_divider/divider.S.obj
LOAD CMakeFiles/main.dir/home/ryan/pico/pico-sdk/src/rp2_common/pico_runtime/runtime.c.obj
LOAD CMakeFiles/main.dir/home/ryan/pico/pico-sdk/src/rp2_common/pico_runtime_init/runtime_init.c.obj
LOAD CMakeFiles/main.dir/home/ryan/pico/pico-sdk/src/rp2_common/pico_runtime_init/runtime_init_clocks.c.obj